<html>
<body>
<pre>
<h1>µVision Build Log</h1>
<h2>Tool Versions:</h2>
IDE-Version: ¦ÌVision V5.14.0.0
Copyright (C) 2015 ARM Ltd and ARM Germany GmbH. All rights reserved.
License Information: Rui Huang, Rui, LIC=4ZLPC-73YX5-JMZ98-3M9XN-NP018-L0ZFF
 
Tool Versions:
Toolchain:       MDK-ARM Professional  Version: 5.14.0.0
Toolchain Path:  C:\Keil_v5\ARM\ARMCC\Bin
C Compiler:      Armcc.exe V5.05 update 1 (build 106)
Assembler:       Armasm.exe V5.05 update 1 (build 106)
Linker/Locator:  ArmLink.exe V5.05 update 1 (build 106)
Library Manager: ArmAr.exe V5.05 update 1 (build 106)
Hex Converter:   FromElf.exe V5.05 update 1 (build 106)
CPU DLL:         SARMCM3.DLL V5.14.0.0
Dialog DLL:      DCM.DLL V1.13.1.0
Target DLL:      Segger\JL2CM3.dll V2.99.13.0
Dialog DLL:      TCM.DLL V1.14.4.0
 
<h2>Project:</h2>
D:\Rui\104\20190124\USER\RS485.uvprojx
Project File Date:  01/25/2019

<h2>Output:</h2>
Rebuild target 'RS485'
compiling main.c...
main.c(120): warning:  #111-D: statement is unreachable
        MVBCStop(0);            
main.c(33): warning:  #177-D: variable "i" was declared but never referenced
        uint32_t i = 0;
main.c(35): warning:  #177-D: variable "rs485buf" was declared but never referenced
        u8 rs485buf[5]; 
main.c: 3 warnings, 0 errors
compiling stm32f4xx_it.c...
compiling system_stm32f4xx.c...
compiling led.c...
compiling rs485.c...
compiling localbus.c...
..\HARDWARE\LOCALBUS\localbus.c(167): warning:  #188-D: enumerated type mixed with another type
                GPIO_WriteBit(Localbus_WR_GPIO_type[pis], Localbus_WR_GPIO_pins[pis], bit);
..\HARDWARE\LOCALBUS\localbus.c(187): warning:  #177-D: variable "addr_base" was declared but never referenced
        uint16_t addr_offset, addr_base;
..\HARDWARE\LOCALBUS\localbus.c(235): warning:  #188-D: enumerated type mixed with another type
                GPIO_WriteBit(Localbus_ADDR_GPIO_type[pis], Localbus_ADDR_GPIO_pins[pis], bit);
..\HARDWARE\LOCALBUS\localbus.c(242): warning:  #188-D: enumerated type mixed with another type
                GPIO_WriteBit(Localbus_ADDR_GPIO_type[pis], Localbus_ADDR_GPIO_pins[pis], bit);
..\HARDWARE\LOCALBUS\localbus.c(296): warning:  #177-D: variable "temp" was declared but never referenced
        uint32_t *temp;
..\HARDWARE\LOCALBUS\localbus.c: 5 warnings, 0 errors
compiling timer.c...
compiling modbus.c...
..\HARDWARE\MODBUS_SLAVE\modbus.c(198): warning:  #177-D: variable "data" was declared but never referenced
        uint16_t data = 0;
..\HARDWARE\MODBUS_SLAVE\modbus.c: 1 warning, 0 errors
compiling delay.c...
compiling sys.c...
compiling usart.c...
..\SYSTEM\usart\usart.c(50): warning:  #940-D: missing return statement at end of non-void function "_sys_exit"
  } 
..\SYSTEM\usart\usart.c: 1 warning, 0 errors
assembling startup_stm32f40_41xxx.s...
compiling misc.c...
compiling stm32f4xx_gpio.c...
compiling stm32f4xx_fsmc.c...
compiling stm32f4xx_rcc.c...
compiling stm32f4xx_syscfg.c...
compiling stm32f4xx_usart.c...
compiling stm32f4xx_exti.c...
compiling stm32f4xx_tim.c...
compiling cl1_1.c...
..\DEMON\src\cl1_1.c(1404): warning:  #223-D: function "printf" declared implicitly
          printf("MVBC device status port FC15 address: 0x%x\r\n", (void*)(&p_srv_area->pp_pcs[TM_PP_FC15].word0.w));
..\DEMON\src\cl1_1.c(1471): warning:  #223-D: function "printf" declared implicitly
      printf("Reset MVBC, SCR 0x%x with 0x%x\r\n", (void*)(&p_ir->scr.w), local_scr.w);
..\DEMON\src\cl1_1.c(1683): warning:  #223-D: function "printf" declared implicitly
          printf("Hard init MVBC result = %d\r\n", result);
..\DEMON\src\cl1_1.c: 3 warnings, 0 errors
compiling demo11.c...
..\DEMON\src\demo11.c(27): warning:  #177-D: variable "sink_port_count" was declared but never referenced
        UNSIGNED16 sink_port_count = 0;
..\DEMON\src\demo11.c(201): warning:  #111-D: statement is unreachable
          MVBCStop(0);
..\DEMON\src\demo11.c(206): warning:  #1-D: last line of file ends without a newline
  }
..\DEMON\src\demo11.c(112): warning:  #177-D: variable "chi" was declared but never referenced
    int ch, chi;
..\DEMON\src\demo11.c: 4 warnings, 0 errors
compiling HOST_DEP.C...
linking...
Program Size: Code=17416 RO-data=1108 RW-data=364 ZI-data=8756  
FromELF: creating hex file...
"..\OBJ\RS485.axf" - 0 Error(s), 17 Warning(s).

<h2>Collection of Component include folders:</h2>
  D:\Rui\104\20190124\USER\RTE
  C:\Keil_v5\ARM\PACK\Keil\STM32F4xx_DFP\2.13.0

<h2>Collection of Component Files used:</h2>
</pre>
</body>
</html>
