<html>
<body>
<pre>
<h1>µVision Build Log</h1>
<h2>Tool Versions:</h2>
IDE-Version: ¦ÌVision V5.14.0.0
Copyright (C) 2015 ARM Ltd and ARM Germany GmbH. All rights reserved.
License Information: Rui Huang, Rui, LIC=4ZLPC-73YX5-JMZ98-3M9XN-NP018-L0ZFF
 
Tool Versions:
Toolchain:       MDK-ARM Professional  Version: 5.14.0.0
Toolchain Path:  C:\Keil_v5\ARM\ARMCC\Bin
C Compiler:      Armcc.exe V5.05 update 1 (build 106)
Assembler:       Armasm.exe V5.05 update 1 (build 106)
Linker/Locator:  ArmLink.exe V5.05 update 1 (build 106)
Library Manager: ArmAr.exe V5.05 update 1 (build 106)
Hex Converter:   FromElf.exe V5.05 update 1 (build 106)
CPU DLL:         SARMCM3.DLL V5.14.0.0
Dialog DLL:      DCM.DLL V1.13.1.0
Target DLL:      Segger\JL2CM3.dll V2.99.13.0
Dialog DLL:      TCM.DLL V1.14.4.0
 
<h2>Project:</h2>
D:\Rui\104\arm\Duagon\20190509\USER\RS485.uvprojx
Project File Date:  05/09/2019

<h2>Output:</h2>
Build target 'RS485'
compiling localbus.c...
..\HARDWARE\LOCALBUS\localbus.h(31): warning:  #1-D: last line of file ends without a newline
  #endif         
..\HARDWARE\LOCALBUS\localbus.c(177): warning:  #188-D: enumerated type mixed with another type
                GPIO_WriteBit(Localbus_WR_GPIO_type[pis], Localbus_WR_GPIO_pins[pis], bit);
..\HARDWARE\LOCALBUS\localbus.c(247): warning:  #188-D: enumerated type mixed with another type
                GPIO_WriteBit(Localbus_ADDR_GPIO_type[pis], Localbus_ADDR_GPIO_pins[pis], bit); 
..\HARDWARE\LOCALBUS\localbus.c(258): warning:  #188-D: enumerated type mixed with another type
                GPIO_WriteBit(Localbus_ADDR_GPIO_type[pis], Localbus_ADDR_GPIO_pins[pis], bit);
..\HARDWARE\LOCALBUS\localbus.c(263): warning:  #177-D: variable "i" was declared but never referenced
        uint8_t i = 50;
..\HARDWARE\LOCALBUS\localbus.c(315): warning:  #177-D: variable "i" was declared but never referenced
        uint8_t i = 50;
..\HARDWARE\LOCALBUS\localbus.c(370): warning:  #1-D: last line of file ends without a newline
  }
..\HARDWARE\LOCALBUS\localbus.c: 7 warnings, 0 errors
linking...
Program Size: Code=25538 RO-data=1058 RW-data=4656 ZI-data=8664  
FromELF: creating hex file...
"..\OBJ\RS485.axf" - 0 Error(s), 7 Warning(s).

<h2>Collection of Component include folders:</h2>
  D:\Rui\104\arm\Duagon\20190509\USER\RTE
  C:\Keil_v5\ARM\PACK\Keil\STM32F4xx_DFP\2.13.0

<h2>Collection of Component Files used:</h2>
</pre>
</body>
</html>
