Component: ARM Compiler 5.06 update 1 (build 61) Tool: armlink [4d35a8]

==============================================================================

Section Cross References

    main.o(.text) refers to misc.o(.text) for NVIC_PriorityGroupConfig
    main.o(.text) refers to delay.o(.text) for delay_init
    main.o(.text) refers to usart.o(.text) for uart_init
    main.o(.text) refers to rs485.o(.text) for RS485_Init
    main.o(.text) refers to demo11.o(.text) for MVB_Parameter_Init
    main.o(.text) refers to modbus.o(.text) for Modbus_Init
    main.o(.text) refers to localbus.o(.text) for Localbus_Exit_Init
    main.o(.text) refers to timer.o(.text) for TIM4_Int_Init
    main.o(.text) refers to iwdg.o(.text) for IWDG_Init
    main.o(.text) refers to main.o(.data) for .data
    system_stm32f4xx.o(.text) refers to system_stm32f4xx.o(.data) for .data
    mvb_typeset_test.o(.text) refers to demo11.o(.text) for check_port_event
    mvb_typeset_test.o(.text) refers to iwdg.o(.text) for wdt_fired
    mvb_typeset_test.o(.text) refers to rt_memcpy_v6.o(.text) for __aeabi_memcpy
    mvb_typeset_test.o(.text) refers to mvb_typeset_test.o(.data) for .data
    mvb_typeset_test.o(.text) refers to mvb_typeset_test.o(.bss) for .bss
    led.o(.text) refers to stm32f4xx_rcc.o(.text) for RCC_AHB1PeriphClockCmd
    led.o(.text) refers to stm32f4xx_gpio.o(.text) for GPIO_Init
    rs485.o(.text) refers to stm32f4xx_usart.o(.text) for USART_GetITStatus
    rs485.o(.text) refers to stm32f4xx_tim.o(.text) for TIM_ClearITPendingBit
    rs485.o(.text) refers to stm32f4xx_rcc.o(.text) for RCC_AHB1PeriphClockCmd
    rs485.o(.text) refers to stm32f4xx_gpio.o(.text) for GPIO_PinAFConfig
    rs485.o(.text) refers to misc.o(.text) for NVIC_Init
    rs485.o(.text) refers to rs485.o(.data) for .data
    rs485.o(.text) refers to rs485.o(.bss) for .bss
    localbus.o(.text) refers to stm32f4xx_rcc.o(.text) for RCC_AHB1PeriphClockCmd
    localbus.o(.text) refers to stm32f4xx_gpio.o(.text) for GPIO_Init
    localbus.o(.text) refers to stm32f4xx_tim.o(.text) for TIM_TimeBaseInit
    localbus.o(.text) refers to misc.o(.text) for NVIC_Init
    localbus.o(.text) refers to stm32f4xx_syscfg.o(.text) for SYSCFG_EXTILineConfig
    localbus.o(.text) refers to stm32f4xx_exti.o(.text) for EXTI_Init
    localbus.o(.text) refers to delay.o(.text) for delay_us
    localbus.o(.text) refers to localbus.o(.data) for .data
    localbus.o(.text) refers to localbus.o(.bss) for .bss
    timer.o(.text) refers to stm32f4xx_rcc.o(.text) for RCC_APB1PeriphClockCmd
    timer.o(.text) refers to stm32f4xx_tim.o(.text) for TIM_TimeBaseInit
    timer.o(.text) refers to misc.o(.text) for NVIC_Init
    timer.o(.text) refers to timer.o(.data) for .data
    modbus.o(.text) refers to stm32f4xx_rcc.o(.text) for RCC_APB1PeriphClockCmd
    modbus.o(.text) refers to stm32f4xx_tim.o(.text) for TIM_TimeBaseInit
    modbus.o(.text) refers to misc.o(.text) for NVIC_Init
    modbus.o(.text) refers to cl1_1.o(.text) for MVBCGetSCRIL
    modbus.o(.text) refers to rs485.o(.text) for RS485_Send_Data
    modbus.o(.text) refers to modbus.o(.constdata) for .constdata
    modbus.o(.text) refers to modbus.o(.data) for .data
    modbus.o(.text) refers to demo11.o(.bss) for pc104_data_buff
    modbus.o(.text) refers to rs485.o(.bss) for RS485_RX_BUFF
    modbus.o(.text) refers to rs485.o(.bss) for RS485_TX_BUFF
    modbus.o(.text) refers to rs485.o(.data) for RS485_RX_CNT
    delay.o(.text) refers to misc.o(.text) for SysTick_CLKSourceConfig
    delay.o(.text) refers to delay.o(.data) for .data
    usart.o(.rev16_text) refers (Special) to use_no_semi_2.o(.text) for __use_no_semihosting
    usart.o(.revsh_text) refers (Special) to use_no_semi_2.o(.text) for __use_no_semihosting
    usart.o(.text) refers (Special) to use_no_semi_2.o(.text) for __use_no_semihosting
    usart.o(.text) refers to stm32f4xx_rcc.o(.text) for RCC_AHB1PeriphClockCmd
    usart.o(.text) refers to stm32f4xx_gpio.o(.text) for GPIO_PinAFConfig
    usart.o(.text) refers to stm32f4xx_usart.o(.text) for USART_Init
    usart.o(.text) refers to misc.o(.text) for NVIC_Init
    usart.o(.text) refers to usart.o(.data) for .data
    usart.o(.text) refers to usart.o(.bss) for .bss
    usart.o(.bss) refers (Special) to use_no_semi_2.o(.text) for __use_no_semihosting
    usart.o(.data) refers (Special) to use_no_semi_2.o(.text) for __use_no_semihosting
    usart.o(.data) refers (Special) to use_no_semi_2.o(.text) for __use_no_semihosting
    iwdg.o(.text) refers to stm32f4xx_iwdg.o(.text) for IWDG_WriteAccessCmd
    startup_stm32f40_41xxx.o(STACK) refers (Special) to heapauxi.o(.text) for __use_two_region_memory
    startup_stm32f40_41xxx.o(HEAP) refers (Special) to heapauxi.o(.text) for __use_two_region_memory
    startup_stm32f40_41xxx.o(RESET) refers (Special) to heapauxi.o(.text) for __use_two_region_memory
[...]
    system_stm32f4xx.c                       0x00000000   Number         0  system_stm32f4xx.o ABSOLUTE
    system_stm32f4xx.c                       0x00000000   Number         0  system_stm32f4xx.o ABSOLUTE
    RESET                                    0x08000000   Section      392  startup_stm32f40_41xxx.o(RESET)
    !!!main                                  0x08000188   Section        8  __main.o(!!!main)
    !!!scatter                               0x08000190   Section       52  __scatter.o(!!!scatter)
    !!dczerorl2                              0x080001c4   Section       90  __dczerorl2.o(!!dczerorl2)
    !!handler_zi                             0x08000220   Section       28  __scatter_zi.o(!!handler_zi)
    .ARM.Collect$$_printf_percent$$00000000  0x0800023c   Section        0  _printf_percent.o(.ARM.Collect$$_printf_percent$$00000000)
    .ARM.Collect$$_printf_percent$$00000009  0x0800023c   Section        6  _printf_d.o(.ARM.Collect$$_printf_percent$$00000009)
    .ARM.Collect$$_printf_percent$$0000000C  0x08000242   Section        6  _printf_x.o(.ARM.Collect$$_printf_percent$$0000000C)
    .ARM.Collect$$_printf_percent$$00000014  0x08000248   Section        6  _printf_s.o(.ARM.Collect$$_printf_percent$$00000014)
    .ARM.Collect$$_printf_percent$$00000017  0x0800024e   Section        4  _printf_percent_end.o(.ARM.Collect$$_printf_percent$$00000017)
    .ARM.Collect$$libinit$$00000000          0x08000252   Section        2  libinit.o(.ARM.Collect$$libinit$$00000000)
    .ARM.Collect$$libinit$$00000001          0x08000254   Section        4  libinit2.o(.ARM.Collect$$libinit$$00000001)
    .ARM.Collect$$libinit$$00000004          0x08000258   Section        0  libinit2.o(.ARM.Collect$$libinit$$00000004)
    .ARM.Collect$$libinit$$0000000A          0x08000258   Section        0  libinit2.o(.ARM.Collect$$libinit$$0000000A)
    .ARM.Collect$$libinit$$0000000C          0x08000258   Section        0  libinit2.o(.ARM.Collect$$libinit$$0000000C)
    .ARM.Collect$$libinit$$0000000E          0x08000258   Section        0  libinit2.o(.ARM.Collect$$libinit$$0000000E)
    .ARM.Collect$$libinit$$00000011          0x08000258   Section        0  libinit2.o(.ARM.Collect$$libinit$$00000011)
    .ARM.Collect$$libinit$$00000013          0x08000258   Section        0  libinit2.o(.ARM.Collect$$libinit$$00000013)
    .ARM.Collect$$libinit$$00000015          0x08000258   Section        0  libinit2.o(.ARM.Collect$$libinit$$00000015)
    .ARM.Collect$$libinit$$00000017          0x08000258   Section        0  libinit2.o(.ARM.Collect$$libinit$$00000017)
    .ARM.Collect$$libinit$$00000019          0x08000258   Section        0  libinit2.o(.ARM.Collect$$libinit$$00000019)
    .ARM.Collect$$libinit$$0000001B          0x08000258   Section        0  libinit2.o(.ARM.Collect$$libinit$$0000001B)
    .ARM.Collect$$libinit$$0000001D          0x08000258   Section        0  libinit2.o(.ARM.Collect$$libinit$$0000001D)
    .ARM.Collect$$libinit$$0000001F          0x08000258   Section        0  libinit2.o(.ARM.Collect$$libinit$$0000001F)
    .ARM.Collect$$libinit$$00000021          0x08000258   Section        0  libinit2.o(.ARM.Collect$$libinit$$00000021)
    .ARM.Collect$$libinit$$00000023          0x08000258   Section        0  libinit2.o(.ARM.Collect$$libinit$$00000023)
    .ARM.Collect$$libinit$$00000025          0x08000258   Section        0  libinit2.o(.ARM.Collect$$libinit$$00000025)
    .ARM.Collect$$libinit$$0000002C          0x08000258   Section        0  libinit2.o(.ARM.Collect$$libinit$$0000002C)
    .ARM.Collect$$libinit$$0000002E          0x08000258   Section        0  libinit2.o(.ARM.Collect$$libinit$$0000002E)
    .ARM.Collect$$libinit$$00000030          0x08000258   Section        0  libinit2.o(.ARM.Collect$$libinit$$00000030)
    .ARM.Collect$$libinit$$00000032          0x08000258   Section        0  libinit2.o(.ARM.Collect$$libinit$$00000032)
    .ARM.Collect$$libinit$$00000033          0x08000258   Section        2  libinit2.o(.ARM.Collect$$libinit$$00000033)
    .ARM.Collect$$libshutdown$$00000000      0x0800025a   Section        2  libshutdown.o(.ARM.Collect$$libshutdown$$00000000)
    .ARM.Collect$$libshutdown$$00000002      0x0800025c   Section        0  libshutdown2.o(.ARM.Collect$$libshutdown$$00000002)
    .ARM.Collect$$libshutdown$$00000004      0x0800025c   Section        0  libshutdown2.o(.ARM.Collect$$libshutdown$$00000004)
    .ARM.Collect$$libshutdown$$00000007      0x0800025c   Section        0  libshutdown2.o(.ARM.Collect$$libshutdown$$00000007)
    .ARM.Collect$$libshutdown$$0000000A      0x0800025c   Section        0  libshutdown2.o(.ARM.Collect$$libshutdown$$0000000A)
    .ARM.Collect$$libshutdown$$0000000C      0x0800025c   Section        0  libshutdown2.o(.ARM.Collect$$libshutdown$$0000000C)
    .ARM.Collect$$libshutdown$$0000000F      0x0800025c   Section        0  libshutdown2.o(.ARM.Collect$$libshutdown$$0000000F)
    .ARM.Collect$$libshutdown$$00000010      0x0800025c   Section        2  libshutdown2.o(.ARM.Collect$$libshutdown$$00000010)
    .ARM.Collect$$rtentry$$00000000          0x0800025e   Section        0  __rtentry.o(.ARM.Collect$$rtentry$$00000000)
    .ARM.Collect$$rtentry$$00000002          0x0800025e   Section        0  __rtentry2.o(.ARM.Collect$$rtentry$$00000002)
    .ARM.Collect$$rtentry$$00000004          0x0800025e   Section        6  __rtentry4.o(.ARM.Collect$$rtentry$$00000004)
    .ARM.Collect$$rtentry$$00000009          0x08000264   Section        0  __rtentry2.o(.ARM.Collect$$rtentry$$00000009)
    .ARM.Collect$$rtentry$$0000000A          0x08000264   Section        4  __rtentry2.o(.ARM.Collect$$rtentry$$0000000A)
    .ARM.Collect$$rtentry$$0000000C          0x08000268   Section        0  __rtentry2.o(.ARM.Collect$$rtentry$$0000000C)
    .ARM.Collect$$rtentry$$0000000D          0x08000268   Section        8  __rtentry2.o(.ARM.Collect$$rtentry$$0000000D)
    .ARM.Collect$$rtexit$$00000000           0x08000270   Section        2  rtexit.o(.ARM.Collect$$rtexit$$00000000)
    .ARM.Collect$$rtexit$$00000002           0x08000272   Section        0  rtexit2.o(.ARM.Collect$$rtexit$$00000002)
    .ARM.Collect$$rtexit$$00000003           0x08000272   Section        4  rtexit2.o(.ARM.Collect$$rtexit$$00000003)
    .ARM.Collect$$rtexit$$00000004           0x08000276   Section        6  rtexit2.o(.ARM.Collect$$rtexit$$00000004)
    .text                                    0x0800027c   Section        0  main.o(.text)
    .text                                    0x08000330   Section        0  stm32f4xx_it.o(.text)
    .text                                    0x08000344   Section        0  system_stm32f4xx.o(.text)
    .text                                    0x080004d8   Section        0  rs485.o(.text)
    .text                                    0x08000668   Section        0  localbus.o(.text)
    .text                                    0x08000be0   Section        0  timer.o(.text)
    .text                                    0x08000d00   Section        0  modbus.o(.text)
    .text                                    0x0800128c   Section        0  delay.o(.text)
    .text                                    0x0800137c   Section        0  usart.o(.text)
    .text                                    0x080014b0   Section        0  iwdg.o(.text)
    .text                                    0x080014dc   Section       64  startup_stm32f40_41xxx.o(.text)
    $v0                                      0x080014dc   Number         0  startup_stm32f40_41xxx.o(.text)
    .text                                    0x0800151c   Section        0  misc.o(.text)
    .text                                    0x080015dc   Section        0  stm32f4xx_gpio.o(.text)
    .text                                    0x08001834   Section        0  stm32f4xx_rcc.o(.text)
    .text                                    0x08001ce8   Section        0  stm32f4xx_syscfg.o(.text)
    .text                                    0x08001d68   Section        0  stm32f4xx_usart.o(.text)
    .text                                    0x08002108   Section        0  stm32f4xx_exti.o(.text)
    .text                                    0x08002204   Section        0  stm32f4xx_tim.o(.text)
    TI2_Config                               0x08002d43   Thumb Code    62  stm32f4xx_tim.o(.text)
    .text                                    0x08002d80   Section        0  stm32f4xx_iwdg.o(.text)
    .text                                    0x08002dbc   Section        0  cl1_1.o(.text)
    lc_set_laa_rld                           0x08002dbd   Thumb Code   116  cl1_1.o(.text)
    lci_check_ts_valid                       0x08003497   Thumb Code    34  cl1_1.o(.text)
    lc_set_device_status_word                0x080034b9   Thumb Code    66  cl1_1.o(.text)
    lp_create                                0x080034fb   Thumb Code   820  cl1_1.o(.text)
    lc_config                                0x0800382f   Thumb Code  1162  cl1_1.o(.text)
    lpa_memset                               0x08003cb9   Thumb Code    32  cl1_1.o(.text)
    .text                                    0x08003d08   Section        0  demo11.o(.text)
    .text                                    0x08004480   Section        0  host_dep.o(.text)
    .text                                    0x080044a8   Section        2  use_no_semi_2.o(.text)
    .text                                    0x080044ac   Section        0  noretval__2printf.o(.text)
    .text                                    0x080044c4   Section        0  noretval__2sprintf.o(.text)
    .text                                    0x080044ec   Section        0  _printf_pad.o(.text)
    .text                                    0x0800453a   Section        0  _printf_str.o(.text)
    .text                                    0x0800458c   Section        0  _printf_dec.o(.text)
    .text                                    0x08004604   Section        0  _printf_hex_int.o(.text)
    .text                                    0x0800465c   Section        0  __printf_flags_wp.o(.text)
    .text                                    0x08004794   Section      138  rt_memcpy_v6.o(.text)
    .text                                    0x0800481e   Section       68  rt_memclr.o(.text)
    .text                                    0x08004862   Section        0  heapauxi.o(.text)
    .text                                    0x08004868   Section        2  use_no_semi.o(.text)
    .text                                    0x0800486a   Section        0  _printf_intcommon.o(.text)
    .text                                    0x0800491c   Section        0  _printf_char_common.o(.text)
    _printf_input_char                       0x0800491d   Thumb Code    10  _printf_char_common.o(.text)
    .text                                    0x0800494c   Section        0  _sputc.o(.text)
    .text                                    0x08004956   Section        0  _printf_char.o(.text)
    .text                                    0x08004984   Section        0  _printf_char_file.o(.text)
    .text                                    0x080049a8   Section      100  rt_memcpy_w.o(.text)
    .text                                    0x08004a0c   Section       78  rt_memclr_w.o(.text)
    .text                                    0x08004a5a   Section        0  ferror.o(.text)
    .text                                    0x08004a62   Section       74  sys_stackheap_outer.o(.text)
    .text                                    0x08004aac   Section        0  exit.o(.text)
    .text                                    0x08004ac0   Section        8  libspace.o(.text)
    i._is_digit                              0x08004ac8   Section        0  __printf_wp.o(i._is_digit)
    x$fpl$fpinit                             0x08004ad6   Section       10  fpinit.o(x$fpl$fpinit)
    $v0                                      0x08004ad6   Number         0  fpinit.o(x$fpl$fpinit)
    .constdata                               0x08004ae0   Section      512  modbus.o(.constdata)
    .constdata                               0x08004ce0   Section      114  cl1_1.o(.constdata)
    lci_waitstates                           0x08004ce0   Data           2  cl1_1.o(.constdata)
    lci_arb_modes                            0x08004ce2   Data           2  cl1_1.o(.constdata)
    tm_sa_offs                               0x08004ce4   Data          20  cl1_1.o(.constdata)
    la_pcs_addr                              0x08004cf8   Data          20  cl1_1.o(.constdata)
    da_pcs_addr                              0x08004d0c   Data          20  cl1_1.o(.constdata)
    la_pit_addr                              0x08004d20   Data          20  cl1_1.o(.constdata)
    da_pit_addr                              0x08004d34   Data          20  cl1_1.o(.constdata)
    pit_size                                 0x08004d48   Data          10  cl1_1.o(.constdata)
    .constdata                               0x08004d52   Section       40  _printf_hex_int.o(.constdata)
    uc_hextab                                0x08004d52   Data          20  _printf_hex_int.o(.constdata)
    lc_hextab                                0x08004d66   Data          20  _printf_hex_int.o(.constdata)
    .constdata                               0x08004d7a   Section       17  __printf_flags_wp.o(.constdata)
    maptable                                 0x08004d7a   Data          17  __printf_flags_wp.o(.constdata)
    .data                                    0x20000000   Section        8  main.o(.data)
    .data                                    0x20000008   Section       20  system_stm32f4xx.o(.data)
    .data                                    0x2000001c   Section        2  rs485.o(.data)
    .data                                    0x20000020   Section      252  localbus.o(.data)
    .data                                    0x2000011c   Section        8  timer.o(.data)
    .data                                    0x20000124   Section       17  modbus.o(.data)
    .data                                    0x20000136   Section        4  delay.o(.data)
    fac_us                                   0x20000136   Data           1  delay.o(.data)
    fac_ms                                   0x20000138   Data           2  delay.o(.data)
    .data                                    0x2000013a   Section        2  usart.o(.data)
    .data                                    0x2000013c   Section        4  usart.o(.data)
    .data                                    0x20000140   Section       16  stm32f4xx_rcc.o(.data)
    APBAHBPrescTable                         0x20000140   Data          16  stm32f4xx_rcc.o(.data)
    .data                                    0x20000150   Section        4  cl1_1.o(.data)
    .data                                    0x20000154   Section        6  demo11.o(.data)
    .bss                                     0x2000015c   Section     2048  rs485.o(.bss)
    .bss                                     0x2000095c   Section     2048  rs485.o(.bss)
    .bss                                     0x2000115c   Section       64  localbus.o(.bss)
    .bss                                     0x2000119c   Section      200  usart.o(.bss)
    .bss                                     0x20001264   Section       40  cl1_1.o(.bss)
    lci_ctrl_blk                             0x20001264   Data          12  cl1_1.o(.bss)
    lp_cb                                    0x20001270   Data          28  cl1_1.o(.bss)
    .bss                                     0x2000128c   Section     2956  demo11.o(.bss)
    .bss                                     0x20001e18   Section       96  libspace.o(.bss)
    HEAP                                     0x20001e78   Section      512  startup_stm32f40_41xxx.o(HEAP)
    Heap_Mem                                 0x20001e78   Data         512  startup_stm32f40_41xxx.o(HEAP)
    STACK                                    0x20002078   Section     1024  startup_stm32f40_41xxx.o(STACK)
    Stack_Mem                                0x20002078   Data        1024  startup_stm32f40_41xxx.o(STACK)
    __initial_sp                             0x20002478   Data           0  startup_stm32f40_41xxx.o(STACK)

    Global Symbols

    Symbol Name                              Value     Ov Type        Size  Object(Section)

    BuildAttributes$$THM_ISAv4$E$P$D$K$B$S$7EM$VFPi3$EXTD16$VFPS$VFMA$PE$A:L22UL41UL21$X:L11$S22US41US21$IEEE1$IW$USESV6$~STKCKD$USESV7$~SHL$OTIME$ROPI$EBA8$UX$STANDARDLIB$REQ8$PRES8$EABIv2 0x00000000   Number         0  anon$$obj.o ABSOLUTE
    __ARM_use_no_argv                        0x00000000   Number         0  main.o ABSOLUTE
    _printf_flags                            0x00000000   Number         0  printf_stubs.o ABSOLUTE
    _printf_return_value                     0x00000000   Number         0  printf_stubs.o ABSOLUTE
    _printf_sizespec                         0x00000000   Number         0  printf_stubs.o ABSOLUTE
    _printf_widthprec                        0x00000000   Number         0  printf_stubs.o ABSOLUTE
    __ARM_exceptions_init                     - Undefined Weak Reference
    __alloca_initialize                       - Undefined Weak Reference
    __arm_preinit_                            - Undefined Weak Reference
    __cpp_initialize__aeabi_                  - Undefined Weak Reference
    __cxa_finalize                            - Undefined Weak Reference
    __rt_locale                               - Undefined Weak Reference
    __sigvec_lookup                           - Undefined Weak Reference
    _atexit_init                              - Undefined Weak Reference
    _call_atexit_fns                          - Undefined Weak Reference
    _clock_init                               - Undefined Weak Reference
    _fp_trap_init                             - Undefined Weak Reference
    _fp_trap_shutdown                         - Undefined Weak Reference
    _get_lc_collate                           - Undefined Weak Reference
    _get_lc_ctype                             - Undefined Weak Reference
    _get_lc_monetary                          - Undefined Weak Reference
    _get_lc_numeric                           - Undefined Weak Reference
    _get_lc_time                              - Undefined Weak Reference
    _getenv_init                              - Undefined Weak Reference
    _handle_redirection                       - Undefined Weak Reference
    _init_alloc                               - Undefined Weak Reference
    _init_user_alloc                          - Undefined Weak Reference
    _initio                                   - Undefined Weak Reference
    _mutex_acquire                            - Undefined Weak Reference
    _mutex_release                            - Undefined Weak Reference
    _printf_mbtowc                            - Undefined Weak Reference
    _printf_truncate_signed                   - Undefined Weak Reference
    _printf_truncate_unsigned                 - Undefined Weak Reference
    _rand_init                                - Undefined Weak Reference
    _signal_finish                            - Undefined Weak Reference
    _signal_init                              - Undefined Weak Reference
    _terminate_alloc                          - Undefined Weak Reference
    _terminate_user_alloc                     - Undefined Weak Reference
    _terminateio                              - Undefined Weak Reference
    __Vectors_Size                           0x00000188   Number         0  startup_stm32f40_41xxx.o ABSOLUTE
    __Vectors                                0x08000000   Data           4  startup_stm32f40_41xxx.o(RESET)
    __Vectors_End                            0x08000188   Data           0  startup_stm32f40_41xxx.o(RESET)
    __main                                   0x08000189   Thumb Code     8  __main.o(!!!main)
    __scatterload                            0x08000191   Thumb Code     0  __scatter.o(!!!scatter)
    __scatterload_rt2                        0x08000191   Thumb Code    44  __scatter.o(!!!scatter)
    __scatterload_rt2_thumb_only             0x08000191   Thumb Code     0  __scatter.o(!!!scatter)
    __scatterload_null                       0x0800019f   Thumb Code     0  __scatter.o(!!!scatter)
    __decompress                             0x080001c5   Thumb Code    90  __dczerorl2.o(!!dczerorl2)
    __decompress1                            0x080001c5   Thumb Code     0  __dczerorl2.o(!!dczerorl2)
    __scatterload_zeroinit                   0x08000221   Thumb Code    28  __scatter_zi.o(!!handler_zi)
    _printf_d                                0x0800023d   Thumb Code     0  _printf_d.o(.ARM.Collect$$_printf_percent$$00000009)
    _printf_percent                          0x0800023d   Thumb Code     0  _printf_percent.o(.ARM.Collect$$_printf_percent$$00000000)
    _printf_x                                0x08000243   Thumb Code     0  _printf_x.o(.ARM.Collect$$_printf_percent$$0000000C)
    _printf_s                                0x08000249   Thumb Code     0  _printf_s.o(.ARM.Collect$$_printf_percent$$00000014)
    _printf_percent_end                      0x0800024f   Thumb Code     0  _printf_percent_end.o(.ARM.Collect$$_printf_percent$$00000017)
    __rt_lib_init                            0x08000253   Thumb Code     0  libinit.o(.ARM.Collect$$libinit$$00000000)
    __rt_lib_init_fp_1                       0x08000255   Thumb Code     0  libinit2.o(.ARM.Collect$$libinit$$00000001)
    __rt_lib_init_alloca_1                   0x08000259   Thumb Code     0  libinit2.o(.ARM.Collect$$libinit$$0000002E)
    __rt_lib_init_argv_1                     0x08000259   Thumb Code     0  libinit2.o(.ARM.Collect$$libinit$$0000002C)
    __rt_lib_init_atexit_1                   0x08000259   Thumb Code     0  libinit2.o(.ARM.Collect$$libinit$$0000001B)
    __rt_lib_init_clock_1                    0x08000259   Thumb Code     0  libinit2.o(.ARM.Collect$$libinit$$00000021)
    __rt_lib_init_cpp_1                      0x08000259   Thumb Code     0  libinit2.o(.ARM.Collect$$libinit$$00000032)
    __rt_lib_init_exceptions_1               0x08000259   Thumb Code     0  libinit2.o(.ARM.Collect$$libinit$$00000030)
    __rt_lib_init_fp_trap_1                  0x08000259   Thumb Code     0  libinit2.o(.ARM.Collect$$libinit$$0000001F)
    __rt_lib_init_getenv_1                   0x08000259   Thumb Code     0  libinit2.o(.ARM.Collect$$libinit$$00000023)
    __rt_lib_init_heap_1                     0x08000259   Thumb Code     0  libinit2.o(.ARM.Collect$$libinit$$0000000A)
    __rt_lib_init_lc_collate_1               0x08000259   Thumb Code     0  libinit2.o(.ARM.Collect$$libinit$$00000011)
    __rt_lib_init_lc_ctype_1                 0x08000259   Thumb Code     0  libinit2.o(.ARM.Collect$$libinit$$00000013)
    __rt_lib_init_lc_monetary_1              0x08000259   Thumb Code     0  libinit2.o(.ARM.Collect$$libinit$$00000015)
    __rt_lib_init_lc_numeric_1               0x08000259   Thumb Code     0  libinit2.o(.ARM.Collect$$libinit$$00000017)
    __rt_lib_init_lc_time_1                  0x08000259   Thumb Code     0  libinit2.o(.ARM.Collect$$libinit$$00000019)
    __rt_lib_init_preinit_1                  0x08000259   Thumb Code     0  libinit2.o(.ARM.Collect$$libinit$$00000004)
    __rt_lib_init_rand_1                     0x08000259   Thumb Code     0  libinit2.o(.ARM.Collect$$libinit$$0000000E)
    __rt_lib_init_return                     0x08000259   Thumb Code     0  libinit2.o(.ARM.Collect$$libinit$$00000033)
    __rt_lib_init_signal_1                   0x08000259   Thumb Code     0  libinit2.o(.ARM.Collect$$libinit$$0000001D)
    __rt_lib_init_stdio_1                    0x08000259   Thumb Code     0  libinit2.o(.ARM.Collect$$libinit$$00000025)
    __rt_lib_init_user_alloc_1               0x08000259   Thumb Code     0  libinit2.o(.ARM.Collect$$libinit$$0000000C)
    __rt_lib_shutdown                        0x0800025b   Thumb Code     0  libshutdown.o(.ARM.Collect$$libshutdown$$00000000)
    __rt_lib_shutdown_cpp_1                  0x0800025d   Thumb Code     0  libshutdown2.o(.ARM.Collect$$libshutdown$$00000002)
    __rt_lib_shutdown_fp_trap_1              0x0800025d   Thumb Code     0  libshutdown2.o(.ARM.Collect$$libshutdown$$00000007)
    __rt_lib_shutdown_heap_1                 0x0800025d   Thumb Code     0  libshutdown2.o(.ARM.Collect$$libshutdown$$0000000F)
    __rt_lib_shutdown_return                 0x0800025d   Thumb Code     0  libshutdown2.o(.ARM.Collect$$libshutdown$$00000010)
    __rt_lib_shutdown_signal_1               0x0800025d   Thumb Code     0  libshutdown2.o(.ARM.Collect$$libshutdown$$0000000A)
    __rt_lib_shutdown_stdio_1                0x0800025d   Thumb Code     0  libshutdown2.o(.ARM.Collect$$libshutdown$$00000004)
    __rt_lib_shutdown_user_alloc_1           0x0800025d   Thumb Code     0  libshutdown2.o(.ARM.Collect$$libshutdown$$0000000C)
    __rt_entry                               0x0800025f   Thumb Code     0  __rtentry.o(.ARM.Collect$$rtentry$$00000000)
    __rt_entry_presh_1                       0x0800025f   Thumb Code     0  __rtentry2.o(.ARM.Collect$$rtentry$$00000002)
    __rt_entry_sh                            0x0800025f   Thumb Code     0  __rtentry4.o(.ARM.Collect$$rtentry$$00000004)
    __rt_entry_li                            0x08000265   Thumb Code     0  __rtentry2.o(.ARM.Collect$$rtentry$$0000000A)
    __rt_entry_postsh_1                      0x08000265   Thumb Code     0  __rtentry2.o(.ARM.Collect$$rtentry$$00000009)
    __rt_entry_main                          0x08000269   Thumb Code     0  __rtentry2.o(.ARM.Collect$$rtentry$$0000000D)
    __rt_entry_postli_1                      0x08000269   Thumb Code     0  __rtentry2.o(.ARM.Collect$$rtentry$$0000000C)
    __rt_exit                                0x08000271   Thumb Code     0  rtexit.o(.ARM.Collect$$rtexit$$00000000)
    __rt_exit_ls                             0x08000273   Thumb Code     0  rtexit2.o(.ARM.Collect$$rtexit$$00000003)
    __rt_exit_prels_1                        0x08000273   Thumb Code     0  rtexit2.o(.ARM.Collect$$rtexit$$00000002)
    __rt_exit_exit                           0x08000277   Thumb Code     0  rtexit2.o(.ARM.Collect$$rtexit$$00000004)
    main                                     0x0800027d   Thumb Code   162  main.o(.text)
    NMI_Handler                              0x08000331   Thumb Code     2  stm32f4xx_it.o(.text)
    HardFault_Handler                        0x08000333   Thumb Code     2  stm32f4xx_it.o(.text)
    MemManage_Handler                        0x08000335   Thumb Code     2  stm32f4xx_it.o(.text)
    BusFault_Handler                         0x08000337   Thumb Code     2  stm32f4xx_it.o(.text)
    UsageFault_Handler                       0x08000339   Thumb Code     2  stm32f4xx_it.o(.text)
    SVC_Handler                              0x0800033b   Thumb Code     2  stm32f4xx_it.o(.text)
    DebugMon_Handler                         0x0800033d   Thumb Code     2  stm32f4xx_it.o(.text)
    PendSV_Handler                           0x0800033f   Thumb Code     2  stm32f4xx_it.o(.text)
    SysTick_Handler                          0x08000341   Thumb Code     2  stm32f4xx_it.o(.text)
    SystemInit                               0x08000345   Thumb Code   238  system_stm32f4xx.o(.text)
    SystemCoreClockUpdate                    0x08000433   Thumb Code   110  system_stm32f4xx.o(.text)
    USART1_IRQHandler                        0x080004d9   Thumb Code    80  rs485.o(.text)
    RS485_Init                               0x08000529   Thumb Code   212  rs485.o(.text)
    RS485_Send_Data                          0x080005fd   Thumb Code    82  rs485.o(.text)
    Localbus_GPIO_Init                       0x08000669   Thumb Code   206  localbus.o(.text)
    Timer5_Init                              0x08000737   Thumb Code    88  localbus.o(.text)
    Localbus_Exit_Init                       0x0800078f   Thumb Code   156  localbus.o(.text)
    Localbus_WriteGPIO                       0x0800082b   Thumb Code    52  localbus.o(.text)
    Localbus_ConvertAddr                     0x0800085f   Thumb Code    60  localbus.o(.text)
    Localbus_WriteAddr                       0x0800089b   Thumb Code   172  localbus.o(.text)
    Localbus_WriteData                       0x08000947   Thumb Code   124  localbus.o(.text)
    Localbus_ReadGPIO                        0x080009c3   Thumb Code   136  localbus.o(.text)
    Localbus_ReadData                        0x08000a4b   Thumb Code   314  localbus.o(.text)
    TIM5_IRQHandler                          0x08000b85   Thumb Code    42  localbus.o(.text)
    EXTI9_5_IRQHandler                       0x08000baf   Thumb Code    36  localbus.o(.text)
    TIM3_Int_Init                            0x08000be1   Thumb Code    98  timer.o(.text)
    TIM4_Int_Init                            0x08000c43   Thumb Code    94  timer.o(.text)
    TIM4_IRQHandler                          0x08000ca1   Thumb Code    36  timer.o(.text)
    TIM3_IRQHandler                          0x08000cc5   Thumb Code    36  timer.o(.text)
    millis1                                  0x08000ce9   Thumb Code     6  timer.o(.text)
    millis2                                  0x08000cef   Thumb Code     6  timer.o(.text)
    CRC_Compute                              0x08000d01   Thumb Code    54  modbus.o(.text)
    Timer7_Init                              0x08000d37   Thumb Code    88  modbus.o(.text)
    Modbus_Init                              0x08000d8f   Thumb Code    88  modbus.o(.text)
    TIM7_IRQHandler                          0x08000de7   Thumb Code    48  modbus.o(.text)
    Heartbeat_Service                        0x08000e17   Thumb Code    32  modbus.o(.text)
    Handle_data_tx_reg                       0x08000e37   Thumb Code     8  modbus.o(.text)
    Handle_port_config_reg                   0x08000e3f   Thumb Code   130  modbus.o(.text)
    Handle_MVB_port_count_reg                0x08000ec1   Thumb Code     6  modbus.o(.text)
    Handle_MVB_addr_reg                      0x08000ec7   Thumb Code     6  modbus.o(.text)
    Handle_control_reg                       0x08000ecd   Thumb Code    84  modbus.o(.text)
    Modbus_16_Solve                          0x08000f21   Thumb Code   266  modbus.o(.text)
    Modbus_06_Solve                          0x0800102b   Thumb Code   160  modbus.o(.text)
    Modbus_03_Solve                          0x080010cb   Thumb Code   286  modbus.o(.text)
    Modbus_Service                           0x080011e9   Thumb Code   138  modbus.o(.text)
    delay_init                               0x0800128d   Thumb Code    38  delay.o(.text)
    delay_us                                 0x080012b3   Thumb Code    50  delay.o(.text)
    delay_xms                                0x080012e5   Thumb Code    50  delay.o(.text)
    delay_ms                                 0x08001317   Thumb Code    98  delay.o(.text)
    _sys_exit                                0x0800137d   Thumb Code     2  usart.o(.text)
    fputc                                    0x0800137f   Thumb Code    18  usart.o(.text)
    uart_init                                0x08001391   Thumb Code   164  usart.o(.text)
    USART3_IRQHandler                        0x08001435   Thumb Code   102  usart.o(.text)
    IWDG_Init                                0x080014b1   Thumb Code    38  iwdg.o(.text)
    wdt_fired                                0x080014d7   Thumb Code     4  iwdg.o(.text)
    Reset_Handler                            0x080014dd   Thumb Code     8  startup_stm32f40_41xxx.o(.text)
    ADC_IRQHandler                           0x080014f7   Thumb Code     0  startup_stm32f40_41xxx.o(.text)
    CAN1_RX0_IRQHandler                      0x080014f7   Thumb Code     0  startup_stm32f40_41xxx.o(.text)
    CAN1_RX1_IRQHandler                      0x080014f7   Thumb Code     0  startup_stm32f40_41xxx.o(.text)
    CAN1_SCE_IRQHandler                      0x080014f7   Thumb Code     0  startup_stm32f40_41xxx.o(.text)
    CAN1_TX_IRQHandler                       0x080014f7   Thumb Code     0  startup_stm32f40_41xxx.o(.text)
    CAN2_RX0_IRQHandler                      0x080014f7   Thumb Code     0  startup_stm32f40_41xxx.o(.text)
    CAN2_RX1_IRQHandler                      0x080014f7   Thumb Code     0  startup_stm32f40_41xxx.o(.text)
    CAN2_SCE_IRQHandler                      0x080014f7   Thumb Code     0  startup_stm32f40_41xxx.o(.text)
    CAN2_TX_IRQHandler                       0x080014f7   Thumb Code     0  startup_stm32f40_41xxx.o(.text)
    CRYP_IRQHandler                          0x080014f7   Thumb Code     0  startup_stm32f40_41xxx.o(.text)
    DCMI_IRQHandler                          0x080014f7   Thumb Code     0  startup_stm32f40_41xxx.o(.text)
    DMA1_Stream0_IRQHandler                  0x080014f7   Thumb Code     0  startup_stm32f40_41xxx.o(.text)
    DMA1_Stream1_IRQHandler                  0x080014f7   Thumb Code     0  startup_stm32f40_41xxx.o(.text)
    DMA1_Stream2_IRQHandler                  0x080014f7   Thumb Code     0  startup_stm32f40_41xxx.o(.text)
    DMA1_Stream3_IRQHandler                  0x080014f7   Thumb Code     0  startup_stm32f40_41xxx.o(.text)
    DMA1_Stream4_IRQHandler                  0x080014f7   Thumb Code     0  startup_stm32f40_41xxx.o(.text)
    DMA1_Stream5_IRQHandler                  0x080014f7   Thumb Code     0  startup_stm32f40_41xxx.o(.text)
    DMA1_Stream6_IRQHandler                  0x080014f7   Thumb Code     0  startup_stm32f40_41xxx.o(.text)
    DMA1_Stream7_IRQHandler                  0x080014f7   Thumb Code     0  startup_stm32f40_41xxx.o(.text)
    DMA2_Stream0_IRQHandler                  0x080014f7   Thumb Code     0  startup_stm32f40_41xxx.o(.text)
    DMA2_Stream1_IRQHandler                  0x080014f7   Thumb Code     0  startup_stm32f40_41xxx.o(.text)
    DMA2_Stream2_IRQHandler                  0x080014f7   Thumb Code     0  startup_stm32f40_41xxx.o(.text)
    DMA2_Stream3_IRQHandler                  0x080014f7   Thumb Code     0  startup_stm32f40_41xxx.o(.text)
    DMA2_Stream4_IRQHandler                  0x080014f7   Thumb Code     0  startup_stm32f40_41xxx.o(.text)
    DMA2_Stream5_IRQHandler                  0x080014f7   Thumb Code     0  startup_stm32f40_41xxx.o(.text)
    DMA2_Stream6_IRQHandler                  0x080014f7   Thumb Code     0  startup_stm32f40_41xxx.o(.text)
    DMA2_Stream7_IRQHandler                  0x080014f7   Thumb Code     0  startup_stm32f40_41xxx.o(.text)
    ETH_IRQHandler                           0x080014f7   Thumb Code     0  startup_stm32f40_41xxx.o(.text)
    ETH_WKUP_IRQHandler                      0x080014f7   Thumb Code     0  startup_stm32f40_41xxx.o(.text)
    EXTI0_IRQHandler                         0x080014f7   Thumb Code     0  startup_stm32f40_41xxx.o(.text)
    EXTI15_10_IRQHandler                     0x080014f7   Thumb Code     0  startup_stm32f40_41xxx.o(.text)
    EXTI1_IRQHandler                         0x080014f7   Thumb Code     0  startup_stm32f40_41xxx.o(.text)
    EXTI2_IRQHandler                         0x080014f7   Thumb Code     0  startup_stm32f40_41xxx.o(.text)
    EXTI3_IRQHandler                         0x080014f7   Thumb Code     0  startup_stm32f40_41xxx.o(.text)
    EXTI4_IRQHandler                         0x080014f7   Thumb Code     0  startup_stm32f40_41xxx.o(.text)
    FLASH_IRQHandler                         0x080014f7   Thumb Code     0  startup_stm32f40_41xxx.o(.text)
    FPU_IRQHandler                           0x080014f7   Thumb Code     0  startup_stm32f40_41xxx.o(.text)
    FSMC_IRQHandler                          0x080014f7   Thumb Code     0  startup_stm32f40_41xxx.o(.text)
    HASH_RNG_IRQHandler                      0x080014f7   Thumb Code     0  startup_stm32f40_41xxx.o(.text)
    I2C1_ER_IRQHandler                       0x080014f7   Thumb Code     0  startup_stm32f40_41xxx.o(.text)
    I2C1_EV_IRQHandler                       0x080014f7   Thumb Code     0  startup_stm32f40_41xxx.o(.text)
    I2C2_ER_IRQHandler                       0x080014f7   Thumb Code     0  startup_stm32f40_41xxx.o(.text)
    I2C2_EV_IRQHandler                       0x080014f7   Thumb Code     0  startup_stm32f40_41xxx.o(.text)
    I2C3_ER_IRQHandler                       0x080014f7   Thumb Code     0  startup_stm32f40_41xxx.o(.text)
    I2C3_EV_IRQHandler                       0x080014f7   Thumb Code     0  startup_stm32f40_41xxx.o(.text)
    OTG_FS_IRQHandler                        0x080014f7   Thumb Code     0  startup_stm32f40_41xxx.o(.text)
    OTG_FS_WKUP_IRQHandler                   0x080014f7   Thumb Code     0  startup_stm32f40_41xxx.o(.text)
    OTG_HS_EP1_IN_IRQHandler                 0x080014f7   Thumb Code     0  startup_stm32f40_41xxx.o(.text)
    OTG_HS_EP1_OUT_IRQHandler                0x080014f7   Thumb Code     0  startup_stm32f40_41xxx.o(.text)
    OTG_HS_IRQHandler                        0x080014f7   Thumb Code     0  startup_stm32f40_41xxx.o(.text)
    OTG_HS_WKUP_IRQHandler                   0x080014f7   Thumb Code     0  startup_stm32f40_41xxx.o(.text)
    PVD_IRQHandler                           0x080014f7   Thumb Code     0  startup_stm32f40_41xxx.o(.text)
    RCC_IRQHandler                           0x080014f7   Thumb Code     0  startup_stm32f40_41xxx.o(.text)
    RTC_Alarm_IRQHandler                     0x080014f7   Thumb Code     0  startup_stm32f40_41xxx.o(.text)
    RTC_WKUP_IRQHandler                      0x080014f7   Thumb Code     0  startup_stm32f40_41xxx.o(.text)
    SDIO_IRQHandler                          0x080014f7   Thumb Code     0  startup_stm32f40_41xxx.o(.text)
    SPI1_IRQHandler                          0x080014f7   Thumb Code     0  startup_stm32f40_41xxx.o(.text)
    SPI2_IRQHandler                          0x080014f7   Thumb Code     0  startup_stm32f40_41xxx.o(.text)
    SPI3_IRQHandler                          0x080014f7   Thumb Code     0  startup_stm32f40_41xxx.o(.text)
    TAMP_STAMP_IRQHandler                    0x080014f7   Thumb Code     0  startup_stm32f40_41xxx.o(.text)
    TIM1_BRK_TIM9_IRQHandler                 0x080014f7   Thumb Code     0  startup_stm32f40_41xxx.o(.text)
    TIM1_CC_IRQHandler                       0x080014f7   Thumb Code     0  startup_stm32f40_41xxx.o(.text)
    TIM1_TRG_COM_TIM11_IRQHandler            0x080014f7   Thumb Code     0  startup_stm32f40_41xxx.o(.text)
    TIM1_UP_TIM10_IRQHandler                 0x080014f7   Thumb Code     0  startup_stm32f40_41xxx.o(.text)
    TIM2_IRQHandler                          0x080014f7   Thumb Code     0  startup_stm32f40_41xxx.o(.text)
    TIM6_DAC_IRQHandler                      0x080014f7   Thumb Code     0  startup_stm32f40_41xxx.o(.text)
    TIM8_BRK_TIM12_IRQHandler                0x080014f7   Thumb Code     0  startup_stm32f40_41xxx.o(.text)
    TIM8_CC_IRQHandler                       0x080014f7   Thumb Code     0  startup_stm32f40_41xxx.o(.text)
    TIM8_TRG_COM_TIM14_IRQHandler            0x080014f7   Thumb Code     0  startup_stm32f40_41xxx.o(.text)
    TIM8_UP_TIM13_IRQHandler                 0x080014f7   Thumb Code     0  startup_stm32f40_41xxx.o(.text)
    UART4_IRQHandler                         0x080014f7   Thumb Code     0  startup_stm32f40_41xxx.o(.text)
    UART5_IRQHandler                         0x080014f7   Thumb Code     0  startup_stm32f40_41xxx.o(.text)
    USART2_IRQHandler                        0x080014f7   Thumb Code     0  startup_stm32f40_41xxx.o(.text)
    USART6_IRQHandler                        0x080014f7   Thumb Code     0  startup_stm32f40_41xxx.o(.text)
    WWDG_IRQHandler                          0x080014f7   Thumb Code     0  startup_stm32f40_41xxx.o(.text)
    __user_initial_stackheap                 0x080014f9   Thumb Code     0  startup_stm32f40_41xxx.o(.text)
    NVIC_PriorityGroupConfig                 0x0800151d   Thumb Code    14  misc.o(.text)
    NVIC_Init                                0x0800152b   Thumb Code   110  misc.o(.text)
    NVIC_SetVectorTable                      0x08001599   Thumb Code    16  misc.o(.text)
    NVIC_SystemLPConfig                      0x080015a9   Thumb Code    18  misc.o(.text)
    SysTick_CLKSourceConfig                  0x080015bb   Thumb Code    22  misc.o(.text)
    GPIO_DeInit                              0x080015dd   Thumb Code   300  stm32f4xx_gpio.o(.text)
    GPIO_Init                                0x08001709   Thumb Code   150  stm32f4xx_gpio.o(.text)
    GPIO_StructInit                          0x0800179f   Thumb Code    18  stm32f4xx_gpio.o(.text)
    GPIO_PinLockConfig                       0x080017b1   Thumb Code    26  stm32f4xx_gpio.o(.text)
    GPIO_ReadInputDataBit                    0x080017cb   Thumb Code    14  stm32f4xx_gpio.o(.text)
    GPIO_ReadInputData                       0x080017d9   Thumb Code     6  stm32f4xx_gpio.o(.text)
    GPIO_ReadOutputDataBit                   0x080017df   Thumb Code    14  stm32f4xx_gpio.o(.text)
    GPIO_ReadOutputData                      0x080017ed   Thumb Code     6  stm32f4xx_gpio.o(.text)
    GPIO_SetBits                             0x080017f3   Thumb Code     4  stm32f4xx_gpio.o(.text)
    GPIO_ResetBits                           0x080017f7   Thumb Code     4  stm32f4xx_gpio.o(.text)
    GPIO_WriteBit                            0x080017fb   Thumb Code    10  stm32f4xx_gpio.o(.text)
    GPIO_Write                               0x08001805   Thumb Code     4  stm32f4xx_gpio.o(.text)
    GPIO_ToggleBits                          0x08001809   Thumb Code     8  stm32f4xx_gpio.o(.text)
    GPIO_PinAFConfig                         0x08001811   Thumb Code    34  stm32f4xx_gpio.o(.text)
    RCC_DeInit                               0x08001835   Thumb Code    64  stm32f4xx_rcc.o(.text)
    RCC_HSEConfig                            0x08001875   Thumb Code    10  stm32f4xx_rcc.o(.text)
    RCC_GetFlagStatus                        0x0800187f   Thumb Code    44  stm32f4xx_rcc.o(.text)
    RCC_WaitForHSEStartUp                    0x080018ab   Thumb Code    50  stm32f4xx_rcc.o(.text)
    RCC_AdjustHSICalibrationValue            0x080018dd   Thumb Code    16  stm32f4xx_rcc.o(.text)
    RCC_HSICmd                               0x080018ed   Thumb Code     6  stm32f4xx_rcc.o(.text)
    RCC_LSEConfig                            0x080018f3   Thumb Code    24  stm32f4xx_rcc.o(.text)
    RCC_LSICmd                               0x0800190b   Thumb Code     6  stm32f4xx_rcc.o(.text)
    RCC_PLLConfig                            0x08001911   Thumb Code    30  stm32f4xx_rcc.o(.text)
    RCC_PLLCmd                               0x0800192f   Thumb Code     6  stm32f4xx_rcc.o(.text)
    RCC_PLLI2SConfig                         0x08001935   Thumb Code    12  stm32f4xx_rcc.o(.text)
    RCC_PLLI2SCmd                            0x08001941   Thumb Code     6  stm32f4xx_rcc.o(.text)
    RCC_PLLSAIConfig                         0x08001947   Thumb Code    16  stm32f4xx_rcc.o(.text)
    RCC_PLLSAICmd                            0x08001957   Thumb Code     6  stm32f4xx_rcc.o(.text)
    RCC_ClockSecuritySystemCmd               0x0800195d   Thumb Code     6  stm32f4xx_rcc.o(.text)
    RCC_MCO1Config                           0x08001963   Thumb Code    16  stm32f4xx_rcc.o(.text)
    RCC_MCO2Config                           0x08001973   Thumb Code    16  stm32f4xx_rcc.o(.text)
    RCC_SYSCLKConfig                         0x08001983   Thumb Code    14  stm32f4xx_rcc.o(.text)
    RCC_GetSYSCLKSource                      0x08001991   Thumb Code    10  stm32f4xx_rcc.o(.text)
    RCC_HCLKConfig                           0x0800199b   Thumb Code    14  stm32f4xx_rcc.o(.text)
    RCC_PCLK1Config                          0x080019a9   Thumb Code    14  stm32f4xx_rcc.o(.text)
    RCC_PCLK2Config                          0x080019b7   Thumb Code    16  stm32f4xx_rcc.o(.text)
    RCC_GetClocksFreq                        0x080019c7   Thumb Code   144  stm32f4xx_rcc.o(.text)
    RCC_RTCCLKConfig                         0x08001a57   Thumb Code    42  stm32f4xx_rcc.o(.text)
    RCC_RTCCLKCmd                            0x08001a81   Thumb Code     6  stm32f4xx_rcc.o(.text)
    RCC_BackupResetCmd                       0x08001a87   Thumb Code     6  stm32f4xx_rcc.o(.text)
    RCC_I2SCLKConfig                         0x08001a8d   Thumb Code     8  stm32f4xx_rcc.o(.text)
    RCC_SAIPLLI2SClkDivConfig                0x08001a95   Thumb Code    16  stm32f4xx_rcc.o(.text)
    RCC_SAIPLLSAIClkDivConfig                0x08001aa5   Thumb Code    22  stm32f4xx_rcc.o(.text)
    RCC_SAIBlockACLKConfig                   0x08001abb   Thumb Code    14  stm32f4xx_rcc.o(.text)
    RCC_SAIBlockBCLKConfig                   0x08001ac9   Thumb Code    14  stm32f4xx_rcc.o(.text)
    RCC_LTDCCLKDivConfig                     0x08001ad7   Thumb Code    14  stm32f4xx_rcc.o(.text)
    RCC_TIMCLKPresConfig                     0x08001ae5   Thumb Code     8  stm32f4xx_rcc.o(.text)
    RCC_AHB1PeriphClockCmd                   0x08001aed   Thumb Code    18  stm32f4xx_rcc.o(.text)
    RCC_AHB2PeriphClockCmd                   0x08001aff   Thumb Code    18  stm32f4xx_rcc.o(.text)
    RCC_AHB3PeriphClockCmd                   0x08001b11   Thumb Code    18  stm32f4xx_rcc.o(.text)
    RCC_APB1PeriphClockCmd                   0x08001b23   Thumb Code    18  stm32f4xx_rcc.o(.text)
    RCC_APB2PeriphClockCmd                   0x08001b35   Thumb Code    18  stm32f4xx_rcc.o(.text)
    RCC_AHB1PeriphResetCmd                   0x08001b47   Thumb Code    18  stm32f4xx_rcc.o(.text)
    RCC_AHB2PeriphResetCmd                   0x08001b59   Thumb Code    18  stm32f4xx_rcc.o(.text)
    RCC_AHB3PeriphResetCmd                   0x08001b6b   Thumb Code    18  stm32f4xx_rcc.o(.text)
    RCC_APB1PeriphResetCmd                   0x08001b7d   Thumb Code    18  stm32f4xx_rcc.o(.text)
    RCC_APB2PeriphResetCmd                   0x08001b8f   Thumb Code    18  stm32f4xx_rcc.o(.text)
    RCC_AHB1PeriphClockLPModeCmd             0x08001ba1   Thumb Code    18  stm32f4xx_rcc.o(.text)
    RCC_AHB2PeriphClockLPModeCmd             0x08001bb3   Thumb Code    18  stm32f4xx_rcc.o(.text)
    RCC_AHB3PeriphClockLPModeCmd             0x08001bc5   Thumb Code    18  stm32f4xx_rcc.o(.text)
    RCC_APB1PeriphClockLPModeCmd             0x08001bd7   Thumb Code    18  stm32f4xx_rcc.o(.text)
    RCC_APB2PeriphClockLPModeCmd             0x08001be9   Thumb Code    18  stm32f4xx_rcc.o(.text)
    RCC_LSEModeConfig                        0x08001bfb   Thumb Code    20  stm32f4xx_rcc.o(.text)
    RCC_ITConfig                             0x08001c0f   Thumb Code   170  stm32f4xx_rcc.o(.text)
    RCC_ClearFlag                            0x08001cb9   Thumb Code    12  stm32f4xx_rcc.o(.text)
    RCC_GetITStatus                          0x08001cc5   Thumb Code    16  stm32f4xx_rcc.o(.text)
    RCC_ClearITPendingBit                    0x08001cd5   Thumb Code     6  stm32f4xx_rcc.o(.text)
    SYSCFG_DeInit                            0x08001ce9   Thumb Code    24  stm32f4xx_syscfg.o(.text)
    SYSCFG_MemoryRemapConfig                 0x08001d01   Thumb Code     6  stm32f4xx_syscfg.o(.text)
    SYSCFG_MemorySwappingBank                0x08001d07   Thumb Code     6  stm32f4xx_syscfg.o(.text)
    SYSCFG_EXTILineConfig                    0x08001d0d   Thumb Code    46  stm32f4xx_syscfg.o(.text)
    SYSCFG_ETH_MediaInterfaceConfig          0x08001d3b   Thumb Code     8  stm32f4xx_syscfg.o(.text)
    SYSCFG_CompensationCellCmd               0x08001d43   Thumb Code     6  stm32f4xx_syscfg.o(.text)
    SYSCFG_GetCompensationCellStatus         0x08001d49   Thumb Code    16  stm32f4xx_syscfg.o(.text)
    USART_DeInit                             0x08001d69   Thumb Code   228  stm32f4xx_usart.o(.text)
    USART_Init                               0x08001e4d   Thumb Code   180  stm32f4xx_usart.o(.text)
    USART_StructInit                         0x08001f01   Thumb Code    22  stm32f4xx_usart.o(.text)
    USART_ClockInit                          0x08001f17   Thumb Code    34  stm32f4xx_usart.o(.text)
    USART_ClockStructInit                    0x08001f39   Thumb Code    12  stm32f4xx_usart.o(.text)
    USART_Cmd                                0x08001f45   Thumb Code    18  stm32f4xx_usart.o(.text)
    USART_SetPrescaler                       0x08001f57   Thumb Code    16  stm32f4xx_usart.o(.text)
    USART_OverSampling8Cmd                   0x08001f67   Thumb Code    18  stm32f4xx_usart.o(.text)
    USART_OneBitMethodCmd                    0x08001f79   Thumb Code    18  stm32f4xx_usart.o(.text)
    USART_SendData                           0x08001f8b   Thumb Code     8  stm32f4xx_usart.o(.text)
    USART_ReceiveData                        0x08001f93   Thumb Code     8  stm32f4xx_usart.o(.text)
    USART_SetAddress                         0x08001f9b   Thumb Code    16  stm32f4xx_usart.o(.text)
    USART_ReceiverWakeUpCmd                  0x08001fab   Thumb Code    18  stm32f4xx_usart.o(.text)
    USART_WakeUpConfig                       0x08001fbd   Thumb Code    16  stm32f4xx_usart.o(.text)
    USART_LINBreakDetectLengthConfig         0x08001fcd   Thumb Code    16  stm32f4xx_usart.o(.text)
    USART_LINCmd                             0x08001fdd   Thumb Code    18  stm32f4xx_usart.o(.text)
    USART_SendBreak                          0x08001fef   Thumb Code    10  stm32f4xx_usart.o(.text)
    USART_HalfDuplexCmd                      0x08001ff9   Thumb Code    18  stm32f4xx_usart.o(.text)
    USART_SetGuardTime                       0x0800200b   Thumb Code    16  stm32f4xx_usart.o(.text)
    USART_SmartCardCmd                       0x0800201b   Thumb Code    18  stm32f4xx_usart.o(.text)
    USART_SmartCardNACKCmd                   0x0800202d   Thumb Code    18  stm32f4xx_usart.o(.text)
    USART_IrDAConfig                         0x0800203f   Thumb Code    16  stm32f4xx_usart.o(.text)
    USART_IrDACmd                            0x0800204f   Thumb Code    18  stm32f4xx_usart.o(.text)
    USART_DMACmd                             0x08002061   Thumb Code    16  stm32f4xx_usart.o(.text)
    USART_ITConfig                           0x08002071   Thumb Code    48  stm32f4xx_usart.o(.text)
    USART_GetFlagStatus                      0x080020a1   Thumb Code    14  stm32f4xx_usart.o(.text)
    USART_ClearFlag                          0x080020af   Thumb Code     6  stm32f4xx_usart.o(.text)
    USART_GetITStatus                        0x080020b5   Thumb Code    66  stm32f4xx_usart.o(.text)
    USART_ClearITPendingBit                  0x080020f7   Thumb Code    14  stm32f4xx_usart.o(.text)
    EXTI_DeInit                              0x08002109   Thumb Code    26  stm32f4xx_exti.o(.text)
    EXTI_Init                                0x08002123   Thumb Code   136  stm32f4xx_exti.o(.text)
    EXTI_StructInit                          0x080021ab   Thumb Code    14  stm32f4xx_exti.o(.text)
    EXTI_GenerateSWInterrupt                 0x080021b9   Thumb Code    10  stm32f4xx_exti.o(.text)
    EXTI_GetFlagStatus                       0x080021c3   Thumb Code    16  stm32f4xx_exti.o(.text)
    EXTI_ClearFlag                           0x080021d3   Thumb Code     6  stm32f4xx_exti.o(.text)
    EXTI_GetITStatus                         0x080021d9   Thumb Code    16  stm32f4xx_exti.o(.text)
    EXTI_ClearITPendingBit                   0x080021e9   Thumb Code     6  stm32f4xx_exti.o(.text)
    TIM_DeInit                               0x08002205   Thumb Code   386  stm32f4xx_tim.o(.text)
    TIM_TimeBaseInit                         0x08002387   Thumb Code   118  stm32f4xx_tim.o(.text)
    TIM_TimeBaseStructInit                   0x080023fd   Thumb Code    18  stm32f4xx_tim.o(.text)
    TIM_PrescalerConfig                      0x0800240f   Thumb Code     6  stm32f4xx_tim.o(.text)
    TIM_CounterModeConfig                    0x08002415   Thumb Code    12  stm32f4xx_tim.o(.text)
    TIM_SetCounter                           0x08002421   Thumb Code     4  stm32f4xx_tim.o(.text)
    TIM_SetAutoreload                        0x08002425   Thumb Code     4  stm32f4xx_tim.o(.text)
    TIM_GetCounter                           0x08002429   Thumb Code     4  stm32f4xx_tim.o(.text)
    TIM_GetPrescaler                         0x0800242d   Thumb Code     4  stm32f4xx_tim.o(.text)
    TIM_UpdateDisableConfig                  0x08002431   Thumb Code    18  stm32f4xx_tim.o(.text)
    TIM_UpdateRequestConfig                  0x08002443   Thumb Code    18  stm32f4xx_tim.o(.text)
    TIM_ARRPreloadConfig                     0x08002455   Thumb Code    18  stm32f4xx_tim.o(.text)
    TIM_SelectOnePulseMode                   0x08002467   Thumb Code    16  stm32f4xx_tim.o(.text)
    TIM_SetClockDivision                     0x08002477   Thumb Code    16  stm32f4xx_tim.o(.text)
    TIM_Cmd                                  0x08002487   Thumb Code    18  stm32f4xx_tim.o(.text)
    TIM_OC1Init                              0x08002499   Thumb Code   104  stm32f4xx_tim.o(.text)
    TIM_OC2Init                              0x08002501   Thumb Code   134  stm32f4xx_tim.o(.text)
    TIM_OC3Init                              0x08002587   Thumb Code   132  stm32f4xx_tim.o(.text)
    TIM_OC4Init                              0x0800260b   Thumb Code   104  stm32f4xx_tim.o(.text)
    TIM_OCStructInit                         0x08002673   Thumb Code    20  stm32f4xx_tim.o(.text)
    TIM_SelectOCxM                           0x08002687   Thumb Code    92  stm32f4xx_tim.o(.text)
    TIM_SetCompare1                          0x080026e3   Thumb Code     4  stm32f4xx_tim.o(.text)
    TIM_SetCompare2                          0x080026e7   Thumb Code     4  stm32f4xx_tim.o(.text)
    TIM_SetCompare3                          0x080026eb   Thumb Code     4  stm32f4xx_tim.o(.text)
    TIM_SetCompare4                          0x080026ef   Thumb Code     4  stm32f4xx_tim.o(.text)
    TIM_ForcedOC1Config                      0x080026f3   Thumb Code    12  stm32f4xx_tim.o(.text)
    TIM_ForcedOC2Config                      0x080026ff   Thumb Code    20  stm32f4xx_tim.o(.text)
    TIM_ForcedOC3Config                      0x08002713   Thumb Code    12  stm32f4xx_tim.o(.text)
    TIM_ForcedOC4Config                      0x0800271f   Thumb Code    20  stm32f4xx_tim.o(.text)
    TIM_OC1PreloadConfig                     0x08002733   Thumb Code    12  stm32f4xx_tim.o(.text)
    TIM_OC2PreloadConfig                     0x0800273f   Thumb Code    20  stm32f4xx_tim.o(.text)
    TIM_OC3PreloadConfig                     0x08002753   Thumb Code    12  stm32f4xx_tim.o(.text)
    TIM_OC4PreloadConfig                     0x0800275f   Thumb Code    30  stm32f4xx_tim.o(.text)
    TIM_OC1FastConfig                        0x0800277d   Thumb Code    12  stm32f4xx_tim.o(.text)
    TIM_OC2FastConfig                        0x08002789   Thumb Code    20  stm32f4xx_tim.o(.text)
    TIM_OC3FastConfig                        0x0800279d   Thumb Code    12  stm32f4xx_tim.o(.text)
    TIM_OC4FastConfig                        0x080027a9   Thumb Code    20  stm32f4xx_tim.o(.text)
    TIM_ClearOC1Ref                          0x080027bd   Thumb Code    12  stm32f4xx_tim.o(.text)
    TIM_ClearOC2Ref                          0x080027c9   Thumb Code    20  stm32f4xx_tim.o(.text)
    TIM_ClearOC3Ref                          0x080027dd   Thumb Code    12  stm32f4xx_tim.o(.text)
    TIM_ClearOC4Ref                          0x080027e9   Thumb Code    20  stm32f4xx_tim.o(.text)
    TIM_OC1PolarityConfig                    0x080027fd   Thumb Code    12  stm32f4xx_tim.o(.text)
    TIM_OC1NPolarityConfig                   0x08002809   Thumb Code    12  stm32f4xx_tim.o(.text)
    TIM_OC2PolarityConfig                    0x08002815   Thumb Code    20  stm32f4xx_tim.o(.text)
    TIM_OC2NPolarityConfig                   0x08002829   Thumb Code    20  stm32f4xx_tim.o(.text)
    TIM_OC3PolarityConfig                    0x0800283d   Thumb Code    20  stm32f4xx_tim.o(.text)
    TIM_OC3NPolarityConfig                   0x08002851   Thumb Code    20  stm32f4xx_tim.o(.text)
    TIM_OC4PolarityConfig                    0x08002865   Thumb Code    20  stm32f4xx_tim.o(.text)
    TIM_CCxCmd                               0x08002879   Thumb Code    26  stm32f4xx_tim.o(.text)
    TIM_CCxNCmd                              0x08002893   Thumb Code    26  stm32f4xx_tim.o(.text)
    TIM_SetIC4Prescaler                      0x080028ad   Thumb Code    24  stm32f4xx_tim.o(.text)
    TIM_SetIC3Prescaler                      0x080028c5   Thumb Code    16  stm32f4xx_tim.o(.text)
    TIM_SetIC2Prescaler                      0x080028d5   Thumb Code    24  stm32f4xx_tim.o(.text)
    TIM_SetIC1Prescaler                      0x080028ed   Thumb Code    16  stm32f4xx_tim.o(.text)
    TIM_ICInit                               0x080028fd   Thumb Code   250  stm32f4xx_tim.o(.text)
    TIM_ICStructInit                         0x080029f7   Thumb Code    16  stm32f4xx_tim.o(.text)
    TIM_PWMIConfig                           0x08002a07   Thumb Code   216  stm32f4xx_tim.o(.text)
    TIM_GetCapture1                          0x08002adf   Thumb Code     4  stm32f4xx_tim.o(.text)
    TIM_GetCapture2                          0x08002ae3   Thumb Code     4  stm32f4xx_tim.o(.text)
    TIM_GetCapture3                          0x08002ae7   Thumb Code     4  stm32f4xx_tim.o(.text)
    TIM_GetCapture4                          0x08002aeb   Thumb Code     4  stm32f4xx_tim.o(.text)
    TIM_BDTRConfig                           0x08002aef   Thumb Code    36  stm32f4xx_tim.o(.text)
    TIM_BDTRStructInit                       0x08002b13   Thumb Code    18  stm32f4xx_tim.o(.text)
    TIM_CtrlPWMOutputs                       0x08002b25   Thumb Code    22  stm32f4xx_tim.o(.text)
    TIM_SelectCOM                            0x08002b3b   Thumb Code    18  stm32f4xx_tim.o(.text)
    TIM_CCPreloadControl                     0x08002b4d   Thumb Code    18  stm32f4xx_tim.o(.text)
    TIM_ITConfig                             0x08002b5f   Thumb Code    16  stm32f4xx_tim.o(.text)
    TIM_GenerateEvent                        0x08002b6f   Thumb Code     4  stm32f4xx_tim.o(.text)
    TIM_GetFlagStatus                        0x08002b73   Thumb Code    14  stm32f4xx_tim.o(.text)
    TIM_ClearFlag                            0x08002b81   Thumb Code     6  stm32f4xx_tim.o(.text)
    TIM_GetITStatus                          0x08002b87   Thumb Code    22  stm32f4xx_tim.o(.text)
    TIM_ClearITPendingBit                    0x08002b9d   Thumb Code     6  stm32f4xx_tim.o(.text)
    TIM_DMAConfig                            0x08002ba3   Thumb Code     8  stm32f4xx_tim.o(.text)
    TIM_DMACmd                               0x08002bab   Thumb Code    16  stm32f4xx_tim.o(.text)
    TIM_SelectCCDMA                          0x08002bbb   Thumb Code    18  stm32f4xx_tim.o(.text)
    TIM_InternalClockConfig                  0x08002bcd   Thumb Code    10  stm32f4xx_tim.o(.text)
    TIM_SelectInputTrigger                   0x08002bd7   Thumb Code    12  stm32f4xx_tim.o(.text)
    TIM_ITRxExternalClockConfig              0x08002be3   Thumb Code    20  stm32f4xx_tim.o(.text)
    TIM_TIxExternalClockConfig               0x08002bf7   Thumb Code    88  stm32f4xx_tim.o(.text)
    TIM_ETRConfig                            0x08002c4f   Thumb Code    32  stm32f4xx_tim.o(.text)
    TIM_ETRClockMode1Config                  0x08002c6f   Thumb Code    40  stm32f4xx_tim.o(.text)
    TIM_ETRClockMode2Config                  0x08002c97   Thumb Code    40  stm32f4xx_tim.o(.text)
    TIM_SelectOutputTrigger                  0x08002cbf   Thumb Code    16  stm32f4xx_tim.o(.text)
    TIM_SelectSlaveMode                      0x08002ccf   Thumb Code    16  stm32f4xx_tim.o(.text)
    TIM_SelectMasterSlaveMode                0x08002cdf   Thumb Code    16  stm32f4xx_tim.o(.text)
    TIM_EncoderInterfaceConfig               0x08002cef   Thumb Code    60  stm32f4xx_tim.o(.text)
    TIM_SelectHallSensor                     0x08002d2b   Thumb Code    18  stm32f4xx_tim.o(.text)
    TIM_RemapConfig                          0x08002d3d   Thumb Code     6  stm32f4xx_tim.o(.text)
    IWDG_WriteAccessCmd                      0x08002d81   Thumb Code     6  stm32f4xx_iwdg.o(.text)
    IWDG_SetPrescaler                        0x08002d87   Thumb Code     6  stm32f4xx_iwdg.o(.text)
    IWDG_SetReload                           0x08002d8d   Thumb Code     6  stm32f4xx_iwdg.o(.text)
    IWDG_ReloadCounter                       0x08002d93   Thumb Code    10  stm32f4xx_iwdg.o(.text)
    IWDG_Enable                              0x08002d9d   Thumb Code    10  stm32f4xx_iwdg.o(.text)
    IWDG_GetFlagStatus                       0x08002da7   Thumb Code    16  stm32f4xx_iwdg.o(.text)
    lc_tmo_config                            0x08002e31   Thumb Code    70  cl1_1.o(.text)
    MVBCInit                                 0x08002e77   Thumb Code   424  cl1_1.o(.text)
    MVBCGetSCRIL                             0x0800301f   Thumb Code    42  cl1_1.o(.text)
    MVBCStart                                0x08003049   Thumb Code   100  cl1_1.o(.text)
    MVBCStop                                 0x080030ad   Thumb Code    56  cl1_1.o(.text)
    MVBCGetPort                              0x080030e5   Thumb Code   364  cl1_1.o(.text)
    MVBCPutPort                              0x08003251   Thumb Code   346  cl1_1.o(.text)
    MVBCSetDSW                               0x080033ab   Thumb Code    22  cl1_1.o(.text)
    MVBCIdle                                 0x080033c1   Thumb Code    20  cl1_1.o(.text)
    MVBCGetDeviceAddress                     0x080033d5   Thumb Code    44  cl1_1.o(.text)
    MVBCRetriggerWd                          0x08003401   Thumb Code    92  cl1_1.o(.text)
    MVBCGetServiceAreaAddr                   0x0800345d   Thumb Code    30  cl1_1.o(.text)
    MVBCGetTSStartAddr                       0x0800347b   Thumb Code    28  cl1_1.o(.text)
    check_port_event                         0x08003d09   Thumb Code    54  demo11.o(.text)
    copy_req_msg                             0x08003d3f   Thumb Code    70  demo11.o(.text)
    reply_msg_to_zsg                         0x08003d85   Thumb Code    70  demo11.o(.text)
    MVB_Service                              0x08003dcb   Thumb Code   354  demo11.o(.text)
    MVB_Parameter_Init                       0x08003f2d   Thumb Code    92  demo11.o(.text)
    test_mvb_init                            0x08003f89   Thumb Code   244  demo11.o(.text)
    test_main                                0x0800407d   Thumb Code   510  demo11.o(.text)
    writeWordToTS                            0x08004481   Thumb Code    12  host_dep.o(.text)
    readWordFromTS                           0x0800448d   Thumb Code     4  host_dep.o(.text)
    writeWordToMVBC                          0x08004491   Thumb Code    12  host_dep.o(.text)
    readWordFromMVBC                         0x0800449d   Thumb Code     4  host_dep.o(.text)
    MVB_INT_ENABLE                           0x080044a1   Thumb Code     2  host_dep.o(.text)
    MVB_INT_DISABLE                          0x080044a3   Thumb Code     2  host_dep.o(.text)
    Wait2MS                                  0x080044a5   Thumb Code     2  host_dep.o(.text)
    Wait100US                                0x080044a7   Thumb Code     2  host_dep.o(.text)
    __use_no_semihosting                     0x080044a9   Thumb Code     2  use_no_semi_2.o(.text)
    __2printf                                0x080044ad   Thumb Code    20  noretval__2printf.o(.text)
    __2sprintf                               0x080044c5   Thumb Code    34  noretval__2sprintf.o(.text)
    _printf_pre_padding                      0x080044ed   Thumb Code    44  _printf_pad.o(.text)
    _printf_post_padding                     0x08004519   Thumb Code    34  _printf_pad.o(.text)
    _printf_str                              0x0800453b   Thumb Code    82  _printf_str.o(.text)
    _printf_int_dec                          0x0800458d   Thumb Code   104  _printf_dec.o(.text)
    _printf_int_hex                          0x08004605   Thumb Code    84  _printf_hex_int.o(.text)
    _printf_longlong_hex                     0x08004605   Thumb Code     0  _printf_hex_int.o(.text)
    __printf                                 0x0800465d   Thumb Code   308  __printf_flags_wp.o(.text)
    __aeabi_memcpy                           0x08004795   Thumb Code     0  rt_memcpy_v6.o(.text)
    __rt_memcpy                              0x08004795   Thumb Code   138  rt_memcpy_v6.o(.text)
    _memcpy_lastbytes                        0x080047fb   Thumb Code     0  rt_memcpy_v6.o(.text)
    __aeabi_memclr                           0x0800481f   Thumb Code     0  rt_memclr.o(.text)
    __rt_memclr                              0x0800481f   Thumb Code    68  rt_memclr.o(.text)
    _memset                                  0x08004823   Thumb Code     0  rt_memclr.o(.text)
    __use_two_region_memory                  0x08004863   Thumb Code     2  heapauxi.o(.text)
    __rt_heap_escrow$2region                 0x08004865   Thumb Code     2  heapauxi.o(.text)
    __rt_heap_expand$2region                 0x08004867   Thumb Code     2  heapauxi.o(.text)
    __I$use$semihosting                      0x08004869   Thumb Code     0  use_no_semi.o(.text)
    __use_no_semihosting_swi                 0x08004869   Thumb Code     2  use_no_semi.o(.text)
    _printf_int_common                       0x0800486b   Thumb Code   178  _printf_intcommon.o(.text)
    _printf_char_common                      0x08004927   Thumb Code    32  _printf_char_common.o(.text)
    _sputc                                   0x0800494d   Thumb Code    10  _sputc.o(.text)
    _printf_cs_common                        0x08004957   Thumb Code    20  _printf_char.o(.text)
    _printf_char                             0x0800496b   Thumb Code    16  _printf_char.o(.text)
    _printf_string                           0x0800497b   Thumb Code     8  _printf_char.o(.text)
    _printf_char_file                        0x08004985   Thumb Code    32  _printf_char_file.o(.text)
    __aeabi_memcpy4                          0x080049a9   Thumb Code     0  rt_memcpy_w.o(.text)
    __aeabi_memcpy8                          0x080049a9   Thumb Code     0  rt_memcpy_w.o(.text)
    __rt_memcpy_w                            0x080049a9   Thumb Code   100  rt_memcpy_w.o(.text)
    _memcpy_lastbytes_aligned                0x080049f1   Thumb Code     0  rt_memcpy_w.o(.text)
    __aeabi_memclr4                          0x08004a0d   Thumb Code     0  rt_memclr_w.o(.text)
    __aeabi_memclr8                          0x08004a0d   Thumb Code     0  rt_memclr_w.o(.text)
    __rt_memclr_w                            0x08004a0d   Thumb Code    78  rt_memclr_w.o(.text)
    _memset_w                                0x08004a11   Thumb Code     0  rt_memclr_w.o(.text)
    ferror                                   0x08004a5b   Thumb Code     8  ferror.o(.text)
    __user_setup_stackheap                   0x08004a63   Thumb Code    74  sys_stackheap_outer.o(.text)
    exit                                     0x08004aad   Thumb Code    18  exit.o(.text)
    __user_libspace                          0x08004ac1   Thumb Code     8  libspace.o(.text)
    __user_perproc_libspace                  0x08004ac1   Thumb Code     0  libspace.o(.text)
    __user_perthread_libspace                0x08004ac1   Thumb Code     0  libspace.o(.text)
    _is_digit                                0x08004ac9   Thumb Code    14  __printf_wp.o(i._is_digit)
    _fp_init                                 0x08004ad7   Thumb Code    10  fpinit.o(x$fpl$fpinit)
    __fplib_config_fpu_vfp                   0x08004adf   Thumb Code     0  fpinit.o(x$fpl$fpinit)
    __fplib_config_pureend_doubles           0x08004adf   Thumb Code     0  fpinit.o(x$fpl$fpinit)
    auchCRCHi                                0x08004ae0   Data         256  modbus.o(.constdata)
    auchCRCLo                                0x08004be0   Data         256  modbus.o(.constdata)
    Region$$Table$$Base                      0x08004d8c   Number         0  anon$$obj.o(Region$$Table)
    Region$$Table$$Limit                     0x08004dac   Number         0  anon$$obj.o(Region$$Table)
    recode_time2                             0x20000000   Data           4  main.o(.data)
    recode_time3                             0x20000004   Data           4  main.o(.data)
    SystemCoreClock                          0x20000008   Data           4  system_stm32f4xx.o(.data)
    AHBPrescTable                            0x2000000c   Data          16  system_stm32f4xx.o(.data)
    RS485_RX_CNT                             0x2000001c   Data           2  rs485.o(.data)
    Localbus_ARM_WAIT                        0x20000020   Data           1  localbus.o(.data)
    m_mode                                   0x20000021   Data           1  localbus.o(.data)
    count_inter                              0x20000022   Data           2  localbus.o(.data)
    Localbus_ADDR_GPIO_type                  0x20000024   Data          48  localbus.o(.data)
    Localbus_ADDR_GPIO_pins                  0x20000054   Data          24  localbus.o(.data)
    Localbus_ADDR_mask                       0x2000006c   Data          48  localbus.o(.data)
    Localbus_WR_GPIO_type                    0x2000009c   Data          64  localbus.o(.data)
    Localbus_WR_GPIO_pins                    0x200000dc   Data          32  localbus.o(.data)
    Localbus_WR_mask                         0x200000fc   Data          32  localbus.o(.data)
    uwTick1                                  0x2000011c   Data           4  timer.o(.data)
    uwTick2                                  0x20000120   Data           4  timer.o(.data)
    RS485_Addr                               0x20000124   Data           1  modbus.o(.data)
    RS485_FrameFlag                          0x20000125   Data           1  modbus.o(.data)
    MVB_START_FLAG                           0x20000126   Data           1  modbus.o(.data)
    data_count                               0x20000127   Data           1  modbus.o(.data)
    heart_beat                               0x20000128   Data           2  modbus.o(.data)
    startRegAddr                             0x2000012a   Data           2  modbus.o(.data)
    Multi_regNum                             0x2000012c   Data           2  modbus.o(.data)
    calCRC                                   0x2000012e   Data           2  modbus.o(.data)
    port_size                                0x20000130   Data           5  modbus.o(.data)
    USART_RX_STA                             0x2000013a   Data           2  usart.o(.data)
    __stdout                                 0x2000013c   Data           4  usart.o(.data)
    test_src                                 0x20000150   Data           2  cl1_1.o(.data)
    temp_num                                 0x20000152   Data           2  cl1_1.o(.data)
    MVB_Initial_Regs_Read                    0x20000154   Data           1  demo11.o(.data)
    retWert                                  0x20000155   Data           1  demo11.o(.data)
    retWert100                               0x20000156   Data           1  demo11.o(.data)
    retWert101                               0x20000157   Data           1  demo11.o(.data)
    retWert208                               0x20000158   Data           1  demo11.o(.data)
    retWert209                               0x20000159   Data           1  demo11.o(.data)
    RS485_RX_BUFF                            0x2000015c   Data        2048  rs485.o(.bss)
    RS485_TX_BUFF                            0x2000095c   Data        2048  rs485.o(.bss)
    data_t                                   0x2000115c   Data          64  localbus.o(.bss)
    USART_RX_BUF                             0x2000119c   Data         200  usart.o(.bss)
    reg_num                                  0x2000128c   Data          32  demo11.o(.bss)
    outStr0                                  0x200012ac   Data          80  demo11.o(.bss)
    outStr1                                  0x200012fc   Data          80  demo11.o(.bss)
    outStr2                                  0x2000134c   Data          80  demo11.o(.bss)
    p100buf                                  0x2000139c   Data          34  demo11.o(.bss)
    p101buf                                  0x200013be   Data          34  demo11.o(.bss)
    p208buf                                  0x200013e0   Data          34  demo11.o(.bss)
    p209buf                                  0x20001402   Data          34  demo11.o(.bss)
    pc104_data_buff                          0x20001424   Data        1088  demo11.o(.bss)
    pc104_data_old                           0x20001864   Data        1088  demo11.o(.bss)
    temp_buff                                0x20001ca4   Data          34  demo11.o(.bss)
    mvb_ts_cfg                               0x20001cc6   Data         256  demo11.o(.bss)
    mvb_data_update                          0x20001dc6   Data          32  demo11.o(.bss)
    mvb                                      0x20001de8   Data          48  demo11.o(.bss)
    __libspace_start                         0x20001e18   Data          96  libspace.o(.bss)
    __temporary_stack_top$libspace           0x20001e78   Data           0  libspace.o(.bss)



==============================================================================

Memory Map of the image

  Image Entry point : 0x08000189

  Load Region LR_IROM1 (Base: 0x08000000, Size: 0x00004f08, Max: 0x00080000, ABSOLUTE, COMPRESSED[0x00004e10])

    Execution Region ER_IROM1 (Base: 0x08000000, Size: 0x00004dac, Max: 0x00080000, ABSOLUTE)

    Base Addr    Size         Type   Attr      Idx    E Section Name        Object

    0x08000000   0x00000188   Data   RO          531    RESET               startup_stm32f40_41xxx.o
    0x08000188   0x00000008   Code   RO          881  * !!!main             c_w.l(__main.o)
    0x08000190   0x00000034   Code   RO         1059    !!!scatter          c_w.l(__scatter.o)
    0x080001c4   0x0000005a   Code   RO         1057    !!dczerorl2         c_w.l(__dczerorl2.o)
    0x0800021e   0x00000002   PAD
    0x08000220   0x0000001c   Code   RO         1061    !!handler_zi        c_w.l(__scatter_zi.o)
    0x0800023c   0x00000000   Code   RO          874    .ARM.Collect$$_printf_percent$$00000000  c_w.l(_printf_percent.o)
    0x0800023c   0x00000006   Code   RO          873    .ARM.Collect$$_printf_percent$$00000009  c_w.l(_printf_d.o)
    0x08000242   0x00000006   Code   RO          872    .ARM.Collect$$_printf_percent$$0000000C  c_w.l(_printf_x.o)
    0x08000248   0x00000006   Code   RO          871    .ARM.Collect$$_printf_percent$$00000014  c_w.l(_printf_s.o)
    0x0800024e   0x00000004   Code   RO          896    .ARM.Collect$$_printf_percent$$00000017  c_w.l(_printf_percent_end.o)
    0x08000252   0x00000002   Code   RO          931    .ARM.Collect$$libinit$$00000000  c_w.l(libinit.o)
    0x08000254   0x00000004   Code   RO          937    .ARM.Collect$$libinit$$00000001  c_w.l(libinit2.o)
    0x08000258   0x00000000   Code   RO          940    .ARM.Collect$$libinit$$00000004  c_w.l(libinit2.o)
    0x08000258   0x00000000   Code   RO          943    .ARM.Collect$$libinit$$0000000A  c_w.l(libinit2.o)
    0x08000258   0x00000000   Code   RO          945    .ARM.Collect$$libinit$$0000000C  c_w.l(libinit2.o)
    0x08000258   0x00000000   Code   RO          947    .ARM.Collect$$libinit$$0000000E  c_w.l(libinit2.o)
    0x08000258   0x00000000   Code   RO          950    .ARM.Collect$$libinit$$00000011  c_w.l(libinit2.o)
    0x08000258   0x00000000   Code   RO          952    .ARM.Collect$$libinit$$00000013  c_w.l(libinit2.o)
    0x08000258   0x00000000   Code   RO          954    .ARM.Collect$$libinit$$00000015  c_w.l(libinit2.o)
    0x08000258   0x00000000   Code   RO          956    .ARM.Collect$$libinit$$00000017  c_w.l(libinit2.o)
    0x08000258   0x00000000   Code   RO          958    .ARM.Collect$$libinit$$00000019  c_w.l(libinit2.o)
    0x08000258   0x00000000   Code   RO          960    .ARM.Collect$$libinit$$0000001B  c_w.l(libinit2.o)
    0x08000258   0x00000000   Code   RO          962    .ARM.Collect$$libinit$$0000001D  c_w.l(libinit2.o)
    0x08000258   0x00000000   Code   RO          964    .ARM.Collect$$libinit$$0000001F  c_w.l(libinit2.o)
    0x08000258   0x00000000   Code   RO          966    .ARM.Collect$$libinit$$00000021  c_w.l(libinit2.o)
    0x08000258   0x00000000   Code   RO          968    .ARM.Collect$$libinit$$00000023  c_w.l(libinit2.o)
    0x08000258   0x00000000   Code   RO          970    .ARM.Collect$$libinit$$00000025  c_w.l(libinit2.o)
    0x08000258   0x00000000   Code   RO          974    .ARM.Collect$$libinit$$0000002C  c_w.l(libinit2.o)
    0x08000258   0x00000000   Code   RO          976    .ARM.Collect$$libinit$$0000002E  c_w.l(libinit2.o)
    0x08000258   0x00000000   Code   RO          978    .ARM.Collect$$libinit$$00000030  c_w.l(libinit2.o)
    0x08000258   0x00000000   Code   RO          980    .ARM.Collect$$libinit$$00000032  c_w.l(libinit2.o)
    0x08000258   0x00000002   Code   RO          981    .ARM.Collect$$libinit$$00000033  c_w.l(libinit2.o)
    0x0800025a   0x00000002   Code   RO          999    .ARM.Collect$$libshutdown$$00000000  c_w.l(libshutdown.o)
    0x0800025c   0x00000000   Code   RO         1009    .ARM.Collect$$libshutdown$$00000002  c_w.l(libshutdown2.o)
    0x0800025c   0x00000000   Code   RO         1011    .ARM.Collect$$libshutdown$$00000004  c_w.l(libshutdown2.o)
    0x0800025c   0x00000000   Code   RO         1014    .ARM.Collect$$libshutdown$$00000007  c_w.l(libshutdown2.o)
    0x0800025c   0x00000000   Code   RO         1017    .ARM.Collect$$libshutdown$$0000000A  c_w.l(libshutdown2.o)
    0x0800025c   0x00000000   Code   RO         1019    .ARM.Collect$$libshutdown$$0000000C  c_w.l(libshutdown2.o)
    0x0800025c   0x00000000   Code   RO         1022    .ARM.Collect$$libshutdown$$0000000F  c_w.l(libshutdown2.o)
    0x0800025c   0x00000002   Code   RO         1023    .ARM.Collect$$libshutdown$$00000010  c_w.l(libshutdown2.o)
    0x0800025e   0x00000000   Code   RO          885    .ARM.Collect$$rtentry$$00000000  c_w.l(__rtentry.o)
    0x0800025e   0x00000000   Code   RO          902    .ARM.Collect$$rtentry$$00000002  c_w.l(__rtentry2.o)
    0x0800025e   0x00000006   Code   RO          914    .ARM.Collect$$rtentry$$00000004  c_w.l(__rtentry4.o)
    0x08000264   0x00000000   Code   RO          904    .ARM.Collect$$rtentry$$00000009  c_w.l(__rtentry2.o)
    0x08000264   0x00000004   Code   RO          905    .ARM.Collect$$rtentry$$0000000A  c_w.l(__rtentry2.o)
    0x08000268   0x00000000   Code   RO          907    .ARM.Collect$$rtentry$$0000000C  c_w.l(__rtentry2.o)
    0x08000268   0x00000008   Code   RO          908    .ARM.Collect$$rtentry$$0000000D  c_w.l(__rtentry2.o)
    0x08000270   0x00000002   Code   RO          935    .ARM.Collect$$rtexit$$00000000  c_w.l(rtexit.o)
    0x08000272   0x00000000   Code   RO          983    .ARM.Collect$$rtexit$$00000002  c_w.l(rtexit2.o)
    0x08000272   0x00000004   Code   RO          984    .ARM.Collect$$rtexit$$00000003  c_w.l(rtexit2.o)
    0x08000276   0x00000006   Code   RO          985    .ARM.Collect$$rtexit$$00000004  c_w.l(rtexit2.o)
    0x0800027c   0x000000b4   Code   RO            3    .text               main.o
    0x08000330   0x00000012   Code   RO          211    .text               stm32f4xx_it.o
    0x08000342   0x00000002   PAD
    0x08000344   0x00000194   Code   RO          257    .text               system_stm32f4xx.o
    0x080004d8   0x00000190   Code   RO          331    .text               rs485.o
    0x08000668   0x00000578   Code   RO          360    .text               localbus.o
    0x08000be0   0x00000120   Code   RO          390    .text               timer.o
    0x08000d00   0x0000058c   Code   RO          413    .text               modbus.o
    0x0800128c   0x000000f0   Code   RO          441    .text               delay.o
    0x0800137c   0x00000134   Code   RO          482    .text               usart.o
    0x080014b0   0x0000002a   Code   RO          511    .text               iwdg.o
    0x080014da   0x00000002   PAD
    0x080014dc   0x00000040   Code   RO          532    .text               startup_stm32f40_41xxx.o
    0x0800151c   0x000000c0   Code   RO          538    .text               misc.o
    0x080015dc   0x00000256   Code   RO          558    .text               stm32f4xx_gpio.o
    0x08001832   0x00000002   PAD
    0x08001834   0x000004b4   Code   RO          601    .text               stm32f4xx_rcc.o
    0x08001ce8   0x00000080   Code   RO          624    .text               stm32f4xx_syscfg.o
    0x08001d68   0x000003a0   Code   RO          644    .text               stm32f4xx_usart.o
    0x08002108   0x000000fc   Code   RO          664    .text               stm32f4xx_exti.o
    0x08002204   0x00000b7c   Code   RO          684    .text               stm32f4xx_tim.o
    0x08002d80   0x0000003c   Code   RO          705    .text               stm32f4xx_iwdg.o
    0x08002dbc   0x00000f4c   Code   RO          723    .text               cl1_1.o
    0x08003d08   0x00000778   Code   RO          749    .text               demo11.o
    0x08004480   0x00000028   Code   RO          789    .text               host_dep.o
    0x080044a8   0x00000002   Code   RO          812    .text               c_w.l(use_no_semi_2.o)
    0x080044aa   0x00000002   PAD
    0x080044ac   0x00000018   Code   RO          818    .text               c_w.l(noretval__2printf.o)
    0x080044c4   0x00000028   Code   RO          820    .text               c_w.l(noretval__2sprintf.o)
    0x080044ec   0x0000004e   Code   RO          824    .text               c_w.l(_printf_pad.o)
    0x0800453a   0x00000052   Code   RO          826    .text               c_w.l(_printf_str.o)
    0x0800458c   0x00000078   Code   RO          828    .text               c_w.l(_printf_dec.o)
    0x08004604   0x00000058   Code   RO          833    .text               c_w.l(_printf_hex_int.o)
    0x0800465c   0x00000138   Code   RO          863    .text               c_w.l(__printf_flags_wp.o)
    0x08004794   0x0000008a   Code   RO          875    .text               c_w.l(rt_memcpy_v6.o)
    0x0800481e   0x00000044   Code   RO          877    .text               c_w.l(rt_memclr.o)
    0x08004862   0x00000006   Code   RO          879    .text               c_w.l(heapauxi.o)
    0x08004868   0x00000002   Code   RO          883    .text               c_w.l(use_no_semi.o)
    0x0800486a   0x000000b2   Code   RO          886    .text               c_w.l(_printf_intcommon.o)
    0x0800491c   0x00000030   Code   RO          888    .text               c_w.l(_printf_char_common.o)
    0x0800494c   0x0000000a   Code   RO          890    .text               c_w.l(_sputc.o)
    0x08004956   0x0000002c   Code   RO          892    .text               c_w.l(_printf_char.o)
    0x08004982   0x00000002   PAD
    0x08004984   0x00000024   Code   RO          894    .text               c_w.l(_printf_char_file.o)
    0x080049a8   0x00000064   Code   RO          897    .text               c_w.l(rt_memcpy_w.o)
    0x08004a0c   0x0000004e   Code   RO          899    .text               c_w.l(rt_memclr_w.o)
    0x08004a5a   0x00000008   Code   RO          918    .text               c_w.l(ferror.o)
    0x08004a62   0x0000004a   Code   RO          922    .text               c_w.l(sys_stackheap_outer.o)
    0x08004aac   0x00000012   Code   RO          924    .text               c_w.l(exit.o)
    0x08004abe   0x00000002   PAD
    0x08004ac0   0x00000008   Code   RO          932    .text               c_w.l(libspace.o)
    0x08004ac8   0x0000000e   Code   RO          861    i._is_digit         c_w.l(__printf_wp.o)
    0x08004ad6   0x0000000a   Code   RO          991    x$fpl$fpinit        fz_wm.l(fpinit.o)
    0x08004ae0   0x00000200   Data   RO          414    .constdata          modbus.o
    0x08004ce0   0x00000072   Data   RO          725    .constdata          cl1_1.o
    0x08004d52   0x00000028   Data   RO          834    .constdata          c_w.l(_printf_hex_int.o)
    0x08004d7a   0x00000011   Data   RO          864    .constdata          c_w.l(__printf_flags_wp.o)
    0x08004d8b   0x00000001   PAD
    0x08004d8c   0x00000020   Data   RO         1055    Region$$Table       anon$$obj.o


    Execution Region RW_IRAM1 (Base: 0x20000000, Size: 0x00002478, Max: 0x00020000, ABSOLUTE, COMPRESSED[0x00000064])

    Base Addr    Size         Type   Attr      Idx    E Section Name        Object

    0x20000000   0x00000008   Data   RW           13    .data               main.o
    0x20000008   0x00000014   Data   RW          258    .data               system_stm32f4xx.o
    0x2000001c   0x00000002   Data   RW          335    .data               rs485.o
    0x2000001e   0x00000002   PAD
    0x20000020   0x000000fc   Data   RW          364    .data               localbus.o
    0x2000011c   0x00000008   Data   RW          391    .data               timer.o
    0x20000124   0x00000011   Data   RW          415    .data               modbus.o
    0x20000135   0x00000001   PAD
    0x20000136   0x00000004   Data   RW          442    .data               delay.o
    0x2000013a   0x00000002   Data   RW          484    .data               usart.o
    0x2000013c   0x00000004   Data   RW          485    .data               usart.o
    0x20000140   0x00000010   Data   RW          602    .data               stm32f4xx_rcc.o
    0x20000150   0x00000004   Data   RW          726    .data               cl1_1.o
    0x20000154   0x00000006   Data   RW          751    .data               demo11.o
    0x2000015a   0x00000002   PAD
    0x2000015c   0x00000800   Zero   RW          332    .bss                rs485.o
    0x2000095c   0x00000800   Zero   RW          333    .bss                rs485.o
    0x2000115c   0x00000040   Zero   RW          361    .bss                localbus.o
    0x2000119c   0x000000c8   Zero   RW          483    .bss                usart.o
    0x20001264   0x00000028   Zero   RW          724    .bss                cl1_1.o
    0x2000128c   0x00000b8c   Zero   RW          750    .bss                demo11.o
    0x20001e18   0x00000060   Zero   RW          933    .bss                c_w.l(libspace.o)
    0x20001e78   0x00000200   Zero   RW          530    HEAP                startup_stm32f40_41xxx.o
    0x20002078   0x00000400   Zero   RW          529    STACK               startup_stm32f40_41xxx.o


==============================================================================

Image component sizes


      Code (inc. data)   RO Data    RW Data    ZI Data      Debug   Object Name

      3916        408        114          4         40      19726   cl1_1.o
       240          4          0          4          0       2015   delay.o
      1912        554          0          6       2956       4972   demo11.o
        40          0          0          0          0       1529   host_dep.o
        42          0          0          0          0        682   iwdg.o
      1400         70          0        252         64       5802   localbus.o
       180         18          0          8          0     304144   main.o
       192         12          0          0          0       2001   misc.o
      1420         68        512         17          0       6361   modbus.o
       400         26          0          2       4096       2088   rs485.o
        64         26        392          0       1536        828   startup_stm32f40_41xxx.o
       252         22          0          0          0       2355   stm32f4xx_exti.o
       598          0          0          0          0       4705   stm32f4xx_gpio.o
        18          0          0          0          0       1198   stm32f4xx_it.o
        60          6          0          0          0       1369   stm32f4xx_iwdg.o
      1204        166          0         16          0      13346   stm32f4xx_rcc.o
       128         16          0          0          0       1869   stm32f4xx_syscfg.o
      2940         10          0          0          0      25874   stm32f4xx_tim.o
       928          4          0          0          0       8332   stm32f4xx_usart.o
       404         56          0         20          0       1767   system_stm32f4xx.o
       288         12          0          8          0       1776   timer.o
       308         22          0          6        200       3354   usart.o

    ----------------------------------------------------------------------
     16940       1500       1050        348       8892     416093   Object Totals
         0          0         32          0          0          0   (incl. Generated)
         6          0          0          5          0          0   (incl. Padding)

    ----------------------------------------------------------------------

      Code (inc. data)   RO Data    RW Data    ZI Data      Debug   Library Member Name

        90          0          0          0          0          0   __dczerorl2.o
         8          0          0          0          0         68   __main.o
       312          4         17          0          0         92   __printf_flags_wp.o
        14          0          0          0          0         68   __printf_wp.o
         0          0          0          0          0          0   __rtentry.o
        12          0          0          0          0          0   __rtentry2.o
         6          0          0          0          0          0   __rtentry4.o
        52          8          0          0          0          0   __scatter.o
        28          0          0          0          0          0   __scatter_zi.o
        44          0          0          0          0        108   _printf_char.o
        48          6          0          0          0         96   _printf_char_common.o
        36          4          0          0          0         80   _printf_char_file.o
         6          0          0          0          0          0   _printf_d.o
       120         16          0          0          0         92   _printf_dec.o
        88          4         40          0          0         88   _printf_hex_int.o
       178          0          0          0          0         88   _printf_intcommon.o
        78          0          0          0          0        108   _printf_pad.o
         0          0          0          0          0          0   _printf_percent.o
         4          0          0          0          0          0   _printf_percent_end.o
         6          0          0          0          0          0   _printf_s.o
        82          0          0          0          0         80   _printf_str.o
         6          0          0          0          0          0   _printf_x.o
        10          0          0          0          0         68   _sputc.o
        18          0          0          0          0         80   exit.o
         8          0          0          0          0         68   ferror.o
         6          0          0          0          0        152   heapauxi.o
         2          0          0          0          0          0   libinit.o
         6          0          0          0          0          0   libinit2.o
         2          0          0          0          0          0   libshutdown.o
         2          0          0          0          0          0   libshutdown2.o
         8          4          0          0         96         68   libspace.o
        24          4          0          0          0         84   noretval__2printf.o
        40          6          0          0          0         84   noretval__2sprintf.o
        68          0          0          0          0         68   rt_memclr.o
        78          0          0          0          0         80   rt_memclr_w.o
       138          0          0          0          0         68   rt_memcpy_v6.o
       100          0          0          0          0         80   rt_memcpy_w.o
         2          0          0          0          0          0   rtexit.o
        10          0          0          0          0          0   rtexit2.o
        74          0          0          0          0         80   sys_stackheap_outer.o
         2          0          0          0          0         68   use_no_semi.o
         2          0          0          0          0         68   use_no_semi_2.o
        10          0          0          0          0        116   fpinit.o

    ----------------------------------------------------------------------
      1836         56         58          0         96       2200   Library Totals
         8          0          1          0          0          0   (incl. Padding)

    ----------------------------------------------------------------------

      Code (inc. data)   RO Data    RW Data    ZI Data      Debug   Library Name

      1818         56         57          0         96       2084   c_w.l
        10          0          0          0          0        116   fz_wm.l

    ----------------------------------------------------------------------
      1836         56         58          0         96       2200   Library Totals

    ----------------------------------------------------------------------

==============================================================================


      Code (inc. data)   RO Data    RW Data    ZI Data      Debug   

     18776       1556       1108        348       8988     412201   Grand Totals
     18776       1556       1108        100       8988     412201   ELF Image Totals (compressed)
     18776       1556       1108        100          0          0   ROM Totals

==============================================================================

    Total RO  Size (Code + RO Data)                19884 (  19.42kB)
    Total RW  Size (RW Data + ZI Data)              9336 (   9.12kB)
    Total ROM Size (Code + RO Data + RW Data)      19984 (  19.52kB)

==============================================================================

