Component: ARM Compiler 5.05 update 1 (build 106) Tool: armlink [4d0efa]

==============================================================================

Section Cross References

    main.o(.text) refers to misc.o(.text) for NVIC_PriorityGroupConfig
    main.o(.text) refers to delay.o(.text) for delay_init
    main.o(.text) refers to usart.o(.text) for uart_init
    main.o(.text) refers to rs485.o(.text) for RS485_Init
    main.o(.text) refers to demo11.o(.text) for MVB_Parameter_Init
    main.o(.text) refers to modbus.o(.text) for Modbus_Init
    main.o(.text) refers to localbus.o(.text) for Localbus_Exit_Init
    main.o(.text) refers to timer.o(.text) for TIM4_Int_Init
    main.o(.text) refers to main.o(.data) for .data
    system_stm32f4xx.o(.text) refers to system_stm32f4xx.o(.data) for .data
    led.o(.text) refers to stm32f4xx_rcc.o(.text) for RCC_AHB1PeriphClockCmd
    led.o(.text) refers to stm32f4xx_gpio.o(.text) for GPIO_Init
    rs485.o(.text) refers to stm32f4xx_usart.o(.text) for USART_GetITStatus
    rs485.o(.text) refers to stm32f4xx_tim.o(.text) for TIM_ClearITPendingBit
    rs485.o(.text) refers to stm32f4xx_rcc.o(.text) for RCC_AHB1PeriphClockCmd
    rs485.o(.text) refers to stm32f4xx_gpio.o(.text) for GPIO_PinAFConfig
    rs485.o(.text) refers to misc.o(.text) for NVIC_Init
    rs485.o(.text) refers to rs485.o(.data) for .data
    rs485.o(.text) refers to rs485.o(.bss) for .bss
    localbus.o(.text) refers to stm32f4xx_rcc.o(.text) for RCC_AHB1PeriphClockCmd
    localbus.o(.text) refers to stm32f4xx_gpio.o(.text) for GPIO_Init
    localbus.o(.text) refers to stm32f4xx_tim.o(.text) for TIM_TimeBaseInit
    localbus.o(.text) refers to misc.o(.text) for NVIC_Init
    localbus.o(.text) refers to stm32f4xx_syscfg.o(.text) for SYSCFG_EXTILineConfig
    localbus.o(.text) refers to stm32f4xx_exti.o(.text) for EXTI_Init
    localbus.o(.text) refers to delay.o(.text) for delay_us
    localbus.o(.text) refers to localbus.o(.data) for .data
    localbus.o(.text) refers to localbus.o(.bss) for .bss
    timer.o(.text) refers to stm32f4xx_rcc.o(.text) for RCC_APB1PeriphClockCmd
    timer.o(.text) refers to stm32f4xx_tim.o(.text) for TIM_TimeBaseInit
    timer.o(.text) refers to misc.o(.text) for NVIC_Init
    timer.o(.text) refers to timer.o(.data) for .data
    modbus.o(.text) refers to stm32f4xx_rcc.o(.text) for RCC_APB1PeriphClockCmd
    modbus.o(.text) refers to stm32f4xx_tim.o(.text) for TIM_TimeBaseInit
    modbus.o(.text) refers to misc.o(.text) for NVIC_Init
    modbus.o(.text) refers to cl1_1.o(.text) for MVBCGetSCRIL
    modbus.o(.text) refers to rs485.o(.text) for RS485_Send_Data
    modbus.o(.text) refers to modbus.o(.constdata) for .constdata
    modbus.o(.text) refers to modbus.o(.data) for .data
    modbus.o(.text) refers to demo11.o(.bss) for pc104_data_buff
    modbus.o(.text) refers to rs485.o(.bss) for RS485_RX_BUFF
    modbus.o(.text) refers to rs485.o(.bss) for RS485_TX_BUFF
    modbus.o(.text) refers to rs485.o(.data) for RS485_RX_CNT
    delay.o(.text) refers to misc.o(.text) for SysTick_CLKSourceConfig
    delay.o(.text) refers to delay.o(.data) for .data
    usart.o(.rev16_text) refers (Special) to use_no_semi_2.o(.text) for __use_no_semihosting
    usart.o(.revsh_text) refers (Special) to use_no_semi_2.o(.text) for __use_no_semihosting
    usart.o(.text) refers (Special) to use_no_semi_2.o(.text) for __use_no_semihosting
    usart.o(.text) refers to stm32f4xx_rcc.o(.text) for RCC_AHB1PeriphClockCmd
    usart.o(.text) refers to stm32f4xx_gpio.o(.text) for GPIO_PinAFConfig
    usart.o(.text) refers to stm32f4xx_usart.o(.text) for USART_Init
    usart.o(.text) refers to misc.o(.text) for NVIC_Init
    usart.o(.text) refers to usart.o(.data) for .data
    usart.o(.text) refers to usart.o(.bss) for .bss
    usart.o(.bss) refers (Special) to use_no_semi_2.o(.text) for __use_no_semihosting
    usart.o(.data) refers (Special) to use_no_semi_2.o(.text) for __use_no_semihosting
    usart.o(.data) refers (Special) to use_no_semi_2.o(.text) for __use_no_semihosting
    startup_stm32f40_41xxx.o(STACK) refers (Special) to heapauxi.o(.text) for __use_two_region_memory
    startup_stm32f40_41xxx.o(HEAP) refers (Special) to heapauxi.o(.text) for __use_two_region_memory
    startup_stm32f40_41xxx.o(RESET) refers (Special) to heapauxi.o(.text) for __use_two_region_memory
    startup_stm32f40_41xxx.o(RESET) refers to startup_stm32f40_41xxx.o(STACK) for __initial_sp
    startup_stm32f40_41xxx.o(RESET) refers to startup_stm32f40_41xxx.o(.text) for Reset_Handler
    startup_stm32f40_41xxx.o(RESET) refers to stm32f4xx_it.o(.text) for NMI_Handler
    startup_stm32f40_41xxx.o(RESET) refers to localbus.o(.text) for EXTI9_5_IRQHandler
    startup_stm32f40_41xxx.o(RESET) refers to timer.o(.text) for TIM3_IRQHandler
    startup_stm32f40_41xxx.o(RESET) refers to rs485.o(.text) for USART1_IRQHandler
    startup_stm32f40_41xxx.o(RESET) refers to usart.o(.text) for USART3_IRQHandler
[...]
    ..\FWLIB\src\stm32f4xx_tim.c             0x00000000   Number         0  stm32f4xx_tim.o ABSOLUTE
    ..\FWLIB\src\stm32f4xx_usart.c           0x00000000   Number         0  stm32f4xx_usart.o ABSOLUTE
    ..\HARDWARE\LED\led.c                    0x00000000   Number         0  led.o ABSOLUTE
    ..\HARDWARE\LOCALBUS\localbus.c          0x00000000   Number         0  localbus.o ABSOLUTE
    ..\HARDWARE\MODBUS_SLAVE\modbus.c        0x00000000   Number         0  modbus.o ABSOLUTE
    ..\HARDWARE\RS485\rs485.c                0x00000000   Number         0  rs485.o ABSOLUTE
    ..\HARDWARE\TIMER\timer.c                0x00000000   Number         0  timer.o ABSOLUTE
    ..\SYSTEM\delay\delay.c                  0x00000000   Number         0  delay.o ABSOLUTE
    ..\SYSTEM\sys\sys.c                      0x00000000   Number         0  sys.o ABSOLUTE
    ..\SYSTEM\usart\usart.c                  0x00000000   Number         0  usart.o ABSOLUTE
    ..\\DEMON\\src\\HOST_DEP.C               0x00000000   Number         0  host_dep.o ABSOLUTE
    ..\\DEMON\\src\\demo11.c                 0x00000000   Number         0  demo11.o ABSOLUTE
    ..\\FWLIB\\src\\misc.c                   0x00000000   Number         0  misc.o ABSOLUTE
    ..\\FWLIB\\src\\stm32f4xx_exti.c         0x00000000   Number         0  stm32f4xx_exti.o ABSOLUTE
    ..\\FWLIB\\src\\stm32f4xx_fsmc.c         0x00000000   Number         0  stm32f4xx_fsmc.o ABSOLUTE
    ..\\FWLIB\\src\\stm32f4xx_gpio.c         0x00000000   Number         0  stm32f4xx_gpio.o ABSOLUTE
    ..\\FWLIB\\src\\stm32f4xx_rcc.c          0x00000000   Number         0  stm32f4xx_rcc.o ABSOLUTE
    ..\\FWLIB\\src\\stm32f4xx_syscfg.c       0x00000000   Number         0  stm32f4xx_syscfg.o ABSOLUTE
    ..\\FWLIB\\src\\stm32f4xx_tim.c          0x00000000   Number         0  stm32f4xx_tim.o ABSOLUTE
    ..\\FWLIB\\src\\stm32f4xx_usart.c        0x00000000   Number         0  stm32f4xx_usart.o ABSOLUTE
    ..\\HARDWARE\\LED\\led.c                 0x00000000   Number         0  led.o ABSOLUTE
    ..\\HARDWARE\\LOCALBUS\\localbus.c       0x00000000   Number         0  localbus.o ABSOLUTE
    ..\\HARDWARE\\MODBUS_SLAVE\\modbus.c     0x00000000   Number         0  modbus.o ABSOLUTE
    ..\\HARDWARE\\RS485\\rs485.c             0x00000000   Number         0  rs485.o ABSOLUTE
    ..\\HARDWARE\\TIMER\\timer.c             0x00000000   Number         0  timer.o ABSOLUTE
    ..\\SYSTEM\\delay\\delay.c               0x00000000   Number         0  delay.o ABSOLUTE
    ..\\SYSTEM\\sys\\sys.c                   0x00000000   Number         0  sys.o ABSOLUTE
    ..\\SYSTEM\\usart\\usart.c               0x00000000   Number         0  usart.o ABSOLUTE
    dc.s                                     0x00000000   Number         0  dc.o ABSOLUTE
    main.c                                   0x00000000   Number         0  main.o ABSOLUTE
    main.c                                   0x00000000   Number         0  main.o ABSOLUTE
    stm32f4xx_it.c                           0x00000000   Number         0  stm32f4xx_it.o ABSOLUTE
    stm32f4xx_it.c                           0x00000000   Number         0  stm32f4xx_it.o ABSOLUTE
    system_stm32f4xx.c                       0x00000000   Number         0  system_stm32f4xx.o ABSOLUTE
    system_stm32f4xx.c                       0x00000000   Number         0  system_stm32f4xx.o ABSOLUTE
    RESET                                    0x08000000   Section      392  startup_stm32f40_41xxx.o(RESET)
    !!!main                                  0x08000188   Section        8  __main.o(!!!main)
    !!!scatter                               0x08000190   Section       52  __scatter.o(!!!scatter)
    !!dczerorl2                              0x080001c4   Section       90  __dczerorl2.o(!!dczerorl2)
    !!handler_zi                             0x08000220   Section       28  __scatter_zi.o(!!handler_zi)
    .ARM.Collect$$_printf_percent$$00000000  0x0800023c   Section        0  _printf_percent.o(.ARM.Collect$$_printf_percent$$00000000)
    .ARM.Collect$$_printf_percent$$00000009  0x0800023c   Section        6  _printf_d.o(.ARM.Collect$$_printf_percent$$00000009)
    .ARM.Collect$$_printf_percent$$0000000C  0x08000242   Section        6  _printf_x.o(.ARM.Collect$$_printf_percent$$0000000C)
    .ARM.Collect$$_printf_percent$$00000014  0x08000248   Section        6  _printf_s.o(.ARM.Collect$$_printf_percent$$00000014)
    .ARM.Collect$$_printf_percent$$00000017  0x0800024e   Section        4  _printf_percent_end.o(.ARM.Collect$$_printf_percent$$00000017)
    .ARM.Collect$$libinit$$00000000          0x08000252   Section        2  libinit.o(.ARM.Collect$$libinit$$00000000)
    .ARM.Collect$$libinit$$00000001          0x08000254   Section        4  libinit2.o(.ARM.Collect$$libinit$$00000001)
    .ARM.Collect$$libinit$$00000004          0x08000258   Section        0  libinit2.o(.ARM.Collect$$libinit$$00000004)
    .ARM.Collect$$libinit$$0000000A          0x08000258   Section        0  libinit2.o(.ARM.Collect$$libinit$$0000000A)
    .ARM.Collect$$libinit$$0000000C          0x08000258   Section        0  libinit2.o(.ARM.Collect$$libinit$$0000000C)
    .ARM.Collect$$libinit$$0000000E          0x08000258   Section        0  libinit2.o(.ARM.Collect$$libinit$$0000000E)
    .ARM.Collect$$libinit$$00000011          0x08000258   Section        0  libinit2.o(.ARM.Collect$$libinit$$00000011)
    .ARM.Collect$$libinit$$00000013          0x08000258   Section        0  libinit2.o(.ARM.Collect$$libinit$$00000013)
    .ARM.Collect$$libinit$$00000015          0x08000258   Section        0  libinit2.o(.ARM.Collect$$libinit$$00000015)
    .ARM.Collect$$libinit$$00000017          0x08000258   Section        0  libinit2.o(.ARM.Collect$$libinit$$00000017)
    .ARM.Collect$$libinit$$00000019          0x08000258   Section        0  libinit2.o(.ARM.Collect$$libinit$$00000019)
    .ARM.Collect$$libinit$$0000001B          0x08000258   Section        0  libinit2.o(.ARM.Collect$$libinit$$0000001B)
    .ARM.Collect$$libinit$$0000001D          0x08000258   Section        0  libinit2.o(.ARM.Collect$$libinit$$0000001D)
    .ARM.Collect$$libinit$$0000001F          0x08000258   Section        0  libinit2.o(.ARM.Collect$$libinit$$0000001F)
    .ARM.Collect$$libinit$$00000021          0x08000258   Section        0  libinit2.o(.ARM.Collect$$libinit$$00000021)
    .ARM.Collect$$libinit$$00000023          0x08000258   Section        0  libinit2.o(.ARM.Collect$$libinit$$00000023)
    .ARM.Collect$$libinit$$00000025          0x08000258   Section        0  libinit2.o(.ARM.Collect$$libinit$$00000025)
    .ARM.Collect$$libinit$$0000002C          0x08000258   Section        0  libinit2.o(.ARM.Collect$$libinit$$0000002C)
    .ARM.Collect$$libinit$$0000002E          0x08000258   Section        0  libinit2.o(.ARM.Collect$$libinit$$0000002E)
    .ARM.Collect$$libinit$$00000030          0x08000258   Section        0  libinit2.o(.ARM.Collect$$libinit$$00000030)
    .ARM.Collect$$libinit$$00000032          0x08000258   Section        0  libinit2.o(.ARM.Collect$$libinit$$00000032)
    .ARM.Collect$$libinit$$00000033          0x08000258   Section        2  libinit2.o(.ARM.Collect$$libinit$$00000033)
    .ARM.Collect$$libshutdown$$00000000      0x0800025a   Section        2  libshutdown.o(.ARM.Collect$$libshutdown$$00000000)
    .ARM.Collect$$libshutdown$$00000003      0x0800025c   Section        0  libshutdown2.o(.ARM.Collect$$libshutdown$$00000003)
    .ARM.Collect$$libshutdown$$00000006      0x0800025c   Section        0  libshutdown2.o(.ARM.Collect$$libshutdown$$00000006)
    .ARM.Collect$$libshutdown$$00000009      0x0800025c   Section        0  libshutdown2.o(.ARM.Collect$$libshutdown$$00000009)
    .ARM.Collect$$libshutdown$$0000000B      0x0800025c   Section        0  libshutdown2.o(.ARM.Collect$$libshutdown$$0000000B)
    .ARM.Collect$$libshutdown$$0000000E      0x0800025c   Section        0  libshutdown2.o(.ARM.Collect$$libshutdown$$0000000E)
    .ARM.Collect$$libshutdown$$0000000F      0x0800025c   Section        2  libshutdown2.o(.ARM.Collect$$libshutdown$$0000000F)
    .ARM.Collect$$rtentry$$00000000          0x0800025e   Section        0  __rtentry.o(.ARM.Collect$$rtentry$$00000000)
    .ARM.Collect$$rtentry$$00000002          0x0800025e   Section        0  __rtentry2.o(.ARM.Collect$$rtentry$$00000002)
    .ARM.Collect$$rtentry$$00000004          0x0800025e   Section        6  __rtentry4.o(.ARM.Collect$$rtentry$$00000004)
    .ARM.Collect$$rtentry$$00000009          0x08000264   Section        0  __rtentry2.o(.ARM.Collect$$rtentry$$00000009)
    .ARM.Collect$$rtentry$$0000000A          0x08000264   Section        4  __rtentry2.o(.ARM.Collect$$rtentry$$0000000A)
    .ARM.Collect$$rtentry$$0000000C          0x08000268   Section        0  __rtentry2.o(.ARM.Collect$$rtentry$$0000000C)
    .ARM.Collect$$rtentry$$0000000D          0x08000268   Section        8  __rtentry2.o(.ARM.Collect$$rtentry$$0000000D)
    .ARM.Collect$$rtexit$$00000000           0x08000270   Section        2  rtexit.o(.ARM.Collect$$rtexit$$00000000)
    .ARM.Collect$$rtexit$$00000002           0x08000272   Section        0  rtexit2.o(.ARM.Collect$$rtexit$$00000002)
    .ARM.Collect$$rtexit$$00000003           0x08000272   Section        4  rtexit2.o(.ARM.Collect$$rtexit$$00000003)
    .ARM.Collect$$rtexit$$00000004           0x08000276   Section        6  rtexit2.o(.ARM.Collect$$rtexit$$00000004)
    .text                                    0x0800027c   Section        0  main.o(.text)
    .text                                    0x08000338   Section        0  stm32f4xx_it.o(.text)
    .text                                    0x0800034c   Section        0  system_stm32f4xx.o(.text)
    .text                                    0x080004e0   Section        0  rs485.o(.text)
    .text                                    0x08000670   Section        0  localbus.o(.text)
    .text                                    0x08000be8   Section        0  timer.o(.text)
    .text                                    0x08000d08   Section        0  modbus.o(.text)
    .text                                    0x08001294   Section        0  delay.o(.text)
    .text                                    0x08001384   Section        0  usart.o(.text)
    .text                                    0x080014b8   Section       64  startup_stm32f40_41xxx.o(.text)
    $v0                                      0x080014b8   Number         0  startup_stm32f40_41xxx.o(.text)
    .text                                    0x080014f8   Section        0  misc.o(.text)
    .text                                    0x080015b8   Section        0  stm32f4xx_gpio.o(.text)
    .text                                    0x08001810   Section        0  stm32f4xx_rcc.o(.text)
    .text                                    0x08001cc4   Section        0  stm32f4xx_syscfg.o(.text)
    .text                                    0x08001d44   Section        0  stm32f4xx_usart.o(.text)
    .text                                    0x080020e4   Section        0  stm32f4xx_exti.o(.text)
    .text                                    0x080021e0   Section        0  stm32f4xx_tim.o(.text)
    TI2_Config                               0x08002d1f   Thumb Code    62  stm32f4xx_tim.o(.text)
    .text                                    0x08002d5c   Section        0  cl1_1.o(.text)
    lc_set_laa_rld                           0x08002d5d   Thumb Code   116  cl1_1.o(.text)
    lci_check_ts_valid                       0x08003437   Thumb Code    34  cl1_1.o(.text)
    lc_set_device_status_word                0x08003459   Thumb Code    66  cl1_1.o(.text)
    lp_create                                0x0800349b   Thumb Code   820  cl1_1.o(.text)
    lc_config                                0x080037cf   Thumb Code  1162  cl1_1.o(.text)
    lpa_memset                               0x08003c59   Thumb Code    32  cl1_1.o(.text)
    .text                                    0x08003ca8   Section        0  demo11.o(.text)
    .text                                    0x08004224   Section        0  host_dep.o(.text)
    .text                                    0x0800424c   Section        2  use_no_semi_2.o(.text)
    .text                                    0x08004250   Section        0  noretval__2printf.o(.text)
    .text                                    0x08004268   Section        0  noretval__2sprintf.o(.text)
    .text                                    0x08004290   Section        0  _printf_pad.o(.text)
    .text                                    0x080042de   Section        0  _printf_str.o(.text)
    .text                                    0x08004330   Section        0  _printf_dec.o(.text)
    .text                                    0x080043a8   Section        0  _printf_hex_int.o(.text)
    .text                                    0x08004400   Section        0  __printf_flags_wp.o(.text)
    .text                                    0x08004538   Section      138  rt_memcpy_v6.o(.text)
    .text                                    0x080045c2   Section       68  rt_memclr.o(.text)
    .text                                    0x08004606   Section        0  heapauxi.o(.text)
    .text                                    0x0800460c   Section        2  use_no_semi.o(.text)
    .text                                    0x0800460e   Section        0  _printf_intcommon.o(.text)
    .text                                    0x080046c0   Section        0  _printf_char_common.o(.text)
    _printf_input_char                       0x080046c1   Thumb Code    10  _printf_char_common.o(.text)
    .text                                    0x080046f0   Section        0  _sputc.o(.text)
    .text                                    0x080046fa   Section        0  _printf_char.o(.text)
    .text                                    0x08004728   Section        0  _printf_char_file.o(.text)
    .text                                    0x0800474c   Section      100  rt_memcpy_w.o(.text)
    .text                                    0x080047b0   Section       78  rt_memclr_w.o(.text)
    .text                                    0x080047fe   Section        0  ferror.o(.text)
    .text                                    0x08004806   Section       74  sys_stackheap_outer.o(.text)
    .text                                    0x08004850   Section        0  exit.o(.text)
    .text                                    0x0800485c   Section        8  libspace.o(.text)
    i._is_digit                              0x08004864   Section        0  __printf_wp.o(i._is_digit)
    x$fpl$fpinit                             0x08004872   Section       10  fpinit.o(x$fpl$fpinit)
    $v0                                      0x08004872   Number         0  fpinit.o(x$fpl$fpinit)
    .constdata                               0x0800487c   Section      512  modbus.o(.constdata)
    .constdata                               0x08004a7c   Section      114  cl1_1.o(.constdata)
    lci_waitstates                           0x08004a7c   Data           2  cl1_1.o(.constdata)
    lci_arb_modes                            0x08004a7e   Data           2  cl1_1.o(.constdata)
    tm_sa_offs                               0x08004a80   Data          20  cl1_1.o(.constdata)
    la_pcs_addr                              0x08004a94   Data          20  cl1_1.o(.constdata)
    da_pcs_addr                              0x08004aa8   Data          20  cl1_1.o(.constdata)
    la_pit_addr                              0x08004abc   Data          20  cl1_1.o(.constdata)
    da_pit_addr                              0x08004ad0   Data          20  cl1_1.o(.constdata)
    pit_size                                 0x08004ae4   Data          10  cl1_1.o(.constdata)
    .constdata                               0x08004aee   Section       40  _printf_hex_int.o(.constdata)
    uc_hextab                                0x08004aee   Data          20  _printf_hex_int.o(.constdata)
    lc_hextab                                0x08004b02   Data          20  _printf_hex_int.o(.constdata)
    .constdata                               0x08004b16   Section       17  __printf_flags_wp.o(.constdata)
    maptable                                 0x08004b16   Data          17  __printf_flags_wp.o(.constdata)
    .data                                    0x20000000   Section       12  main.o(.data)
    .data                                    0x2000000c   Section       20  system_stm32f4xx.o(.data)
    .data                                    0x20000020   Section        2  rs485.o(.data)
    .data                                    0x20000024   Section      252  localbus.o(.data)
    .data                                    0x20000120   Section        8  timer.o(.data)
    .data                                    0x20000128   Section       17  modbus.o(.data)
    .data                                    0x2000013a   Section        4  delay.o(.data)
    fac_us                                   0x2000013a   Data           1  delay.o(.data)
    fac_ms                                   0x2000013c   Data           2  delay.o(.data)
    .data                                    0x2000013e   Section        2  usart.o(.data)
    .data                                    0x20000140   Section        4  usart.o(.data)
    .data                                    0x20000144   Section       16  stm32f4xx_rcc.o(.data)
    APBAHBPrescTable                         0x20000144   Data          16  stm32f4xx_rcc.o(.data)
    .data                                    0x20000154   Section        4  cl1_1.o(.data)
    .data                                    0x20000158   Section        6  demo11.o(.data)
    .bss                                     0x20000160   Section     2048  rs485.o(.bss)
    .bss                                     0x20000960   Section     2048  rs485.o(.bss)
    .bss                                     0x20001160   Section       64  localbus.o(.bss)
    .bss                                     0x200011a0   Section      200  usart.o(.bss)
    .bss                                     0x20001268   Section       40  cl1_1.o(.bss)
    lci_ctrl_blk                             0x20001268   Data          12  cl1_1.o(.bss)
    lp_cb                                    0x20001274   Data          28  cl1_1.o(.bss)
    .bss                                     0x20001290   Section     2924  demo11.o(.bss)
    .bss                                     0x20001dfc   Section       96  libspace.o(.bss)
    HEAP                                     0x20001e60   Section      512  startup_stm32f40_41xxx.o(HEAP)
    Heap_Mem                                 0x20001e60   Data         512  startup_stm32f40_41xxx.o(HEAP)
    STACK                                    0x20002060   Section     1024  startup_stm32f40_41xxx.o(STACK)
    Stack_Mem                                0x20002060   Data        1024  startup_stm32f40_41xxx.o(STACK)
    __initial_sp                             0x20002460   Data           0  startup_stm32f40_41xxx.o(STACK)

    Global Symbols

    Symbol Name                              Value     Ov Type        Size  Object(Section)

    BuildAttributes$$THM_ISAv4$E$P$D$K$B$S$7EM$VFPi3$EXTD16$VFPS$VFMA$PE$A:L22UL41UL21$X:L11$S22US41US21$IEEE1$IW$USESV6$~STKCKD$USESV7$~SHL$OTIME$ROPI$EBA8$UX$STANDARDLIB$REQ8$PRES8$EABIv2 0x00000000   Number         0  anon$$obj.o ABSOLUTE
    __ARM_use_no_argv                        0x00000000   Number         0  main.o ABSOLUTE
    _printf_flags                            0x00000000   Number         0  printf_stubs.o ABSOLUTE
    _printf_return_value                     0x00000000   Number         0  printf_stubs.o ABSOLUTE
    _printf_sizespec                         0x00000000   Number         0  printf_stubs.o ABSOLUTE
    _printf_widthprec                        0x00000000   Number         0  printf_stubs.o ABSOLUTE
    __ARM_exceptions_init                     - Undefined Weak Reference
    __alloca_initialize                       - Undefined Weak Reference
    __arm_preinit_                            - Undefined Weak Reference
    __cpp_initialize__aeabi_                  - Undefined Weak Reference
    __cxa_finalize                            - Undefined Weak Reference
    __rt_locale                               - Undefined Weak Reference
    __sigvec_lookup                           - Undefined Weak Reference
    _atexit_init                              - Undefined Weak Reference
    _call_atexit_fns                          - Undefined Weak Reference
    _clock_init                               - Undefined Weak Reference
    _fp_trap_init                             - Undefined Weak Reference
    _fp_trap_shutdown                         - Undefined Weak Reference
    _get_lc_collate                           - Undefined Weak Reference
    _get_lc_ctype                             - Undefined Weak Reference
    _get_lc_monetary                          - Undefined Weak Reference
    _get_lc_numeric                           - Undefined Weak Reference
    _get_lc_time                              - Undefined Weak Reference
    _getenv_init                              - Undefined Weak Reference
    _handle_redirection                       - Undefined Weak Reference
    _init_alloc                               - Undefined Weak Reference
    _init_user_alloc                          - Undefined Weak Reference
    _initio                                   - Undefined Weak Reference
    _mutex_acquire                            - Undefined Weak Reference
    _mutex_release                            - Undefined Weak Reference
    _printf_mbtowc                            - Undefined Weak Reference
    _printf_truncate_signed                   - Undefined Weak Reference
    _printf_truncate_unsigned                 - Undefined Weak Reference
    _rand_init                                - Undefined Weak Reference
    _signal_finish                            - Undefined Weak Reference
    _signal_init                              - Undefined Weak Reference
    _terminate_alloc                          - Undefined Weak Reference
    _terminate_user_alloc                     - Undefined Weak Reference
    _terminateio                              - Undefined Weak Reference
    __Vectors_Size                           0x00000188   Number         0  startup_stm32f40_41xxx.o ABSOLUTE
    __Vectors                                0x08000000   Data           4  startup_stm32f40_41xxx.o(RESET)
    __Vectors_End                            0x08000188   Data           0  startup_stm32f40_41xxx.o(RESET)
    __main                                   0x08000189   Thumb Code     8  __main.o(!!!main)
    __scatterload                            0x08000191   Thumb Code     0  __scatter.o(!!!scatter)
    __scatterload_rt2                        0x08000191   Thumb Code    44  __scatter.o(!!!scatter)
    __scatterload_rt2_thumb_only             0x08000191   Thumb Code     0  __scatter.o(!!!scatter)
    __scatterload_null                       0x0800019f   Thumb Code     0  __scatter.o(!!!scatter)
    __decompress                             0x080001c5   Thumb Code    90  __dczerorl2.o(!!dczerorl2)
    __decompress1                            0x080001c5   Thumb Code     0  __dczerorl2.o(!!dczerorl2)
    __scatterload_zeroinit                   0x08000221   Thumb Code    28  __scatter_zi.o(!!handler_zi)
    _printf_d                                0x0800023d   Thumb Code     0  _printf_d.o(.ARM.Collect$$_printf_percent$$00000009)
    _printf_percent                          0x0800023d   Thumb Code     0  _printf_percent.o(.ARM.Collect$$_printf_percent$$00000000)
    _printf_x                                0x08000243   Thumb Code     0  _printf_x.o(.ARM.Collect$$_printf_percent$$0000000C)
    _printf_s                                0x08000249   Thumb Code     0  _printf_s.o(.ARM.Collect$$_printf_percent$$00000014)
    _printf_percent_end                      0x0800024f   Thumb Code     0  _printf_percent_end.o(.ARM.Collect$$_printf_percent$$00000017)
    __rt_lib_init                            0x08000253   Thumb Code     0  libinit.o(.ARM.Collect$$libinit$$00000000)
    __rt_lib_init_fp_1                       0x08000255   Thumb Code     0  libinit2.o(.ARM.Collect$$libinit$$00000001)
    __rt_lib_init_alloca_1                   0x08000259   Thumb Code     0  libinit2.o(.ARM.Collect$$libinit$$0000002E)
    __rt_lib_init_argv_1                     0x08000259   Thumb Code     0  libinit2.o(.ARM.Collect$$libinit$$0000002C)
    __rt_lib_init_atexit_1                   0x08000259   Thumb Code     0  libinit2.o(.ARM.Collect$$libinit$$0000001B)
    __rt_lib_init_clock_1                    0x08000259   Thumb Code     0  libinit2.o(.ARM.Collect$$libinit$$00000021)
    __rt_lib_init_cpp_1                      0x08000259   Thumb Code     0  libinit2.o(.ARM.Collect$$libinit$$00000032)
    __rt_lib_init_exceptions_1               0x08000259   Thumb Code     0  libinit2.o(.ARM.Collect$$libinit$$00000030)
    __rt_lib_init_fp_trap_1                  0x08000259   Thumb Code     0  libinit2.o(.ARM.Collect$$libinit$$0000001F)
    __rt_lib_init_getenv_1                   0x08000259   Thumb Code     0  libinit2.o(.ARM.Collect$$libinit$$00000023)
    __rt_lib_init_heap_1                     0x08000259   Thumb Code     0  libinit2.o(.ARM.Collect$$libinit$$0000000A)
    __rt_lib_init_lc_collate_1               0x08000259   Thumb Code     0  libinit2.o(.ARM.Collect$$libinit$$00000011)
    __rt_lib_init_lc_ctype_1                 0x08000259   Thumb Code     0  libinit2.o(.ARM.Collect$$libinit$$00000013)
    __rt_lib_init_lc_monetary_1              0x08000259   Thumb Code     0  libinit2.o(.ARM.Collect$$libinit$$00000015)
    __rt_lib_init_lc_numeric_1               0x08000259   Thumb Code     0  libinit2.o(.ARM.Collect$$libinit$$00000017)
    __rt_lib_init_lc_time_1                  0x08000259   Thumb Code     0  libinit2.o(.ARM.Collect$$libinit$$00000019)
    __rt_lib_init_preinit_1                  0x08000259   Thumb Code     0  libinit2.o(.ARM.Collect$$libinit$$00000004)
    __rt_lib_init_rand_1                     0x08000259   Thumb Code     0  libinit2.o(.ARM.Collect$$libinit$$0000000E)
    __rt_lib_init_return                     0x08000259   Thumb Code     0  libinit2.o(.ARM.Collect$$libinit$$00000033)
    __rt_lib_init_signal_1                   0x08000259   Thumb Code     0  libinit2.o(.ARM.Collect$$libinit$$0000001D)
    __rt_lib_init_stdio_1                    0x08000259   Thumb Code     0  libinit2.o(.ARM.Collect$$libinit$$00000025)
    __rt_lib_init_user_alloc_1               0x08000259   Thumb Code     0  libinit2.o(.ARM.Collect$$libinit$$0000000C)
    __rt_lib_shutdown                        0x0800025b   Thumb Code     0  libshutdown.o(.ARM.Collect$$libshutdown$$00000000)
    __rt_lib_shutdown_fp_trap_1              0x0800025d   Thumb Code     0  libshutdown2.o(.ARM.Collect$$libshutdown$$00000006)
    __rt_lib_shutdown_heap_1                 0x0800025d   Thumb Code     0  libshutdown2.o(.ARM.Collect$$libshutdown$$0000000E)
    __rt_lib_shutdown_return                 0x0800025d   Thumb Code     0  libshutdown2.o(.ARM.Collect$$libshutdown$$0000000F)
    __rt_lib_shutdown_signal_1               0x0800025d   Thumb Code     0  libshutdown2.o(.ARM.Collect$$libshutdown$$00000009)
    __rt_lib_shutdown_stdio_1                0x0800025d   Thumb Code     0  libshutdown2.o(.ARM.Collect$$libshutdown$$00000003)
    __rt_lib_shutdown_user_alloc_1           0x0800025d   Thumb Code     0  libshutdown2.o(.ARM.Collect$$libshutdown$$0000000B)
    __rt_entry                               0x0800025f   Thumb Code     0  __rtentry.o(.ARM.Collect$$rtentry$$00000000)
    __rt_entry_presh_1                       0x0800025f   Thumb Code     0  __rtentry2.o(.ARM.Collect$$rtentry$$00000002)
    __rt_entry_sh                            0x0800025f   Thumb Code     0  __rtentry4.o(.ARM.Collect$$rtentry$$00000004)
    __rt_entry_li                            0x08000265   Thumb Code     0  __rtentry2.o(.ARM.Collect$$rtentry$$0000000A)
    __rt_entry_postsh_1                      0x08000265   Thumb Code     0  __rtentry2.o(.ARM.Collect$$rtentry$$00000009)
    __rt_entry_main                          0x08000269   Thumb Code     0  __rtentry2.o(.ARM.Collect$$rtentry$$0000000D)
    __rt_entry_postli_1                      0x08000269   Thumb Code     0  __rtentry2.o(.ARM.Collect$$rtentry$$0000000C)
    __rt_exit                                0x08000271   Thumb Code     0  rtexit.o(.ARM.Collect$$rtexit$$00000000)
    __rt_exit_ls                             0x08000273   Thumb Code     0  rtexit2.o(.ARM.Collect$$rtexit$$00000003)
    __rt_exit_prels_1                        0x08000273   Thumb Code     0  rtexit2.o(.ARM.Collect$$rtexit$$00000002)
    __rt_exit_exit                           0x08000277   Thumb Code     0  rtexit2.o(.ARM.Collect$$rtexit$$00000004)
    main                                     0x0800027d   Thumb Code   170  main.o(.text)
    NMI_Handler                              0x08000339   Thumb Code     2  stm32f4xx_it.o(.text)
    HardFault_Handler                        0x0800033b   Thumb Code     2  stm32f4xx_it.o(.text)
    MemManage_Handler                        0x0800033d   Thumb Code     2  stm32f4xx_it.o(.text)
    BusFault_Handler                         0x0800033f   Thumb Code     2  stm32f4xx_it.o(.text)
    UsageFault_Handler                       0x08000341   Thumb Code     2  stm32f4xx_it.o(.text)
    SVC_Handler                              0x08000343   Thumb Code     2  stm32f4xx_it.o(.text)
    DebugMon_Handler                         0x08000345   Thumb Code     2  stm32f4xx_it.o(.text)
    PendSV_Handler                           0x08000347   Thumb Code     2  stm32f4xx_it.o(.text)
    SysTick_Handler                          0x08000349   Thumb Code     2  stm32f4xx_it.o(.text)
    SystemInit                               0x0800034d   Thumb Code   238  system_stm32f4xx.o(.text)
    SystemCoreClockUpdate                    0x0800043b   Thumb Code   110  system_stm32f4xx.o(.text)
    USART1_IRQHandler                        0x080004e1   Thumb Code    80  rs485.o(.text)
    RS485_Init                               0x08000531   Thumb Code   212  rs485.o(.text)
    RS485_Send_Data                          0x08000605   Thumb Code    82  rs485.o(.text)
    Localbus_GPIO_Init                       0x08000671   Thumb Code   206  localbus.o(.text)
    Timer5_Init                              0x0800073f   Thumb Code    88  localbus.o(.text)
    Localbus_Exit_Init                       0x08000797   Thumb Code   156  localbus.o(.text)
    Localbus_WriteGPIO                       0x08000833   Thumb Code    52  localbus.o(.text)
    Localbus_ConvertAddr                     0x08000867   Thumb Code    60  localbus.o(.text)
    Localbus_WriteAddr                       0x080008a3   Thumb Code   172  localbus.o(.text)
    Localbus_WriteData                       0x0800094f   Thumb Code   124  localbus.o(.text)
    Localbus_ReadGPIO                        0x080009cb   Thumb Code   136  localbus.o(.text)
    Localbus_ReadData                        0x08000a53   Thumb Code   314  localbus.o(.text)
    TIM5_IRQHandler                          0x08000b8d   Thumb Code    42  localbus.o(.text)
    EXTI9_5_IRQHandler                       0x08000bb7   Thumb Code    36  localbus.o(.text)
    TIM3_Int_Init                            0x08000be9   Thumb Code    98  timer.o(.text)
    TIM4_Int_Init                            0x08000c4b   Thumb Code    94  timer.o(.text)
    TIM4_IRQHandler                          0x08000ca9   Thumb Code    36  timer.o(.text)
    TIM3_IRQHandler                          0x08000ccd   Thumb Code    36  timer.o(.text)
    millis1                                  0x08000cf1   Thumb Code     6  timer.o(.text)
    millis2                                  0x08000cf7   Thumb Code     6  timer.o(.text)
    CRC_Compute                              0x08000d09   Thumb Code    54  modbus.o(.text)
    Timer7_Init                              0x08000d3f   Thumb Code    88  modbus.o(.text)
    Modbus_Init                              0x08000d97   Thumb Code    88  modbus.o(.text)
    TIM7_IRQHandler                          0x08000def   Thumb Code    48  modbus.o(.text)
    Heartbeat_Service                        0x08000e1f   Thumb Code    32  modbus.o(.text)
    Handle_data_tx_reg                       0x08000e3f   Thumb Code     8  modbus.o(.text)
    Handle_port_config_reg                   0x08000e47   Thumb Code   130  modbus.o(.text)
    Handle_MVB_port_count_reg                0x08000ec9   Thumb Code     6  modbus.o(.text)
    Handle_MVB_addr_reg                      0x08000ecf   Thumb Code     6  modbus.o(.text)
    Handle_control_reg                       0x08000ed5   Thumb Code    84  modbus.o(.text)
    Modbus_16_Solve                          0x08000f29   Thumb Code   266  modbus.o(.text)
    Modbus_06_Solve                          0x08001033   Thumb Code   160  modbus.o(.text)
    Modbus_03_Solve                          0x080010d3   Thumb Code   286  modbus.o(.text)
    Modbus_Service                           0x080011f1   Thumb Code   138  modbus.o(.text)
    delay_init                               0x08001295   Thumb Code    38  delay.o(.text)
    delay_us                                 0x080012bb   Thumb Code    50  delay.o(.text)
    delay_xms                                0x080012ed   Thumb Code    50  delay.o(.text)
    delay_ms                                 0x0800131f   Thumb Code    98  delay.o(.text)
    _sys_exit                                0x08001385   Thumb Code     2  usart.o(.text)
    fputc                                    0x08001387   Thumb Code    18  usart.o(.text)
    uart_init                                0x08001399   Thumb Code   164  usart.o(.text)
    USART3_IRQHandler                        0x0800143d   Thumb Code   102  usart.o(.text)
    Reset_Handler                            0x080014b9   Thumb Code     8  startup_stm32f40_41xxx.o(.text)
    ADC_IRQHandler                           0x080014d3   Thumb Code     0  startup_stm32f40_41xxx.o(.text)
    CAN1_RX0_IRQHandler                      0x080014d3   Thumb Code     0  startup_stm32f40_41xxx.o(.text)
    CAN1_RX1_IRQHandler                      0x080014d3   Thumb Code     0  startup_stm32f40_41xxx.o(.text)
    CAN1_SCE_IRQHandler                      0x080014d3   Thumb Code     0  startup_stm32f40_41xxx.o(.text)
    CAN1_TX_IRQHandler                       0x080014d3   Thumb Code     0  startup_stm32f40_41xxx.o(.text)
    CAN2_RX0_IRQHandler                      0x080014d3   Thumb Code     0  startup_stm32f40_41xxx.o(.text)
    CAN2_RX1_IRQHandler                      0x080014d3   Thumb Code     0  startup_stm32f40_41xxx.o(.text)
    CAN2_SCE_IRQHandler                      0x080014d3   Thumb Code     0  startup_stm32f40_41xxx.o(.text)
    CAN2_TX_IRQHandler                       0x080014d3   Thumb Code     0  startup_stm32f40_41xxx.o(.text)
    CRYP_IRQHandler                          0x080014d3   Thumb Code     0  startup_stm32f40_41xxx.o(.text)
    DCMI_IRQHandler                          0x080014d3   Thumb Code     0  startup_stm32f40_41xxx.o(.text)
    DMA1_Stream0_IRQHandler                  0x080014d3   Thumb Code     0  startup_stm32f40_41xxx.o(.text)
    DMA1_Stream1_IRQHandler                  0x080014d3   Thumb Code     0  startup_stm32f40_41xxx.o(.text)
    DMA1_Stream2_IRQHandler                  0x080014d3   Thumb Code     0  startup_stm32f40_41xxx.o(.text)
    DMA1_Stream3_IRQHandler                  0x080014d3   Thumb Code     0  startup_stm32f40_41xxx.o(.text)
    DMA1_Stream4_IRQHandler                  0x080014d3   Thumb Code     0  startup_stm32f40_41xxx.o(.text)
    DMA1_Stream5_IRQHandler                  0x080014d3   Thumb Code     0  startup_stm32f40_41xxx.o(.text)
    DMA1_Stream6_IRQHandler                  0x080014d3   Thumb Code     0  startup_stm32f40_41xxx.o(.text)
    DMA1_Stream7_IRQHandler                  0x080014d3   Thumb Code     0  startup_stm32f40_41xxx.o(.text)
    DMA2_Stream0_IRQHandler                  0x080014d3   Thumb Code     0  startup_stm32f40_41xxx.o(.text)
    DMA2_Stream1_IRQHandler                  0x080014d3   Thumb Code     0  startup_stm32f40_41xxx.o(.text)
    DMA2_Stream2_IRQHandler                  0x080014d3   Thumb Code     0  startup_stm32f40_41xxx.o(.text)
    DMA2_Stream3_IRQHandler                  0x080014d3   Thumb Code     0  startup_stm32f40_41xxx.o(.text)
    DMA2_Stream4_IRQHandler                  0x080014d3   Thumb Code     0  startup_stm32f40_41xxx.o(.text)
    DMA2_Stream5_IRQHandler                  0x080014d3   Thumb Code     0  startup_stm32f40_41xxx.o(.text)
    DMA2_Stream6_IRQHandler                  0x080014d3   Thumb Code     0  startup_stm32f40_41xxx.o(.text)
    DMA2_Stream7_IRQHandler                  0x080014d3   Thumb Code     0  startup_stm32f40_41xxx.o(.text)
    ETH_IRQHandler                           0x080014d3   Thumb Code     0  startup_stm32f40_41xxx.o(.text)
    ETH_WKUP_IRQHandler                      0x080014d3   Thumb Code     0  startup_stm32f40_41xxx.o(.text)
    EXTI0_IRQHandler                         0x080014d3   Thumb Code     0  startup_stm32f40_41xxx.o(.text)
    EXTI15_10_IRQHandler                     0x080014d3   Thumb Code     0  startup_stm32f40_41xxx.o(.text)
    EXTI1_IRQHandler                         0x080014d3   Thumb Code     0  startup_stm32f40_41xxx.o(.text)
    EXTI2_IRQHandler                         0x080014d3   Thumb Code     0  startup_stm32f40_41xxx.o(.text)
    EXTI3_IRQHandler                         0x080014d3   Thumb Code     0  startup_stm32f40_41xxx.o(.text)
    EXTI4_IRQHandler                         0x080014d3   Thumb Code     0  startup_stm32f40_41xxx.o(.text)
    FLASH_IRQHandler                         0x080014d3   Thumb Code     0  startup_stm32f40_41xxx.o(.text)
    FPU_IRQHandler                           0x080014d3   Thumb Code     0  startup_stm32f40_41xxx.o(.text)
    FSMC_IRQHandler                          0x080014d3   Thumb Code     0  startup_stm32f40_41xxx.o(.text)
    HASH_RNG_IRQHandler                      0x080014d3   Thumb Code     0  startup_stm32f40_41xxx.o(.text)
    I2C1_ER_IRQHandler                       0x080014d3   Thumb Code     0  startup_stm32f40_41xxx.o(.text)
    I2C1_EV_IRQHandler                       0x080014d3   Thumb Code     0  startup_stm32f40_41xxx.o(.text)
    I2C2_ER_IRQHandler                       0x080014d3   Thumb Code     0  startup_stm32f40_41xxx.o(.text)
    I2C2_EV_IRQHandler                       0x080014d3   Thumb Code     0  startup_stm32f40_41xxx.o(.text)
    I2C3_ER_IRQHandler                       0x080014d3   Thumb Code     0  startup_stm32f40_41xxx.o(.text)
    I2C3_EV_IRQHandler                       0x080014d3   Thumb Code     0  startup_stm32f40_41xxx.o(.text)
    OTG_FS_IRQHandler                        0x080014d3   Thumb Code     0  startup_stm32f40_41xxx.o(.text)
    OTG_FS_WKUP_IRQHandler                   0x080014d3   Thumb Code     0  startup_stm32f40_41xxx.o(.text)
    OTG_HS_EP1_IN_IRQHandler                 0x080014d3   Thumb Code     0  startup_stm32f40_41xxx.o(.text)
    OTG_HS_EP1_OUT_IRQHandler                0x080014d3   Thumb Code     0  startup_stm32f40_41xxx.o(.text)
    OTG_HS_IRQHandler                        0x080014d3   Thumb Code     0  startup_stm32f40_41xxx.o(.text)
    OTG_HS_WKUP_IRQHandler                   0x080014d3   Thumb Code     0  startup_stm32f40_41xxx.o(.text)
    PVD_IRQHandler                           0x080014d3   Thumb Code     0  startup_stm32f40_41xxx.o(.text)
    RCC_IRQHandler                           0x080014d3   Thumb Code     0  startup_stm32f40_41xxx.o(.text)
    RTC_Alarm_IRQHandler                     0x080014d3   Thumb Code     0  startup_stm32f40_41xxx.o(.text)
    RTC_WKUP_IRQHandler                      0x080014d3   Thumb Code     0  startup_stm32f40_41xxx.o(.text)
    SDIO_IRQHandler                          0x080014d3   Thumb Code     0  startup_stm32f40_41xxx.o(.text)
    SPI1_IRQHandler                          0x080014d3   Thumb Code     0  startup_stm32f40_41xxx.o(.text)
    SPI2_IRQHandler                          0x080014d3   Thumb Code     0  startup_stm32f40_41xxx.o(.text)
    SPI3_IRQHandler                          0x080014d3   Thumb Code     0  startup_stm32f40_41xxx.o(.text)
    TAMP_STAMP_IRQHandler                    0x080014d3   Thumb Code     0  startup_stm32f40_41xxx.o(.text)
    TIM1_BRK_TIM9_IRQHandler                 0x080014d3   Thumb Code     0  startup_stm32f40_41xxx.o(.text)
    TIM1_CC_IRQHandler                       0x080014d3   Thumb Code     0  startup_stm32f40_41xxx.o(.text)
    TIM1_TRG_COM_TIM11_IRQHandler            0x080014d3   Thumb Code     0  startup_stm32f40_41xxx.o(.text)
    TIM1_UP_TIM10_IRQHandler                 0x080014d3   Thumb Code     0  startup_stm32f40_41xxx.o(.text)
    TIM2_IRQHandler                          0x080014d3   Thumb Code     0  startup_stm32f40_41xxx.o(.text)
    TIM6_DAC_IRQHandler                      0x080014d3   Thumb Code     0  startup_stm32f40_41xxx.o(.text)
    TIM8_BRK_TIM12_IRQHandler                0x080014d3   Thumb Code     0  startup_stm32f40_41xxx.o(.text)
    TIM8_CC_IRQHandler                       0x080014d3   Thumb Code     0  startup_stm32f40_41xxx.o(.text)
    TIM8_TRG_COM_TIM14_IRQHandler            0x080014d3   Thumb Code     0  startup_stm32f40_41xxx.o(.text)
    TIM8_UP_TIM13_IRQHandler                 0x080014d3   Thumb Code     0  startup_stm32f40_41xxx.o(.text)
    UART4_IRQHandler                         0x080014d3   Thumb Code     0  startup_stm32f40_41xxx.o(.text)
    UART5_IRQHandler                         0x080014d3   Thumb Code     0  startup_stm32f40_41xxx.o(.text)
    USART2_IRQHandler                        0x080014d3   Thumb Code     0  startup_stm32f40_41xxx.o(.text)
    USART6_IRQHandler                        0x080014d3   Thumb Code     0  startup_stm32f40_41xxx.o(.text)
    WWDG_IRQHandler                          0x080014d3   Thumb Code     0  startup_stm32f40_41xxx.o(.text)
    __user_initial_stackheap                 0x080014d5   Thumb Code     0  startup_stm32f40_41xxx.o(.text)
    NVIC_PriorityGroupConfig                 0x080014f9   Thumb Code    14  misc.o(.text)
    NVIC_Init                                0x08001507   Thumb Code   110  misc.o(.text)
    NVIC_SetVectorTable                      0x08001575   Thumb Code    16  misc.o(.text)
    NVIC_SystemLPConfig                      0x08001585   Thumb Code    18  misc.o(.text)
    SysTick_CLKSourceConfig                  0x08001597   Thumb Code    22  misc.o(.text)
    GPIO_DeInit                              0x080015b9   Thumb Code   300  stm32f4xx_gpio.o(.text)
    GPIO_Init                                0x080016e5   Thumb Code   150  stm32f4xx_gpio.o(.text)
    GPIO_StructInit                          0x0800177b   Thumb Code    18  stm32f4xx_gpio.o(.text)
    GPIO_PinLockConfig                       0x0800178d   Thumb Code    26  stm32f4xx_gpio.o(.text)
    GPIO_ReadInputDataBit                    0x080017a7   Thumb Code    14  stm32f4xx_gpio.o(.text)
    GPIO_ReadInputData                       0x080017b5   Thumb Code     6  stm32f4xx_gpio.o(.text)
    GPIO_ReadOutputDataBit                   0x080017bb   Thumb Code    14  stm32f4xx_gpio.o(.text)
    GPIO_ReadOutputData                      0x080017c9   Thumb Code     6  stm32f4xx_gpio.o(.text)
    GPIO_SetBits                             0x080017cf   Thumb Code     4  stm32f4xx_gpio.o(.text)
    GPIO_ResetBits                           0x080017d3   Thumb Code     4  stm32f4xx_gpio.o(.text)
    GPIO_WriteBit                            0x080017d7   Thumb Code    10  stm32f4xx_gpio.o(.text)
    GPIO_Write                               0x080017e1   Thumb Code     4  stm32f4xx_gpio.o(.text)
    GPIO_ToggleBits                          0x080017e5   Thumb Code     8  stm32f4xx_gpio.o(.text)
    GPIO_PinAFConfig                         0x080017ed   Thumb Code    34  stm32f4xx_gpio.o(.text)
    RCC_DeInit                               0x08001811   Thumb Code    64  stm32f4xx_rcc.o(.text)
    RCC_HSEConfig                            0x08001851   Thumb Code    10  stm32f4xx_rcc.o(.text)
    RCC_GetFlagStatus                        0x0800185b   Thumb Code    44  stm32f4xx_rcc.o(.text)
    RCC_WaitForHSEStartUp                    0x08001887   Thumb Code    50  stm32f4xx_rcc.o(.text)
    RCC_AdjustHSICalibrationValue            0x080018b9   Thumb Code    16  stm32f4xx_rcc.o(.text)
    RCC_HSICmd                               0x080018c9   Thumb Code     6  stm32f4xx_rcc.o(.text)
    RCC_LSEConfig                            0x080018cf   Thumb Code    24  stm32f4xx_rcc.o(.text)
    RCC_LSICmd                               0x080018e7   Thumb Code     6  stm32f4xx_rcc.o(.text)
    RCC_PLLConfig                            0x080018ed   Thumb Code    30  stm32f4xx_rcc.o(.text)
    RCC_PLLCmd                               0x0800190b   Thumb Code     6  stm32f4xx_rcc.o(.text)
    RCC_PLLI2SConfig                         0x08001911   Thumb Code    12  stm32f4xx_rcc.o(.text)
    RCC_PLLI2SCmd                            0x0800191d   Thumb Code     6  stm32f4xx_rcc.o(.text)
    RCC_PLLSAIConfig                         0x08001923   Thumb Code    16  stm32f4xx_rcc.o(.text)
    RCC_PLLSAICmd                            0x08001933   Thumb Code     6  stm32f4xx_rcc.o(.text)
    RCC_ClockSecuritySystemCmd               0x08001939   Thumb Code     6  stm32f4xx_rcc.o(.text)
    RCC_MCO1Config                           0x0800193f   Thumb Code    16  stm32f4xx_rcc.o(.text)
    RCC_MCO2Config                           0x0800194f   Thumb Code    16  stm32f4xx_rcc.o(.text)
    RCC_SYSCLKConfig                         0x0800195f   Thumb Code    14  stm32f4xx_rcc.o(.text)
    RCC_GetSYSCLKSource                      0x0800196d   Thumb Code    10  stm32f4xx_rcc.o(.text)
    RCC_HCLKConfig                           0x08001977   Thumb Code    14  stm32f4xx_rcc.o(.text)
    RCC_PCLK1Config                          0x08001985   Thumb Code    14  stm32f4xx_rcc.o(.text)
    RCC_PCLK2Config                          0x08001993   Thumb Code    16  stm32f4xx_rcc.o(.text)
    RCC_GetClocksFreq                        0x080019a3   Thumb Code   144  stm32f4xx_rcc.o(.text)
    RCC_RTCCLKConfig                         0x08001a33   Thumb Code    42  stm32f4xx_rcc.o(.text)
    RCC_RTCCLKCmd                            0x08001a5d   Thumb Code     6  stm32f4xx_rcc.o(.text)
    RCC_BackupResetCmd                       0x08001a63   Thumb Code     6  stm32f4xx_rcc.o(.text)
    RCC_I2SCLKConfig                         0x08001a69   Thumb Code     8  stm32f4xx_rcc.o(.text)
    RCC_SAIPLLI2SClkDivConfig                0x08001a71   Thumb Code    16  stm32f4xx_rcc.o(.text)
    RCC_SAIPLLSAIClkDivConfig                0x08001a81   Thumb Code    22  stm32f4xx_rcc.o(.text)
    RCC_SAIBlockACLKConfig                   0x08001a97   Thumb Code    14  stm32f4xx_rcc.o(.text)
    RCC_SAIBlockBCLKConfig                   0x08001aa5   Thumb Code    14  stm32f4xx_rcc.o(.text)
    RCC_LTDCCLKDivConfig                     0x08001ab3   Thumb Code    14  stm32f4xx_rcc.o(.text)
    RCC_TIMCLKPresConfig                     0x08001ac1   Thumb Code     8  stm32f4xx_rcc.o(.text)
    RCC_AHB1PeriphClockCmd                   0x08001ac9   Thumb Code    18  stm32f4xx_rcc.o(.text)
    RCC_AHB2PeriphClockCmd                   0x08001adb   Thumb Code    18  stm32f4xx_rcc.o(.text)
    RCC_AHB3PeriphClockCmd                   0x08001aed   Thumb Code    18  stm32f4xx_rcc.o(.text)
    RCC_APB1PeriphClockCmd                   0x08001aff   Thumb Code    18  stm32f4xx_rcc.o(.text)
    RCC_APB2PeriphClockCmd                   0x08001b11   Thumb Code    18  stm32f4xx_rcc.o(.text)
    RCC_AHB1PeriphResetCmd                   0x08001b23   Thumb Code    18  stm32f4xx_rcc.o(.text)
    RCC_AHB2PeriphResetCmd                   0x08001b35   Thumb Code    18  stm32f4xx_rcc.o(.text)
    RCC_AHB3PeriphResetCmd                   0x08001b47   Thumb Code    18  stm32f4xx_rcc.o(.text)
    RCC_APB1PeriphResetCmd                   0x08001b59   Thumb Code    18  stm32f4xx_rcc.o(.text)
    RCC_APB2PeriphResetCmd                   0x08001b6b   Thumb Code    18  stm32f4xx_rcc.o(.text)
    RCC_AHB1PeriphClockLPModeCmd             0x08001b7d   Thumb Code    18  stm32f4xx_rcc.o(.text)
    RCC_AHB2PeriphClockLPModeCmd             0x08001b8f   Thumb Code    18  stm32f4xx_rcc.o(.text)
    RCC_AHB3PeriphClockLPModeCmd             0x08001ba1   Thumb Code    18  stm32f4xx_rcc.o(.text)
    RCC_APB1PeriphClockLPModeCmd             0x08001bb3   Thumb Code    18  stm32f4xx_rcc.o(.text)
    RCC_APB2PeriphClockLPModeCmd             0x08001bc5   Thumb Code    18  stm32f4xx_rcc.o(.text)
    RCC_LSEModeConfig                        0x08001bd7   Thumb Code    20  stm32f4xx_rcc.o(.text)
    RCC_ITConfig                             0x08001beb   Thumb Code   170  stm32f4xx_rcc.o(.text)
    RCC_ClearFlag                            0x08001c95   Thumb Code    12  stm32f4xx_rcc.o(.text)
    RCC_GetITStatus                          0x08001ca1   Thumb Code    16  stm32f4xx_rcc.o(.text)
    RCC_ClearITPendingBit                    0x08001cb1   Thumb Code     6  stm32f4xx_rcc.o(.text)
    SYSCFG_DeInit                            0x08001cc5   Thumb Code    24  stm32f4xx_syscfg.o(.text)
    SYSCFG_MemoryRemapConfig                 0x08001cdd   Thumb Code     6  stm32f4xx_syscfg.o(.text)
    SYSCFG_MemorySwappingBank                0x08001ce3   Thumb Code     6  stm32f4xx_syscfg.o(.text)
    SYSCFG_EXTILineConfig                    0x08001ce9   Thumb Code    46  stm32f4xx_syscfg.o(.text)
    SYSCFG_ETH_MediaInterfaceConfig          0x08001d17   Thumb Code     8  stm32f4xx_syscfg.o(.text)
    SYSCFG_CompensationCellCmd               0x08001d1f   Thumb Code     6  stm32f4xx_syscfg.o(.text)
    SYSCFG_GetCompensationCellStatus         0x08001d25   Thumb Code    16  stm32f4xx_syscfg.o(.text)
    USART_DeInit                             0x08001d45   Thumb Code   228  stm32f4xx_usart.o(.text)
    USART_Init                               0x08001e29   Thumb Code   180  stm32f4xx_usart.o(.text)
    USART_StructInit                         0x08001edd   Thumb Code    22  stm32f4xx_usart.o(.text)
    USART_ClockInit                          0x08001ef3   Thumb Code    34  stm32f4xx_usart.o(.text)
    USART_ClockStructInit                    0x08001f15   Thumb Code    12  stm32f4xx_usart.o(.text)
    USART_Cmd                                0x08001f21   Thumb Code    18  stm32f4xx_usart.o(.text)
    USART_SetPrescaler                       0x08001f33   Thumb Code    16  stm32f4xx_usart.o(.text)
    USART_OverSampling8Cmd                   0x08001f43   Thumb Code    18  stm32f4xx_usart.o(.text)
    USART_OneBitMethodCmd                    0x08001f55   Thumb Code    18  stm32f4xx_usart.o(.text)
    USART_SendData                           0x08001f67   Thumb Code     8  stm32f4xx_usart.o(.text)
    USART_ReceiveData                        0x08001f6f   Thumb Code     8  stm32f4xx_usart.o(.text)
    USART_SetAddress                         0x08001f77   Thumb Code    16  stm32f4xx_usart.o(.text)
    USART_ReceiverWakeUpCmd                  0x08001f87   Thumb Code    18  stm32f4xx_usart.o(.text)
    USART_WakeUpConfig                       0x08001f99   Thumb Code    16  stm32f4xx_usart.o(.text)
    USART_LINBreakDetectLengthConfig         0x08001fa9   Thumb Code    16  stm32f4xx_usart.o(.text)
    USART_LINCmd                             0x08001fb9   Thumb Code    18  stm32f4xx_usart.o(.text)
    USART_SendBreak                          0x08001fcb   Thumb Code    10  stm32f4xx_usart.o(.text)
    USART_HalfDuplexCmd                      0x08001fd5   Thumb Code    18  stm32f4xx_usart.o(.text)
    USART_SetGuardTime                       0x08001fe7   Thumb Code    16  stm32f4xx_usart.o(.text)
    USART_SmartCardCmd                       0x08001ff7   Thumb Code    18  stm32f4xx_usart.o(.text)
    USART_SmartCardNACKCmd                   0x08002009   Thumb Code    18  stm32f4xx_usart.o(.text)
    USART_IrDAConfig                         0x0800201b   Thumb Code    16  stm32f4xx_usart.o(.text)
    USART_IrDACmd                            0x0800202b   Thumb Code    18  stm32f4xx_usart.o(.text)
    USART_DMACmd                             0x0800203d   Thumb Code    16  stm32f4xx_usart.o(.text)
    USART_ITConfig                           0x0800204d   Thumb Code    48  stm32f4xx_usart.o(.text)
    USART_GetFlagStatus                      0x0800207d   Thumb Code    14  stm32f4xx_usart.o(.text)
    USART_ClearFlag                          0x0800208b   Thumb Code     6  stm32f4xx_usart.o(.text)
    USART_GetITStatus                        0x08002091   Thumb Code    66  stm32f4xx_usart.o(.text)
    USART_ClearITPendingBit                  0x080020d3   Thumb Code    14  stm32f4xx_usart.o(.text)
    EXTI_DeInit                              0x080020e5   Thumb Code    26  stm32f4xx_exti.o(.text)
    EXTI_Init                                0x080020ff   Thumb Code   136  stm32f4xx_exti.o(.text)
    EXTI_StructInit                          0x08002187   Thumb Code    14  stm32f4xx_exti.o(.text)
    EXTI_GenerateSWInterrupt                 0x08002195   Thumb Code    10  stm32f4xx_exti.o(.text)
    EXTI_GetFlagStatus                       0x0800219f   Thumb Code    16  stm32f4xx_exti.o(.text)
    EXTI_ClearFlag                           0x080021af   Thumb Code     6  stm32f4xx_exti.o(.text)
    EXTI_GetITStatus                         0x080021b5   Thumb Code    16  stm32f4xx_exti.o(.text)
    EXTI_ClearITPendingBit                   0x080021c5   Thumb Code     6  stm32f4xx_exti.o(.text)
    TIM_DeInit                               0x080021e1   Thumb Code   386  stm32f4xx_tim.o(.text)
    TIM_TimeBaseInit                         0x08002363   Thumb Code   118  stm32f4xx_tim.o(.text)
    TIM_TimeBaseStructInit                   0x080023d9   Thumb Code    18  stm32f4xx_tim.o(.text)
    TIM_PrescalerConfig                      0x080023eb   Thumb Code     6  stm32f4xx_tim.o(.text)
    TIM_CounterModeConfig                    0x080023f1   Thumb Code    12  stm32f4xx_tim.o(.text)
    TIM_SetCounter                           0x080023fd   Thumb Code     4  stm32f4xx_tim.o(.text)
    TIM_SetAutoreload                        0x08002401   Thumb Code     4  stm32f4xx_tim.o(.text)
    TIM_GetCounter                           0x08002405   Thumb Code     4  stm32f4xx_tim.o(.text)
    TIM_GetPrescaler                         0x08002409   Thumb Code     4  stm32f4xx_tim.o(.text)
    TIM_UpdateDisableConfig                  0x0800240d   Thumb Code    18  stm32f4xx_tim.o(.text)
    TIM_UpdateRequestConfig                  0x0800241f   Thumb Code    18  stm32f4xx_tim.o(.text)
    TIM_ARRPreloadConfig                     0x08002431   Thumb Code    18  stm32f4xx_tim.o(.text)
    TIM_SelectOnePulseMode                   0x08002443   Thumb Code    16  stm32f4xx_tim.o(.text)
    TIM_SetClockDivision                     0x08002453   Thumb Code    16  stm32f4xx_tim.o(.text)
    TIM_Cmd                                  0x08002463   Thumb Code    18  stm32f4xx_tim.o(.text)
    TIM_OC1Init                              0x08002475   Thumb Code   104  stm32f4xx_tim.o(.text)
    TIM_OC2Init                              0x080024dd   Thumb Code   134  stm32f4xx_tim.o(.text)
    TIM_OC3Init                              0x08002563   Thumb Code   132  stm32f4xx_tim.o(.text)
    TIM_OC4Init                              0x080025e7   Thumb Code   104  stm32f4xx_tim.o(.text)
    TIM_OCStructInit                         0x0800264f   Thumb Code    20  stm32f4xx_tim.o(.text)
    TIM_SelectOCxM                           0x08002663   Thumb Code    92  stm32f4xx_tim.o(.text)
    TIM_SetCompare1                          0x080026bf   Thumb Code     4  stm32f4xx_tim.o(.text)
    TIM_SetCompare2                          0x080026c3   Thumb Code     4  stm32f4xx_tim.o(.text)
    TIM_SetCompare3                          0x080026c7   Thumb Code     4  stm32f4xx_tim.o(.text)
    TIM_SetCompare4                          0x080026cb   Thumb Code     4  stm32f4xx_tim.o(.text)
    TIM_ForcedOC1Config                      0x080026cf   Thumb Code    12  stm32f4xx_tim.o(.text)
    TIM_ForcedOC2Config                      0x080026db   Thumb Code    20  stm32f4xx_tim.o(.text)
    TIM_ForcedOC3Config                      0x080026ef   Thumb Code    12  stm32f4xx_tim.o(.text)
    TIM_ForcedOC4Config                      0x080026fb   Thumb Code    20  stm32f4xx_tim.o(.text)
    TIM_OC1PreloadConfig                     0x0800270f   Thumb Code    12  stm32f4xx_tim.o(.text)
    TIM_OC2PreloadConfig                     0x0800271b   Thumb Code    20  stm32f4xx_tim.o(.text)
    TIM_OC3PreloadConfig                     0x0800272f   Thumb Code    12  stm32f4xx_tim.o(.text)
    TIM_OC4PreloadConfig                     0x0800273b   Thumb Code    30  stm32f4xx_tim.o(.text)
    TIM_OC1FastConfig                        0x08002759   Thumb Code    12  stm32f4xx_tim.o(.text)
    TIM_OC2FastConfig                        0x08002765   Thumb Code    20  stm32f4xx_tim.o(.text)
    TIM_OC3FastConfig                        0x08002779   Thumb Code    12  stm32f4xx_tim.o(.text)
    TIM_OC4FastConfig                        0x08002785   Thumb Code    20  stm32f4xx_tim.o(.text)
    TIM_ClearOC1Ref                          0x08002799   Thumb Code    12  stm32f4xx_tim.o(.text)
    TIM_ClearOC2Ref                          0x080027a5   Thumb Code    20  stm32f4xx_tim.o(.text)
    TIM_ClearOC3Ref                          0x080027b9   Thumb Code    12  stm32f4xx_tim.o(.text)
    TIM_ClearOC4Ref                          0x080027c5   Thumb Code    20  stm32f4xx_tim.o(.text)
    TIM_OC1PolarityConfig                    0x080027d9   Thumb Code    12  stm32f4xx_tim.o(.text)
    TIM_OC1NPolarityConfig                   0x080027e5   Thumb Code    12  stm32f4xx_tim.o(.text)
    TIM_OC2PolarityConfig                    0x080027f1   Thumb Code    20  stm32f4xx_tim.o(.text)
    TIM_OC2NPolarityConfig                   0x08002805   Thumb Code    20  stm32f4xx_tim.o(.text)
    TIM_OC3PolarityConfig                    0x08002819   Thumb Code    20  stm32f4xx_tim.o(.text)
    TIM_OC3NPolarityConfig                   0x0800282d   Thumb Code    20  stm32f4xx_tim.o(.text)
    TIM_OC4PolarityConfig                    0x08002841   Thumb Code    20  stm32f4xx_tim.o(.text)
    TIM_CCxCmd                               0x08002855   Thumb Code    26  stm32f4xx_tim.o(.text)
    TIM_CCxNCmd                              0x0800286f   Thumb Code    26  stm32f4xx_tim.o(.text)
    TIM_SetIC4Prescaler                      0x08002889   Thumb Code    24  stm32f4xx_tim.o(.text)
    TIM_SetIC3Prescaler                      0x080028a1   Thumb Code    16  stm32f4xx_tim.o(.text)
    TIM_SetIC2Prescaler                      0x080028b1   Thumb Code    24  stm32f4xx_tim.o(.text)
    TIM_SetIC1Prescaler                      0x080028c9   Thumb Code    16  stm32f4xx_tim.o(.text)
    TIM_ICInit                               0x080028d9   Thumb Code   250  stm32f4xx_tim.o(.text)
    TIM_ICStructInit                         0x080029d3   Thumb Code    16  stm32f4xx_tim.o(.text)
    TIM_PWMIConfig                           0x080029e3   Thumb Code   216  stm32f4xx_tim.o(.text)
    TIM_GetCapture1                          0x08002abb   Thumb Code     4  stm32f4xx_tim.o(.text)
    TIM_GetCapture2                          0x08002abf   Thumb Code     4  stm32f4xx_tim.o(.text)
    TIM_GetCapture3                          0x08002ac3   Thumb Code     4  stm32f4xx_tim.o(.text)
    TIM_GetCapture4                          0x08002ac7   Thumb Code     4  stm32f4xx_tim.o(.text)
    TIM_BDTRConfig                           0x08002acb   Thumb Code    36  stm32f4xx_tim.o(.text)
    TIM_BDTRStructInit                       0x08002aef   Thumb Code    18  stm32f4xx_tim.o(.text)
    TIM_CtrlPWMOutputs                       0x08002b01   Thumb Code    22  stm32f4xx_tim.o(.text)
    TIM_SelectCOM                            0x08002b17   Thumb Code    18  stm32f4xx_tim.o(.text)
    TIM_CCPreloadControl                     0x08002b29   Thumb Code    18  stm32f4xx_tim.o(.text)
    TIM_ITConfig                             0x08002b3b   Thumb Code    16  stm32f4xx_tim.o(.text)
    TIM_GenerateEvent                        0x08002b4b   Thumb Code     4  stm32f4xx_tim.o(.text)
    TIM_GetFlagStatus                        0x08002b4f   Thumb Code    14  stm32f4xx_tim.o(.text)
    TIM_ClearFlag                            0x08002b5d   Thumb Code     6  stm32f4xx_tim.o(.text)
    TIM_GetITStatus                          0x08002b63   Thumb Code    22  stm32f4xx_tim.o(.text)
    TIM_ClearITPendingBit                    0x08002b79   Thumb Code     6  stm32f4xx_tim.o(.text)
    TIM_DMAConfig                            0x08002b7f   Thumb Code     8  stm32f4xx_tim.o(.text)
    TIM_DMACmd                               0x08002b87   Thumb Code    16  stm32f4xx_tim.o(.text)
    TIM_SelectCCDMA                          0x08002b97   Thumb Code    18  stm32f4xx_tim.o(.text)
    TIM_InternalClockConfig                  0x08002ba9   Thumb Code    10  stm32f4xx_tim.o(.text)
    TIM_SelectInputTrigger                   0x08002bb3   Thumb Code    12  stm32f4xx_tim.o(.text)
    TIM_ITRxExternalClockConfig              0x08002bbf   Thumb Code    20  stm32f4xx_tim.o(.text)
    TIM_TIxExternalClockConfig               0x08002bd3   Thumb Code    88  stm32f4xx_tim.o(.text)
    TIM_ETRConfig                            0x08002c2b   Thumb Code    32  stm32f4xx_tim.o(.text)
    TIM_ETRClockMode1Config                  0x08002c4b   Thumb Code    40  stm32f4xx_tim.o(.text)
    TIM_ETRClockMode2Config                  0x08002c73   Thumb Code    40  stm32f4xx_tim.o(.text)
    TIM_SelectOutputTrigger                  0x08002c9b   Thumb Code    16  stm32f4xx_tim.o(.text)
    TIM_SelectSlaveMode                      0x08002cab   Thumb Code    16  stm32f4xx_tim.o(.text)
    TIM_SelectMasterSlaveMode                0x08002cbb   Thumb Code    16  stm32f4xx_tim.o(.text)
    TIM_EncoderInterfaceConfig               0x08002ccb   Thumb Code    60  stm32f4xx_tim.o(.text)
    TIM_SelectHallSensor                     0x08002d07   Thumb Code    18  stm32f4xx_tim.o(.text)
    TIM_RemapConfig                          0x08002d19   Thumb Code     6  stm32f4xx_tim.o(.text)
    lc_tmo_config                            0x08002dd1   Thumb Code    70  cl1_1.o(.text)
    MVBCInit                                 0x08002e17   Thumb Code   424  cl1_1.o(.text)
    MVBCGetSCRIL                             0x08002fbf   Thumb Code    42  cl1_1.o(.text)
    MVBCStart                                0x08002fe9   Thumb Code   100  cl1_1.o(.text)
    MVBCStop                                 0x0800304d   Thumb Code    56  cl1_1.o(.text)
    MVBCGetPort                              0x08003085   Thumb Code   364  cl1_1.o(.text)
    MVBCPutPort                              0x080031f1   Thumb Code   346  cl1_1.o(.text)
    MVBCSetDSW                               0x0800334b   Thumb Code    22  cl1_1.o(.text)
    MVBCIdle                                 0x08003361   Thumb Code    20  cl1_1.o(.text)
    MVBCGetDeviceAddress                     0x08003375   Thumb Code    44  cl1_1.o(.text)
    MVBCRetriggerWd                          0x080033a1   Thumb Code    92  cl1_1.o(.text)
    MVBCGetServiceAreaAddr                   0x080033fd   Thumb Code    30  cl1_1.o(.text)
    MVBCGetTSStartAddr                       0x0800341b   Thumb Code    28  cl1_1.o(.text)
    MVB_Service                              0x08003ca9   Thumb Code   310  demo11.o(.text)
    MVB_Parameter_Init                       0x08003ddf   Thumb Code    86  demo11.o(.text)
    test_main                                0x08003e35   Thumb Code   472  demo11.o(.text)
    writeWordToTS                            0x08004225   Thumb Code    12  host_dep.o(.text)
    readWordFromTS                           0x08004231   Thumb Code     4  host_dep.o(.text)
    writeWordToMVBC                          0x08004235   Thumb Code    12  host_dep.o(.text)
    readWordFromMVBC                         0x08004241   Thumb Code     4  host_dep.o(.text)
    MVB_INT_ENABLE                           0x08004245   Thumb Code     2  host_dep.o(.text)
    MVB_INT_DISABLE                          0x08004247   Thumb Code     2  host_dep.o(.text)
    Wait2MS                                  0x08004249   Thumb Code     2  host_dep.o(.text)
    Wait100US                                0x0800424b   Thumb Code     2  host_dep.o(.text)
    __use_no_semihosting                     0x0800424d   Thumb Code     2  use_no_semi_2.o(.text)
    __2printf                                0x08004251   Thumb Code    20  noretval__2printf.o(.text)
    __2sprintf                               0x08004269   Thumb Code    34  noretval__2sprintf.o(.text)
    _printf_pre_padding                      0x08004291   Thumb Code    44  _printf_pad.o(.text)
    _printf_post_padding                     0x080042bd   Thumb Code    34  _printf_pad.o(.text)
    _printf_str                              0x080042df   Thumb Code    82  _printf_str.o(.text)
    _printf_int_dec                          0x08004331   Thumb Code   104  _printf_dec.o(.text)
    _printf_int_hex                          0x080043a9   Thumb Code    84  _printf_hex_int.o(.text)
    _printf_longlong_hex                     0x080043a9   Thumb Code     0  _printf_hex_int.o(.text)
    __printf                                 0x08004401   Thumb Code   308  __printf_flags_wp.o(.text)
    __aeabi_memcpy                           0x08004539   Thumb Code     0  rt_memcpy_v6.o(.text)
    __rt_memcpy                              0x08004539   Thumb Code   138  rt_memcpy_v6.o(.text)
    _memcpy_lastbytes                        0x0800459f   Thumb Code     0  rt_memcpy_v6.o(.text)
    __aeabi_memclr                           0x080045c3   Thumb Code     0  rt_memclr.o(.text)
    __rt_memclr                              0x080045c3   Thumb Code    68  rt_memclr.o(.text)
    _memset                                  0x080045c7   Thumb Code     0  rt_memclr.o(.text)
    __use_two_region_memory                  0x08004607   Thumb Code     2  heapauxi.o(.text)
    __rt_heap_escrow$2region                 0x08004609   Thumb Code     2  heapauxi.o(.text)
    __rt_heap_expand$2region                 0x0800460b   Thumb Code     2  heapauxi.o(.text)
    __I$use$semihosting                      0x0800460d   Thumb Code     0  use_no_semi.o(.text)
    __use_no_semihosting_swi                 0x0800460d   Thumb Code     2  use_no_semi.o(.text)
    _printf_int_common                       0x0800460f   Thumb Code   178  _printf_intcommon.o(.text)
    _printf_char_common                      0x080046cb   Thumb Code    32  _printf_char_common.o(.text)
    _sputc                                   0x080046f1   Thumb Code    10  _sputc.o(.text)
    _printf_cs_common                        0x080046fb   Thumb Code    20  _printf_char.o(.text)
    _printf_char                             0x0800470f   Thumb Code    16  _printf_char.o(.text)
    _printf_string                           0x0800471f   Thumb Code     8  _printf_char.o(.text)
    _printf_char_file                        0x08004729   Thumb Code    32  _printf_char_file.o(.text)
    __aeabi_memcpy4                          0x0800474d   Thumb Code     0  rt_memcpy_w.o(.text)
    __aeabi_memcpy8                          0x0800474d   Thumb Code     0  rt_memcpy_w.o(.text)
    __rt_memcpy_w                            0x0800474d   Thumb Code   100  rt_memcpy_w.o(.text)
    _memcpy_lastbytes_aligned                0x08004795   Thumb Code     0  rt_memcpy_w.o(.text)
    __aeabi_memclr4                          0x080047b1   Thumb Code     0  rt_memclr_w.o(.text)
    __aeabi_memclr8                          0x080047b1   Thumb Code     0  rt_memclr_w.o(.text)
    __rt_memclr_w                            0x080047b1   Thumb Code    78  rt_memclr_w.o(.text)
    _memset_w                                0x080047b5   Thumb Code     0  rt_memclr_w.o(.text)
    ferror                                   0x080047ff   Thumb Code     8  ferror.o(.text)
    __user_setup_stackheap                   0x08004807   Thumb Code    74  sys_stackheap_outer.o(.text)
    exit                                     0x08004851   Thumb Code    12  exit.o(.text)
    __user_libspace                          0x0800485d   Thumb Code     8  libspace.o(.text)
    __user_perproc_libspace                  0x0800485d   Thumb Code     0  libspace.o(.text)
    __user_perthread_libspace                0x0800485d   Thumb Code     0  libspace.o(.text)
    _is_digit                                0x08004865   Thumb Code    14  __printf_wp.o(i._is_digit)
    _fp_init                                 0x08004873   Thumb Code    10  fpinit.o(x$fpl$fpinit)
    __fplib_config_fpu_vfp                   0x0800487b   Thumb Code     0  fpinit.o(x$fpl$fpinit)
    __fplib_config_pureend_doubles           0x0800487b   Thumb Code     0  fpinit.o(x$fpl$fpinit)
    auchCRCHi                                0x0800487c   Data         256  modbus.o(.constdata)
    auchCRCLo                                0x0800497c   Data         256  modbus.o(.constdata)
    Region$$Table$$Base                      0x08004b28   Number         0  anon$$obj.o(Region$$Table)
    Region$$Table$$Limit                     0x08004b48   Number         0  anon$$obj.o(Region$$Table)
    recode_time1                             0x20000000   Data           4  main.o(.data)
    recode_time2                             0x20000004   Data           4  main.o(.data)
    recode_time3                             0x20000008   Data           4  main.o(.data)
    SystemCoreClock                          0x2000000c   Data           4  system_stm32f4xx.o(.data)
    AHBPrescTable                            0x20000010   Data          16  system_stm32f4xx.o(.data)
    RS485_RX_CNT                             0x20000020   Data           2  rs485.o(.data)
    Localbus_ARM_WAIT                        0x20000024   Data           1  localbus.o(.data)
    m_mode                                   0x20000025   Data           1  localbus.o(.data)
    count_inter                              0x20000026   Data           2  localbus.o(.data)
    Localbus_ADDR_GPIO_type                  0x20000028   Data          48  localbus.o(.data)
    Localbus_ADDR_GPIO_pins                  0x20000058   Data          24  localbus.o(.data)
    Localbus_ADDR_mask                       0x20000070   Data          48  localbus.o(.data)
    Localbus_WR_GPIO_type                    0x200000a0   Data          64  localbus.o(.data)
    Localbus_WR_GPIO_pins                    0x200000e0   Data          32  localbus.o(.data)
    Localbus_WR_mask                         0x20000100   Data          32  localbus.o(.data)
    uwTick1                                  0x20000120   Data           4  timer.o(.data)
    uwTick2                                  0x20000124   Data           4  timer.o(.data)
    RS485_Addr                               0x20000128   Data           1  modbus.o(.data)
    RS485_FrameFlag                          0x20000129   Data           1  modbus.o(.data)
    MVB_START_FLAG                           0x2000012a   Data           1  modbus.o(.data)
    data_count                               0x2000012b   Data           1  modbus.o(.data)
    heart_beat                               0x2000012c   Data           2  modbus.o(.data)
    startRegAddr                             0x2000012e   Data           2  modbus.o(.data)
    Multi_regNum                             0x20000130   Data           2  modbus.o(.data)
    calCRC                                   0x20000132   Data           2  modbus.o(.data)
    port_size                                0x20000134   Data           5  modbus.o(.data)
    USART_RX_STA                             0x2000013e   Data           2  usart.o(.data)
    __stdout                                 0x20000140   Data           4  usart.o(.data)
    test_src                                 0x20000154   Data           2  cl1_1.o(.data)
    temp_num                                 0x20000156   Data           2  cl1_1.o(.data)
    MVB_Initial_Regs_Read                    0x20000158   Data           1  demo11.o(.data)
    retWert                                  0x20000159   Data           1  demo11.o(.data)
    retWert100                               0x2000015a   Data           1  demo11.o(.data)
    retWert101                               0x2000015b   Data           1  demo11.o(.data)
    retWert208                               0x2000015c   Data           1  demo11.o(.data)
    retWert209                               0x2000015d   Data           1  demo11.o(.data)
    RS485_RX_BUFF                            0x20000160   Data        2048  rs485.o(.bss)
    RS485_TX_BUFF                            0x20000960   Data        2048  rs485.o(.bss)
    data_t                                   0x20001160   Data          64  localbus.o(.bss)
    USART_RX_BUF                             0x200011a0   Data         200  usart.o(.bss)
    reg_num                                  0x20001290   Data          32  demo11.o(.bss)
    outStr0                                  0x200012b0   Data          80  demo11.o(.bss)
    outStr1                                  0x20001300   Data          80  demo11.o(.bss)
    outStr2                                  0x20001350   Data          80  demo11.o(.bss)
    p100buf                                  0x200013a0   Data          34  demo11.o(.bss)
    p101buf                                  0x200013c2   Data          34  demo11.o(.bss)
    p208buf                                  0x200013e4   Data          34  demo11.o(.bss)
    p209buf                                  0x20001406   Data          34  demo11.o(.bss)
    pc104_data_buff                          0x20001428   Data        1088  demo11.o(.bss)
    pc104_data_old                           0x20001868   Data        1088  demo11.o(.bss)
    temp_buff                                0x20001ca8   Data          34  demo11.o(.bss)
    mvb_ts_cfg                               0x20001cca   Data         256  demo11.o(.bss)
    mvb                                      0x20001dcc   Data          48  demo11.o(.bss)
    __libspace_start                         0x20001dfc   Data          96  libspace.o(.bss)
    __temporary_stack_top$libspace           0x20001e5c   Data           0  libspace.o(.bss)



==============================================================================

Memory Map of the image

  Image Entry point : 0x08000189

  Load Region LR_IROM1 (Base: 0x08000000, Size: 0x00004ca8, Max: 0x00080000, ABSOLUTE, COMPRESSED[0x00004bac])

    Execution Region ER_IROM1 (Base: 0x08000000, Size: 0x00004b48, Max: 0x00080000, ABSOLUTE)

    Base Addr    Size         Type   Attr      Idx    E Section Name        Object

    0x08000000   0x00000188   Data   RO          485    RESET               startup_stm32f40_41xxx.o
    0x08000188   0x00000008   Code   RO          799  * !!!main             c_w.l(__main.o)
    0x08000190   0x00000034   Code   RO          976    !!!scatter          c_w.l(__scatter.o)
    0x080001c4   0x0000005a   Code   RO          974    !!dczerorl2         c_w.l(__dczerorl2.o)
    0x0800021e   0x00000002   PAD
    0x08000220   0x0000001c   Code   RO          978    !!handler_zi        c_w.l(__scatter_zi.o)
    0x0800023c   0x00000000   Code   RO          792    .ARM.Collect$$_printf_percent$$00000000  c_w.l(_printf_percent.o)
    0x0800023c   0x00000006   Code   RO          791    .ARM.Collect$$_printf_percent$$00000009  c_w.l(_printf_d.o)
    0x08000242   0x00000006   Code   RO          790    .ARM.Collect$$_printf_percent$$0000000C  c_w.l(_printf_x.o)
    0x08000248   0x00000006   Code   RO          789    .ARM.Collect$$_printf_percent$$00000014  c_w.l(_printf_s.o)
    0x0800024e   0x00000004   Code   RO          814    .ARM.Collect$$_printf_percent$$00000017  c_w.l(_printf_percent_end.o)
    0x08000252   0x00000002   Code   RO          849    .ARM.Collect$$libinit$$00000000  c_w.l(libinit.o)
    0x08000254   0x00000004   Code   RO          855    .ARM.Collect$$libinit$$00000001  c_w.l(libinit2.o)
    0x08000258   0x00000000   Code   RO          858    .ARM.Collect$$libinit$$00000004  c_w.l(libinit2.o)
    0x08000258   0x00000000   Code   RO          861    .ARM.Collect$$libinit$$0000000A  c_w.l(libinit2.o)
    0x08000258   0x00000000   Code   RO          863    .ARM.Collect$$libinit$$0000000C  c_w.l(libinit2.o)
    0x08000258   0x00000000   Code   RO          865    .ARM.Collect$$libinit$$0000000E  c_w.l(libinit2.o)
    0x08000258   0x00000000   Code   RO          868    .ARM.Collect$$libinit$$00000011  c_w.l(libinit2.o)
    0x08000258   0x00000000   Code   RO          870    .ARM.Collect$$libinit$$00000013  c_w.l(libinit2.o)
    0x08000258   0x00000000   Code   RO          872    .ARM.Collect$$libinit$$00000015  c_w.l(libinit2.o)
    0x08000258   0x00000000   Code   RO          874    .ARM.Collect$$libinit$$00000017  c_w.l(libinit2.o)
    0x08000258   0x00000000   Code   RO          876    .ARM.Collect$$libinit$$00000019  c_w.l(libinit2.o)
    0x08000258   0x00000000   Code   RO          878    .ARM.Collect$$libinit$$0000001B  c_w.l(libinit2.o)
    0x08000258   0x00000000   Code   RO          880    .ARM.Collect$$libinit$$0000001D  c_w.l(libinit2.o)
    0x08000258   0x00000000   Code   RO          882    .ARM.Collect$$libinit$$0000001F  c_w.l(libinit2.o)
    0x08000258   0x00000000   Code   RO          884    .ARM.Collect$$libinit$$00000021  c_w.l(libinit2.o)
    0x08000258   0x00000000   Code   RO          886    .ARM.Collect$$libinit$$00000023  c_w.l(libinit2.o)
    0x08000258   0x00000000   Code   RO          888    .ARM.Collect$$libinit$$00000025  c_w.l(libinit2.o)
    0x08000258   0x00000000   Code   RO          892    .ARM.Collect$$libinit$$0000002C  c_w.l(libinit2.o)
    0x08000258   0x00000000   Code   RO          894    .ARM.Collect$$libinit$$0000002E  c_w.l(libinit2.o)
    0x08000258   0x00000000   Code   RO          896    .ARM.Collect$$libinit$$00000030  c_w.l(libinit2.o)
    0x08000258   0x00000000   Code   RO          898    .ARM.Collect$$libinit$$00000032  c_w.l(libinit2.o)
    0x08000258   0x00000002   Code   RO          899    .ARM.Collect$$libinit$$00000033  c_w.l(libinit2.o)
    0x0800025a   0x00000002   Code   RO          917    .ARM.Collect$$libshutdown$$00000000  c_w.l(libshutdown.o)
    0x0800025c   0x00000000   Code   RO          928    .ARM.Collect$$libshutdown$$00000003  c_w.l(libshutdown2.o)
    0x0800025c   0x00000000   Code   RO          931    .ARM.Collect$$libshutdown$$00000006  c_w.l(libshutdown2.o)
    0x0800025c   0x00000000   Code   RO          934    .ARM.Collect$$libshutdown$$00000009  c_w.l(libshutdown2.o)
    0x0800025c   0x00000000   Code   RO          936    .ARM.Collect$$libshutdown$$0000000B  c_w.l(libshutdown2.o)
    0x0800025c   0x00000000   Code   RO          939    .ARM.Collect$$libshutdown$$0000000E  c_w.l(libshutdown2.o)
    0x0800025c   0x00000002   Code   RO          940    .ARM.Collect$$libshutdown$$0000000F  c_w.l(libshutdown2.o)
    0x0800025e   0x00000000   Code   RO          803    .ARM.Collect$$rtentry$$00000000  c_w.l(__rtentry.o)
    0x0800025e   0x00000000   Code   RO          820    .ARM.Collect$$rtentry$$00000002  c_w.l(__rtentry2.o)
    0x0800025e   0x00000006   Code   RO          832    .ARM.Collect$$rtentry$$00000004  c_w.l(__rtentry4.o)
    0x08000264   0x00000000   Code   RO          822    .ARM.Collect$$rtentry$$00000009  c_w.l(__rtentry2.o)
    0x08000264   0x00000004   Code   RO          823    .ARM.Collect$$rtentry$$0000000A  c_w.l(__rtentry2.o)
    0x08000268   0x00000000   Code   RO          825    .ARM.Collect$$rtentry$$0000000C  c_w.l(__rtentry2.o)
    0x08000268   0x00000008   Code   RO          826    .ARM.Collect$$rtentry$$0000000D  c_w.l(__rtentry2.o)
    0x08000270   0x00000002   Code   RO          853    .ARM.Collect$$rtexit$$00000000  c_w.l(rtexit.o)
    0x08000272   0x00000000   Code   RO          901    .ARM.Collect$$rtexit$$00000002  c_w.l(rtexit2.o)
    0x08000272   0x00000004   Code   RO          902    .ARM.Collect$$rtexit$$00000003  c_w.l(rtexit2.o)
    0x08000276   0x00000006   Code   RO          903    .ARM.Collect$$rtexit$$00000004  c_w.l(rtexit2.o)
    0x0800027c   0x000000bc   Code   RO            3    .text               main.o
    0x08000338   0x00000012   Code   RO          204    .text               stm32f4xx_it.o
    0x0800034a   0x00000002   PAD
    0x0800034c   0x00000194   Code   RO          250    .text               system_stm32f4xx.o
    0x080004e0   0x00000190   Code   RO          296    .text               rs485.o
    0x08000670   0x00000578   Code   RO          328    .text               localbus.o
    0x08000be8   0x00000120   Code   RO          358    .text               timer.o
    0x08000d08   0x0000058c   Code   RO          387    .text               modbus.o
    0x08001294   0x000000f0   Code   RO          415    .text               delay.o
    0x08001384   0x00000134   Code   RO          456    .text               usart.o
    0x080014b8   0x00000040   Code   RO          486    .text               startup_stm32f40_41xxx.o
    0x080014f8   0x000000c0   Code   RO          492    .text               misc.o
    0x080015b8   0x00000256   Code   RO          512    .text               stm32f4xx_gpio.o
    0x0800180e   0x00000002   PAD
    0x08001810   0x000004b4   Code   RO          555    .text               stm32f4xx_rcc.o
    0x08001cc4   0x00000080   Code   RO          578    .text               stm32f4xx_syscfg.o
    0x08001d44   0x000003a0   Code   RO          598    .text               stm32f4xx_usart.o
    0x080020e4   0x000000fc   Code   RO          618    .text               stm32f4xx_exti.o
    0x080021e0   0x00000b7c   Code   RO          638    .text               stm32f4xx_tim.o
    0x08002d5c   0x00000f4c   Code   RO          657    .text               cl1_1.o
    0x08003ca8   0x0000057c   Code   RO          677    .text               demo11.o
    0x08004224   0x00000028   Code   RO          707    .text               host_dep.o
    0x0800424c   0x00000002   Code   RO          730    .text               c_w.l(use_no_semi_2.o)
    0x0800424e   0x00000002   PAD
    0x08004250   0x00000018   Code   RO          736    .text               c_w.l(noretval__2printf.o)
    0x08004268   0x00000028   Code   RO          738    .text               c_w.l(noretval__2sprintf.o)
    0x08004290   0x0000004e   Code   RO          742    .text               c_w.l(_printf_pad.o)
    0x080042de   0x00000052   Code   RO          744    .text               c_w.l(_printf_str.o)
    0x08004330   0x00000078   Code   RO          746    .text               c_w.l(_printf_dec.o)
    0x080043a8   0x00000058   Code   RO          751    .text               c_w.l(_printf_hex_int.o)
    0x08004400   0x00000138   Code   RO          781    .text               c_w.l(__printf_flags_wp.o)
    0x08004538   0x0000008a   Code   RO          793    .text               c_w.l(rt_memcpy_v6.o)
    0x080045c2   0x00000044   Code   RO          795    .text               c_w.l(rt_memclr.o)
    0x08004606   0x00000006   Code   RO          797    .text               c_w.l(heapauxi.o)
    0x0800460c   0x00000002   Code   RO          801    .text               c_w.l(use_no_semi.o)
    0x0800460e   0x000000b2   Code   RO          804    .text               c_w.l(_printf_intcommon.o)
    0x080046c0   0x00000030   Code   RO          806    .text               c_w.l(_printf_char_common.o)
    0x080046f0   0x0000000a   Code   RO          808    .text               c_w.l(_sputc.o)
    0x080046fa   0x0000002c   Code   RO          810    .text               c_w.l(_printf_char.o)
    0x08004726   0x00000002   PAD
    0x08004728   0x00000024   Code   RO          812    .text               c_w.l(_printf_char_file.o)
    0x0800474c   0x00000064   Code   RO          815    .text               c_w.l(rt_memcpy_w.o)
    0x080047b0   0x0000004e   Code   RO          817    .text               c_w.l(rt_memclr_w.o)
    0x080047fe   0x00000008   Code   RO          836    .text               c_w.l(ferror.o)
    0x08004806   0x0000004a   Code   RO          840    .text               c_w.l(sys_stackheap_outer.o)
    0x08004850   0x0000000c   Code   RO          842    .text               c_w.l(exit.o)
    0x0800485c   0x00000008   Code   RO          850    .text               c_w.l(libspace.o)
    0x08004864   0x0000000e   Code   RO          779    i._is_digit         c_w.l(__printf_wp.o)
    0x08004872   0x0000000a   Code   RO          909    x$fpl$fpinit        fz_wm.l(fpinit.o)
    0x0800487c   0x00000200   Data   RO          388    .constdata          modbus.o
    0x08004a7c   0x00000072   Data   RO          659    .constdata          cl1_1.o
    0x08004aee   0x00000028   Data   RO          752    .constdata          c_w.l(_printf_hex_int.o)
    0x08004b16   0x00000011   Data   RO          782    .constdata          c_w.l(__printf_flags_wp.o)
    0x08004b27   0x00000001   PAD
    0x08004b28   0x00000020   Data   RO          972    Region$$Table       anon$$obj.o


    Execution Region RW_IRAM1 (Base: 0x20000000, Size: 0x00002460, Max: 0x00020000, ABSOLUTE, COMPRESSED[0x00000064])

    Base Addr    Size         Type   Attr      Idx    E Section Name        Object

    0x20000000   0x0000000c   Data   RW           12    .data               main.o
    0x2000000c   0x00000014   Data   RW          251    .data               system_stm32f4xx.o
    0x20000020   0x00000002   Data   RW          300    .data               rs485.o
    0x20000022   0x00000002   PAD
    0x20000024   0x000000fc   Data   RW          332    .data               localbus.o
    0x20000120   0x00000008   Data   RW          359    .data               timer.o
    0x20000128   0x00000011   Data   RW          389    .data               modbus.o
    0x20000139   0x00000001   PAD
    0x2000013a   0x00000004   Data   RW          416    .data               delay.o
    0x2000013e   0x00000002   Data   RW          458    .data               usart.o
    0x20000140   0x00000004   Data   RW          459    .data               usart.o
    0x20000144   0x00000010   Data   RW          556    .data               stm32f4xx_rcc.o
    0x20000154   0x00000004   Data   RW          660    .data               cl1_1.o
    0x20000158   0x00000006   Data   RW          679    .data               demo11.o
    0x2000015e   0x00000002   PAD
    0x20000160   0x00000800   Zero   RW          297    .bss                rs485.o
    0x20000960   0x00000800   Zero   RW          298    .bss                rs485.o
    0x20001160   0x00000040   Zero   RW          329    .bss                localbus.o
    0x200011a0   0x000000c8   Zero   RW          457    .bss                usart.o
    0x20001268   0x00000028   Zero   RW          658    .bss                cl1_1.o
    0x20001290   0x00000b6c   Zero   RW          678    .bss                demo11.o
    0x20001dfc   0x00000060   Zero   RW          851    .bss                c_w.l(libspace.o)
    0x20001e5c   0x00000004   PAD
    0x20001e60   0x00000200   Zero   RW          484    HEAP                startup_stm32f40_41xxx.o
    0x20002060   0x00000400   Zero   RW          483    STACK               startup_stm32f40_41xxx.o


==============================================================================

Image component sizes


      Code (inc. data)   RO Data    RW Data    ZI Data      Debug   Object Name

      3916        408        114          4         40      15510   cl1_1.o
       240          4          0          4          0       1859   delay.o
      1404        536          0          6       2924       3227   demo11.o
        40          0          0          0          0       1449   host_dep.o
      1400         70          0        252         64       5342   localbus.o
       188         18          0         12          0     300476   main.o
       192         12          0          0          0       1797   misc.o
      1420         68        512         17          0       5857   modbus.o
       400         26          0          2       4096       1988   rs485.o
        64         26        392          0       1536        840   startup_stm32f40_41xxx.o
       252         22          0          0          0       2123   stm32f4xx_exti.o
       598          0          0          0          0       3933   stm32f4xx_gpio.o
        18          0          0          0          0       1210   stm32f4xx_it.o
      1204        166          0         16          0      11534   stm32f4xx_rcc.o
       128         16          0          0          0       1701   stm32f4xx_syscfg.o
      2940         10          0          0          0      19426   stm32f4xx_tim.o
       928          4          0          0          0       6780   stm32f4xx_usart.o
       404         56          0         20          0       1711   system_stm32f4xx.o
       288         12          0          8          0       1800   timer.o
       308         22          0          6        200       3266   usart.o

    ----------------------------------------------------------------------
     16336       1476       1050        352       8860     391829   Object Totals
         0          0         32          0          0          0   (incl. Generated)
         4          0          0          5          0          0   (incl. Padding)

    ----------------------------------------------------------------------

      Code (inc. data)   RO Data    RW Data    ZI Data      Debug   Library Member Name

        90          0          0          0          0          0   __dczerorl2.o
         8          0          0          0          0         68   __main.o
       312          4         17          0          0         92   __printf_flags_wp.o
        14          0          0          0          0         68   __printf_wp.o
         0          0          0          0          0          0   __rtentry.o
        12          0          0          0          0          0   __rtentry2.o
         6          0          0          0          0          0   __rtentry4.o
        52          8          0          0          0          0   __scatter.o
        28          0          0          0          0          0   __scatter_zi.o
        44          0          0          0          0        108   _printf_char.o
        48          6          0          0          0         96   _printf_char_common.o
        36          4          0          0          0         80   _printf_char_file.o
         6          0          0          0          0          0   _printf_d.o
       120         16          0          0          0         92   _printf_dec.o
        88          4         40          0          0         88   _printf_hex_int.o
       178          0          0          0          0         88   _printf_intcommon.o
        78          0          0          0          0        108   _printf_pad.o
         0          0          0          0          0          0   _printf_percent.o
         4          0          0          0          0          0   _printf_percent_end.o
         6          0          0          0          0          0   _printf_s.o
        82          0          0          0          0         80   _printf_str.o
         6          0          0          0          0          0   _printf_x.o
        10          0          0          0          0         68   _sputc.o
        12          0          0          0          0         72   exit.o
         8          0          0          0          0         68   ferror.o
         6          0          0          0          0        152   heapauxi.o
         2          0          0          0          0          0   libinit.o
         6          0          0          0          0          0   libinit2.o
         2          0          0          0          0          0   libshutdown.o
         2          0          0          0          0          0   libshutdown2.o
         8          4          0          0         96         68   libspace.o
        24          4          0          0          0         84   noretval__2printf.o
        40          6          0          0          0         84   noretval__2sprintf.o
        68          0          0          0          0         68   rt_memclr.o
        78          0          0          0          0         80   rt_memclr_w.o
       138          0          0          0          0         68   rt_memcpy_v6.o
       100          0          0          0          0         80   rt_memcpy_w.o
         2          0          0          0          0          0   rtexit.o
        10          0          0          0          0          0   rtexit2.o
        74          0          0          0          0         80   sys_stackheap_outer.o
         2          0          0          0          0         68   use_no_semi.o
         2          0          0          0          0         68   use_no_semi_2.o
        10          0          0          0          0        116   fpinit.o

    ----------------------------------------------------------------------
      1828         56         58          0        100       2192   Library Totals
         6          0          1          0          4          0   (incl. Padding)

    ----------------------------------------------------------------------

      Code (inc. data)   RO Data    RW Data    ZI Data      Debug   Library Name

      1812         56         57          0         96       2076   c_w.l
        10          0          0          0          0        116   fz_wm.l

    ----------------------------------------------------------------------
      1828         56         58          0        100       2192   Library Totals

    ----------------------------------------------------------------------

==============================================================================


      Code (inc. data)   RO Data    RW Data    ZI Data      Debug   

     18164       1532       1108        352       8960     388229   Grand Totals
     18164       1532       1108        100       8960     388229   ELF Image Totals (compressed)
     18164       1532       1108        100          0          0   ROM Totals

==============================================================================

    Total RO  Size (Code + RO Data)                19272 (  18.82kB)
    Total RW  Size (RW Data + ZI Data)              9312 (   9.09kB)
    Total ROM Size (Code + RO Data + RW Data)      19372 (  18.92kB)

==============================================================================

